[{"creator":"debian rsyslogd","lv":"5","datetime":"1970-01-01 08:00:00","type":"sys","content":"[origin software=\"rsyslogd\" swVersion=\"8.4.2\" x-pid=\"492\" x-info=\"http:\/\/www.rsyslog.com\"] rsyslogd was HUPed","count":1},{"creator":"debian rsyslogd0","lv":"5","datetime":"1970-01-01 08:00:00","type":"sys","content":"action 'action 17' resumed (module 'builtin:ompipe') [try http:\/\/www.rsyslog.com\/e\/0 ]","count":2},{"creator":"debian rsyslogd-2359","lv":"5","datetime":"1970-01-01 08:00:00","type":"sys","content":"action 'action 17' resumed (module 'builtin:ompipe') [try http:\/\/www.rsyslog.com\/e\/2359 ]","count":3},{"creator":"debian kernel","lv":"5","datetime":"1970-01-01 08:00:00","type":"sys","content":"NET: Registered protocol family 40","count":4},{"creator":"CommAmqpListener[10241]","lv":"5","datetime":"2017-05-10 11:04:01","type":"sys","content":"Initializing CommAmqpListener","count":5},{"creator":"ManagementAgentHost[10268]","lv":"5","datetime":"2017-05-10 11:04:01","type":"sys","content":"Initializing ManagementAgentHost","count":6},{"creator":"rsyslogd","lv":"5","datetime":"2017-05-10 11:04:55","type":"sys","content":"[origin software=\"rsyslogd\" swVersion=\"8.4.2\" x-pid=\"492\" x-info=\"http:\/\/www.rsyslog.com\"] exiting on signal 15.","count":7},{"creator":"rsyslogd","lv":"5","datetime":"2017-05-10 11:07:47","type":"sys","content":"[origin software=\"rsyslogd\" swVersion=\"8.4.2\" x-pid=\"795\" x-info=\"http:\/\/www.rsyslog.com\"] start","count":8},{"creator":"kernel","lv":"0","datetime":"2017-05-10 11:07:47","type":"sys","content":"Initializing cgroup subsys cpuset","count":1411},{"creator":"kernel","lv":"0","datetime":"2017-05-10 11:07:47","type":"sys","content":"Initializing cgroup subsys cpu","count":1412},{"creator":"kernel","lv":"0","datetime":"2017-05-10 11:07:47","type":"sys","content":"Initializing cgroup subsys cpuacct","count":1413},{"creator":"kernel","lv":"0","datetime":"2017-05-10 11:07:47","type":"sys","content":"Linux version 3.16.0-4-amd64 (debian-kernel@lists.debian.org) (gcc version 4.8.4 (Debian 4.8.4-1) ) #1 SMP Debian 3.16.7-ckt25-2+deb8u3 (2016-07-02)","count":1414},{"creator":"kernel","lv":"0","datetime":"2017-05-10 11:07:47","type":"sys","content":"Command line: BOOT_IMAGE=\/boot\/vmlinuz-3.16.0-4-amd64 root=UUID=f054100a-ed40-4ea6-b6ad-bce34756f750 ro quiet","count":1415},{"creator":"kernel","lv":"0","datetime":"2017-05-10 11:07:47","type":"sys","content":"Disabled fast string operations","count":1416},{"creator":"kernel","lv":"0","datetime":"2017-05-10 11:07:47","type":"sys","content":"e820: BIOS-provided physical RAM map:","count":1417},{"creator":"kernel","lv":"0","datetime":"2017-05-10 11:07:47","type":"sys","content":"BIOS-e820: [mem 0x0000000000000000-0x000000000009f7ff] usable","count":1418},{"creator":"kernel","lv":"0","datetime":"2017-05-10 11:07:47","type":"sys","content":"BIOS-e820: [mem 0x000000000009f800-0x000000000009ffff] reserved","count":1419},{"creator":"kernel","lv":"0","datetime":"2017-05-10 11:07:47","type":"sys","content":"BIOS-e820: [mem 0x00000000000dc000-0x00000000000fffff] reserved","count":1420},{"creator":"kernel","lv":"0","datetime":"2017-05-10 11:07:47","type":"sys","content":"BIOS-e820: [mem 0x0000000000100000-0x000000007feeffff] usable","count":1421},{"creator":"kernel","lv":"0","datetime":"2017-05-10 11:07:47","type":"sys","content":"BIOS-e820: [mem 0x000000007fef0000-0x000000007fefefff] ACPI data","count":1422},{"creator":"kernel","lv":"0","datetime":"2017-05-10 11:07:47","type":"sys","content":"BIOS-e820: [mem 0x000000007feff000-0x000000007fefffff] ACPI NVS","count":1423},{"creator":"kernel","lv":"0","datetime":"2017-05-10 11:07:47","type":"sys","content":"BIOS-e820: [mem 0x000000007ff00000-0x000000007fffffff] usable","count":1424},{"creator":"kernel","lv":"0","datetime":"2017-05-10 11:07:47","type":"sys","content":"BIOS-e820: [mem 0x00000000f0000000-0x00000000f7ffffff] reserved","count":1425},{"creator":"kernel","lv":"0","datetime":"2017-05-10 11:07:47","type":"sys","content":"BIOS-e820: [mem 0x00000000fec00000-0x00000000fec0ffff] reserved","count":1426},{"creator":"kernel","lv":"0","datetime":"2017-05-10 11:07:47","type":"sys","content":"BIOS-e820: [mem 0x00000000fee00000-0x00000000fee00fff] reserved","count":1427},{"creator":"kernel","lv":"0","datetime":"2017-05-10 11:07:47","type":"sys","content":"BIOS-e820: [mem 0x00000000fffe0000-0x00000000ffffffff] reserved","count":1428},{"creator":"kernel","lv":"0","datetime":"2017-05-10 11:07:47","type":"sys","content":"NX (Execute Disable) protection: active","count":1429},{"creator":"kernel","lv":"0","datetime":"2017-05-10 11:07:47","type":"sys","content":"SMBIOS 0.7 present.","count":1430},{"creator":"kernel","lv":"0","datetime":"2017-05-10 11:07:47","type":"sys","content":"Hypervisor detected: VMware","count":1431},{"creator":"kernel","lv":"0","datetime":"2017-05-10 11:07:47","type":"sys","content":"AGP: No AGP bridge found","count":1432},{"creator":"kernel","lv":"0","datetime":"2017-05-10 11:07:47","type":"sys","content":"e820: last_pfn = 0x80000 max_arch_pfn = 0x400000000","count":1433},{"creator":"kernel","lv":"0","datetime":"2017-05-10 11:07:47","type":"sys","content":"x86 PAT enabled: cpu 0, old 0x7040600070406, new 0x7010600070106","count":1434},{"creator":"kernel","lv":"0","datetime":"2017-05-10 11:07:47","type":"sys","content":"found SMP MP-table at [mem 0x000f6a80-0x000f6a8f] mapped at [ffff8800000f6a80]","count":1435},{"creator":"kernel","lv":"0","datetime":"2017-05-10 11:07:47","type":"sys","content":"init_memory_mapping: [mem 0x00000000-0x000fffff]","count":1436},{"creator":"kernel","lv":"0","datetime":"2017-05-10 11:07:47","type":"sys","content":"init_memory_mapping: [mem 0x7fc00000-0x7fdfffff]","count":1437},{"creator":"kernel","lv":"0","datetime":"2017-05-10 11:07:47","type":"sys","content":"init_memory_mapping: [mem 0x7c000000-0x7fbfffff]","count":1438},{"creator":"kernel","lv":"0","datetime":"2017-05-10 11:07:47","type":"sys","content":"init_memory_mapping: [mem 0x00100000-0x7bffffff]","count":1439},{"creator":"kernel","lv":"0","datetime":"2017-05-10 11:07:47","type":"sys","content":"init_memory_mapping: [mem 0x7fe00000-0x7feeffff]","count":1440},{"creator":"kernel","lv":"0","datetime":"2017-05-10 11:07:47","type":"sys","content":"init_memory_mapping: [mem 0x7ff00000-0x7fffffff]","count":1441},{"creator":"kernel","lv":"0","datetime":"2017-05-10 11:07:47","type":"sys","content":"RAMDISK: [mem 0x36226000-0x3710afff]","count":1442},{"creator":"kernel","lv":"0","datetime":"2017-05-10 11:07:47","type":"sys","content":"ACPI: Early table checksum verification disabled","count":1443},{"creator":"kernel","lv":"0","datetime":"2017-05-10 11:07:47","type":"sys","content":"ACPI: RSDP 0x00000000000F6A10 000024 (v02 PTLTD )","count":1444},{"creator":"kernel","lv":"0","datetime":"2017-05-10 11:07:47","type":"sys","content":"ACPI: XSDT 0x000000007FEF04B4 00005C (v01 INTEL  440BX    06040000 VMW  01324272)","count":1445},{"creator":"kernel","lv":"0","datetime":"2017-05-10 11:07:47","type":"sys","content":"ACPI: FACP 0x000000007FEFEE73 0000F4 (v04 INTEL  440BX    06040000 PTL  000F4240)","count":1446},{"creator":"kernel","lv":"0","datetime":"2017-05-10 11:07:47","type":"sys","content":"ACPI: DSDT 0x000000007FEF06F4 00E77F (v01 PTLTD  Custom   06040000 MSFT 03000001)","count":1447},{"creator":"kernel","lv":"0","datetime":"2017-05-10 11:07:47","type":"sys","content":"ACPI: FACS 0x000000007FEFFFC0 000040","count":1448},{"creator":"kernel","lv":"0","datetime":"2017-05-10 11:07:47","type":"sys","content":"ACPI: FACS 0x000000007FEFFFC0 000040","count":1448},{"creator":"kernel","lv":"0","datetime":"2017-05-10 11:07:47","type":"sys","content":"ACPI: BOOT 0x000000007FEF06CC 000028 (v01 PTLTD  $SBFTBL$ 06040000  LTP 00000001)","count":1449},{"creator":"kernel","lv":"0","datetime":"2017-05-10 11:07:47","type":"sys","content":"ACPI: APIC 0x000000007FEF067C 000050 (v01 PTLTD  ? APIC   06040000  LTP 00000000)","count":1450},{"creator":"kernel","lv":"0","datetime":"2017-05-10 11:07:47","type":"sys","content":"ACPI: MCFG 0x000000007FEF0640 00003C (v01 PTLTD  $PCITBL$ 06040000  LTP 00000001)","count":1451},{"creator":"kernel","lv":"0","datetime":"2017-05-10 11:07:47","type":"sys","content":"ACPI: SRAT 0x000000007FEF05B0 000090 (v02 VMWARE MEMPLUG  06040000 VMW  00000001)","count":1452},{"creator":"kernel","lv":"0","datetime":"2017-05-10 11:07:47","type":"sys","content":"ACPI: HPET 0x000000007FEF0578 000038 (v01 VMWARE VMW HPET 06040000 VMW  00000001)","count":1453},{"creator":"kernel","lv":"0","datetime":"2017-05-10 11:07:47","type":"sys","content":"ACPI: WAET 0x000000007FEF0550 000028 (v01 VMWARE VMW WAET 06040000 VMW  00000001)","count":1454},{"creator":"kernel","lv":"0","datetime":"2017-05-10 11:07:47","type":"sys","content":"SRAT: PXM 0 -> APIC 0x00 -> Node 0","count":1455},{"creator":"kernel","lv":"0","datetime":"2017-05-10 11:07:47","type":"sys","content":"SRAT: Node 0 PXM 0 [mem 0x00000000-0x0009ffff]","count":1456},{"creator":"kernel","lv":"0","datetime":"2017-05-10 11:07:47","type":"sys","content":"SRAT: Node 0 PXM 0 [mem 0x00100000-0x7fffffff]","count":1457},{"creator":"kernel","lv":"0","datetime":"2017-05-10 11:07:47","type":"sys","content":"NUMA: Node 0 [mem 0x00000000-0x0009ffff] + [mem 0x00100000-0x7fffffff] -> [mem 0x00000000-0x7fffffff]","count":1458},{"creator":"kernel","lv":"0","datetime":"2017-05-10 11:07:47","type":"sys","content":"Initmem setup node 0 [mem 0x00000000-0x7fffffff]","count":1459},{"creator":"kernel","lv":"0","datetime":"2017-05-10 11:07:47","type":"sys","content":"NODE_DATA [mem 0x7fffb000-0x7fffffff]","count":1460},{"creator":"kernel","lv":"0","datetime":"2017-05-10 11:07:47","type":"sys","content":"Zone ranges:","count":1461},{"creator":"kernel","lv":"0","datetime":"2017-05-10 11:07:47","type":"sys","content":"DMA      [mem 0x00001000-0x00ffffff]","count":1462},{"creator":"kernel","lv":"0","datetime":"2017-05-10 11:07:47","type":"sys","content":"DMA32    [mem 0x01000000-0xffffffff]","count":1463},{"creator":"kernel","lv":"0","datetime":"2017-05-10 11:07:47","type":"sys","content":"Normal   empty","count":1464},{"creator":"kernel","lv":"0","datetime":"2017-05-10 11:07:47","type":"sys","content":"Movable zone start for each node","count":1465},{"creator":"kernel","lv":"0","datetime":"2017-05-10 11:07:47","type":"sys","content":"Early memory node ranges","count":1466},{"creator":"kernel","lv":"0","datetime":"2017-05-10 11:07:47","type":"sys","content":"node   0: [mem 0x00001000-0x0009efff]","count":1467},{"creator":"kernel","lv":"0","datetime":"2017-05-10 11:07:47","type":"sys","content":"node   0: [mem 0x00100000-0x7feeffff]","count":1468},{"creator":"kernel","lv":"0","datetime":"2017-05-10 11:07:47","type":"sys","content":"node   0: [mem 0x7ff00000-0x7fffffff]","count":1469},{"creator":"kernel","lv":"0","datetime":"2017-05-10 11:07:47","type":"sys","content":"ACPI: PM-Timer IO Port: 0x1008","count":1470},{"creator":"kernel","lv":"0","datetime":"2017-05-10 11:07:47","type":"sys","content":"ACPI: LAPIC (acpi_id[0x00] lapic_id[0x00] enabled)","count":1471},{"creator":"kernel","lv":"0","datetime":"2017-05-10 11:07:47","type":"sys","content":"ACPI: LAPIC_NMI (acpi_id[0x00] high edge lint[0x1])","count":1472},{"creator":"kernel","lv":"0","datetime":"2017-05-10 11:07:47","type":"sys","content":"ACPI: IOAPIC (id[0x01] address[0xfec00000] gsi_base[0])","count":1473},{"creator":"kernel","lv":"0","datetime":"2017-05-10 11:07:47","type":"sys","content":"IOAPIC[0]: apic_id 1, version 17, address 0xfec00000, GSI 0-23","count":1474},{"creator":"kernel","lv":"0","datetime":"2017-05-10 11:07:47","type":"sys","content":"ACPI: INT_SRC_OVR (bus 0 bus_irq 0 global_irq 2 high edge)","count":1475},{"creator":"kernel","lv":"0","datetime":"2017-05-10 11:07:47","type":"sys","content":"Using ACPI (MADT) for SMP configuration information","count":1476},{"creator":"kernel","lv":"0","datetime":"2017-05-10 11:07:47","type":"sys","content":"ACPI: HPET id: 0x8086af01 base: 0xfed00000","count":1477},{"creator":"kernel","lv":"0","datetime":"2017-05-10 11:07:47","type":"sys","content":"smpboot: Allowing 1 CPUs, 0 hotplug CPUs","count":1478},{"creator":"kernel","lv":"0","datetime":"2017-05-10 11:07:47","type":"sys","content":"PM: Registered nosave memory: [mem 0x0009f000-0x0009ffff]","count":1479},{"creator":"kernel","lv":"0","datetime":"2017-05-10 11:07:47","type":"sys","content":"PM: Registered nosave memory: [mem 0x000a0000-0x000dbfff]","count":1480},{"creator":"kernel","lv":"0","datetime":"2017-05-10 11:07:47","type":"sys","content":"PM: Registered nosave memory: [mem 0x000dc000-0x000fffff]","count":1481},{"creator":"kernel","lv":"0","datetime":"2017-05-10 11:07:47","type":"sys","content":"PM: Registered nosave memory: [mem 0x7fef0000-0x7fefefff]","count":1482},{"creator":"kernel","lv":"0","datetime":"2017-05-10 11:07:47","type":"sys","content":"PM: Registered nosave memory: [mem 0x7feff000-0x7fefffff]","count":1483},{"creator":"kernel","lv":"0","datetime":"2017-05-10 11:07:47","type":"sys","content":"e820: [mem 0x80000000-0xefffffff] available for PCI devices","count":1484},{"creator":"kernel","lv":"0","datetime":"2017-05-10 11:07:47","type":"sys","content":"Booting paravirtualized kernel on bare hardware","count":1485},{"creator":"kernel","lv":"0","datetime":"2017-05-10 11:07:47","type":"sys","content":"setup_percpu: NR_CPUS:512 nr_cpumask_bits:512 nr_cpu_ids:1 nr_node_ids:1","count":1486},{"creator":"kernel","lv":"0","datetime":"2017-05-10 11:07:47","type":"sys","content":"PERCPU: Embedded 27 pages\/cpu @ffff88007fc00000 s80896 r8192 d21504 u2097152","count":1487},{"creator":"kernel","lv":"0","datetime":"2017-05-10 11:07:47","type":"sys","content":"Built 1 zonelists in Node order, mobility grouping on.  Total pages: 516985","count":1488},{"creator":"kernel","lv":"0","datetime":"2017-05-10 11:07:47","type":"sys","content":"Policy zone: DMA32","count":1489},{"creator":"kernel","lv":"0","datetime":"2017-05-10 11:07:47","type":"sys","content":"Kernel command line: BOOT_IMAGE=\/boot\/vmlinuz-3.16.0-4-amd64 root=UUID=f054100a-ed40-4ea6-b6ad-bce34756f750 ro quiet","count":1490},{"creator":"kernel","lv":"0","datetime":"2017-05-10 11:07:47","type":"sys","content":"PID hash table entries: 4096 (order: 3, 32768 bytes)","count":1491},{"creator":"kernel","lv":"0","datetime":"2017-05-10 11:07:47","type":"sys","content":"xsave: enabled xstate_bv 0x7, cntxt size 0x340","count":1492},{"creator":"kernel","lv":"0","datetime":"2017-05-10 11:07:47","type":"sys","content":"AGP: Checking aperture...","count":1493},{"creator":"kernel","lv":"0","datetime":"2017-05-10 11:07:47","type":"sys","content":"AGP: No AGP bridge found","count":1432},{"creator":"kernel","lv":"0","datetime":"2017-05-10 11:07:47","type":"sys","content":"Memory: 2041064K\/2096696K available (5220K kernel code, 947K rwdata, 1836K rodata, 1204K init, 840K bss, 55632K reserved)","count":1494},{"creator":"kernel","lv":"0","datetime":"2017-05-10 11:07:47","type":"sys","content":"Hierarchical RCU implementation.","count":1495},{"creator":"kernel","lv":"0","datetime":"2017-05-10 11:07:47","type":"sys","content":"RCU dyntick-idle grace-period acceleration is enabled.","count":1496},{"creator":"kernel","lv":"0","datetime":"2017-05-10 11:07:47","type":"sys","content":"RCU restricting CPUs from NR_CPUS=512 to nr_cpu_ids=1.","count":1497},{"creator":"kernel","lv":"0","datetime":"2017-05-10 11:07:47","type":"sys","content":"RCU: Adjusting geometry for rcu_fanout_leaf=16, nr_cpu_ids=1","count":1498},{"creator":"kernel","lv":"0","datetime":"2017-05-10 11:07:47","type":"sys","content":"NR_IRQS:33024 nr_irqs:256 16","count":1499},{"creator":"kernel","lv":"0","datetime":"2017-05-10 11:07:47","type":"sys","content":"Console: colour VGA+ 80x25","count":1500},{"creator":"kernel","lv":"0","datetime":"2017-05-10 11:07:47","type":"sys","content":"console [tty0] enabled","count":1501},{"creator":"kernel","lv":"0","datetime":"2017-05-10 11:07:47","type":"sys","content":"TSC freq read from hypervisor : 2601.000 MHz","count":1502},{"creator":"kernel","lv":"0","datetime":"2017-05-10 11:07:47","type":"sys","content":"tsc: Detected 2601.000 MHz processor","count":1503},{"creator":"kernel","lv":"0","datetime":"2017-05-10 11:07:47","type":"sys","content":"Calibrating delay loop (skipped) preset value.. 5202.00 BogoMIPS (lpj=10404000)","count":1504},{"creator":"kernel","lv":"0","datetime":"2017-05-10 11:07:47","type":"sys","content":"pid_max: default: 32768 minimum: 301","count":1505},{"creator":"kernel","lv":"0","datetime":"2017-05-10 11:07:47","type":"sys","content":"ACPI: Core revision 20140424","count":1506},{"creator":"kernel","lv":"0","datetime":"2017-05-10 11:07:47","type":"sys","content":"ACPI: All ACPI Tables successfully acquired","count":1507},{"creator":"kernel","lv":"0","datetime":"2017-05-10 11:07:47","type":"sys","content":"Security Framework initialized","count":1508},{"creator":"kernel","lv":"0","datetime":"2017-05-10 11:07:47","type":"sys","content":"AppArmor: AppArmor disabled by boot time parameter","count":1509},{"creator":"kernel","lv":"0","datetime":"2017-05-10 11:07:47","type":"sys","content":"Yama: disabled by default; enable with sysctl kernel.yama.*","count":1510},{"creator":"kernel","lv":"0","datetime":"2017-05-10 11:07:47","type":"sys","content":"Dentry cache hash table entries: 262144 (order: 9, 2097152 bytes)","count":1511},{"creator":"kernel","lv":"0","datetime":"2017-05-10 11:07:47","type":"sys","content":"Inode-cache hash table entries: 131072 (order: 8, 1048576 bytes)","count":1512},{"creator":"kernel","lv":"0","datetime":"2017-05-10 11:07:47","type":"sys","content":"Mount-cache hash table entries: 4096 (order: 3, 32768 bytes)","count":1513},{"creator":"kernel","lv":"0","datetime":"2017-05-10 11:07:47","type":"sys","content":"Mountpoint-cache hash table entries: 4096 (order: 3, 32768 bytes)","count":1514},{"creator":"kernel","lv":"0","datetime":"2017-05-10 11:07:47","type":"sys","content":"Initializing cgroup subsys memory","count":1515},{"creator":"kernel","lv":"0","datetime":"2017-05-10 11:07:47","type":"sys","content":"Initializing cgroup subsys devices","count":1516},{"creator":"kernel","lv":"0","datetime":"2017-05-10 11:07:47","type":"sys","content":"Initializing cgroup subsys freezer","count":1517},{"creator":"kernel","lv":"0","datetime":"2017-05-10 11:07:47","type":"sys","content":"Initializing cgroup subsys net_cls","count":1518},{"creator":"kernel","lv":"0","datetime":"2017-05-10 11:07:47","type":"sys","content":"Initializing cgroup subsys blkio","count":1519},{"creator":"kernel","lv":"0","datetime":"2017-05-10 11:07:47","type":"sys","content":"Initializing cgroup subsys perf_event","count":1520},{"creator":"kernel","lv":"0","datetime":"2017-05-10 11:07:47","type":"sys","content":"Initializing cgroup subsys net_prio","count":1521},{"creator":"kernel","lv":"0","datetime":"2017-05-10 11:07:47","type":"sys","content":"Disabled fast string operations","count":1416},{"creator":"kernel","lv":"0","datetime":"2017-05-10 11:07:47","type":"sys","content":"CPU: Physical Processor ID: 0","count":1522},{"creator":"kernel","lv":"0","datetime":"2017-05-10 11:07:47","type":"sys","content":"ENERGY_PERF_BIAS: Set to 'normal', was 'performance'","count":1523},{"creator":"kernel","lv":"0","datetime":"2017-05-10 11:07:47","type":"sys","content":"ENERGY_PERF_BIAS: View and update with x86_energy_perf_policy(8)","count":1524},{"creator":"kernel","lv":"0","datetime":"2017-05-10 11:07:47","type":"sys","content":"mce: CPU supports 0 MCE banks","count":1525},{"creator":"kernel","lv":"0","datetime":"2017-05-10 11:07:47","type":"sys","content":"Last level iTLB entries: 4KB 512, 2MB 8, 4MB 8","count":1526},{"creator":"kernel","lv":"0","datetime":"2017-05-10 11:07:47","type":"sys","content":"Last level dTLB entries: 4KB 512, 2MB 32, 4MB 32, 1GB 0","count":1527},{"creator":"kernel","lv":"0","datetime":"2017-05-10 11:07:47","type":"sys","content":"tlb_flushall_shift: 2","count":1528},{"creator":"kernel","lv":"0","datetime":"2017-05-10 11:07:47","type":"sys","content":"Freeing SMP alternatives memory: 20K (ffffffff81a1b000 - ffffffff81a20000)","count":1529},{"creator":"kernel","lv":"0","datetime":"2017-05-10 11:07:47","type":"sys","content":"ftrace: allocating 21683 entries in 85 pages","count":1530},{"creator":"kernel","lv":"0","datetime":"2017-05-10 11:07:47","type":"sys","content":"Enabling x2apic","count":1531},{"creator":"kernel","lv":"0","datetime":"2017-05-10 11:07:47","type":"sys","content":"Enabled x2apic","count":1532},{"creator":"kernel","lv":"0","datetime":"2017-05-10 11:07:47","type":"sys","content":"Switched APIC routing to physical x2apic.","count":1533},{"creator":"kernel","lv":"0","datetime":"2017-05-10 11:07:47","type":"sys","content":"..TIMER: vector=0x30 apic1=0 pin1=2 apic2=-1 pin2=-1","count":1534},{"creator":"kernel","lv":"0","datetime":"2017-05-10 11:07:47","type":"sys","content":"smpboot: CPU0: Intel(R) Core(TM) i5-3230M CPU @ 2.60GHz (fam: 06, model: 3a, stepping: 09)","count":1535},{"creator":"kernel","lv":"0","datetime":"2017-05-10 11:07:47","type":"sys","content":"Performance Events: 16-deep LBR, IvyBridge events, core PMU driver.","count":1536},{"creator":"kernel","lv":"0","datetime":"2017-05-10 11:07:47","type":"sys","content":"perf_event_intel: CPUID marked event: 'cpu cycles' unavailable","count":1537},{"creator":"kernel","lv":"0","datetime":"2017-05-10 11:07:47","type":"sys","content":"perf_event_intel: CPUID marked event: 'instructions' unavailable","count":1538},{"creator":"kernel","lv":"0","datetime":"2017-05-10 11:07:47","type":"sys","content":"perf_event_intel: CPUID marked event: 'bus cycles' unavailable","count":1539},{"creator":"kernel","lv":"0","datetime":"2017-05-10 11:07:47","type":"sys","content":"perf_event_intel: CPUID marked event: 'cache references' unavailable","count":1540},{"creator":"kernel","lv":"0","datetime":"2017-05-10 11:07:47","type":"sys","content":"perf_event_intel: CPUID marked event: 'cache misses' unavailable","count":1541},{"creator":"kernel","lv":"0","datetime":"2017-05-10 11:07:47","type":"sys","content":"perf_event_intel: CPUID marked event: 'branch instructions' unavailable","count":1542},{"creator":"kernel","lv":"0","datetime":"2017-05-10 11:07:47","type":"sys","content":"perf_event_intel: CPUID marked event: 'branch misses' unavailable","count":1543},{"creator":"kernel","lv":"0","datetime":"2017-05-10 11:07:47","type":"sys","content":"... version:                1","count":1544},{"creator":"kernel","lv":"0","datetime":"2017-05-10 11:07:47","type":"sys","content":"... bit width:              48","count":1545},{"creator":"kernel","lv":"0","datetime":"2017-05-10 11:07:47","type":"sys","content":"... generic registers:      4","count":1546},{"creator":"kernel","lv":"0","datetime":"2017-05-10 11:07:47","type":"sys","content":"... value mask:             0000ffffffffffff","count":1547},{"creator":"kernel","lv":"0","datetime":"2017-05-10 11:07:47","type":"sys","content":"... max period:             000000007fffffff","count":1548},{"creator":"kernel","lv":"0","datetime":"2017-05-10 11:07:47","type":"sys","content":"... fixed-purpose events:   0","count":1549},{"creator":"kernel","lv":"0","datetime":"2017-05-10 11:07:47","type":"sys","content":"... event mask:             000000000000000f","count":1550},{"creator":"kernel","lv":"0","datetime":"2017-05-10 11:07:47","type":"sys","content":"x86: Booted up 1 node, 1 CPUs","count":1551},{"creator":"kernel","lv":"0","datetime":"2017-05-10 11:07:47","type":"sys","content":"smpboot: Total of 1 processors activated (5202.00 BogoMIPS)","count":1552},{"creator":"kernel","lv":"0","datetime":"2017-05-10 11:07:47","type":"sys","content":"NMI watchdog: disabled (cpu0): hardware events not enabled","count":1553},{"creator":"kernel","lv":"0","datetime":"2017-05-10 11:07:47","type":"sys","content":"devtmpfs: initialized","count":1554},{"creator":"kernel","lv":"0","datetime":"2017-05-10 11:07:47","type":"sys","content":"PM: Registering ACPI NVS region [mem 0x7feff000-0x7fefffff] (4096 bytes)","count":1555},{"creator":"kernel","lv":"0","datetime":"2017-05-10 11:07:47","type":"sys","content":"pinctrl core: initialized pinctrl subsystem","count":1556},{"creator":"kernel","lv":"0","datetime":"2017-05-10 11:07:47","type":"sys","content":"NET: Registered protocol family 16","count":1557},{"creator":"kernel","lv":"0","datetime":"2017-05-10 11:07:47","type":"sys","content":"cpuidle: using governor ladder","count":1558},{"creator":"kernel","lv":"0","datetime":"2017-05-10 11:07:47","type":"sys","content":"cpuidle: using governor menu","count":1559},{"creator":"kernel","lv":"0","datetime":"2017-05-10 11:07:47","type":"sys","content":"ACPI: bus type PCI registered","count":1560},{"creator":"kernel","lv":"0","datetime":"2017-05-10 11:07:47","type":"sys","content":"acpiphp: ACPI Hot Plug PCI Controller Driver version: 0.5","count":1561},{"creator":"kernel","lv":"0","datetime":"2017-05-10 11:07:47","type":"sys","content":"PCI: MMCONFIG for domain 0000 [bus 00-7f] at [mem 0xf0000000-0xf7ffffff] (base 0xf0000000)","count":1562},{"creator":"kernel","lv":"0","datetime":"2017-05-10 11:07:47","type":"sys","content":"PCI: MMCONFIG at [mem 0xf0000000-0xf7ffffff] reserved in E820","count":1563},{"creator":"kernel","lv":"0","datetime":"2017-05-10 11:07:47","type":"sys","content":"PCI: Using configuration type 1 for base access","count":1564},{"creator":"kernel","lv":"0","datetime":"2017-05-10 11:07:47","type":"sys","content":"ACPI: Added _OSI(Module Device)","count":1565},{"creator":"kernel","lv":"0","datetime":"2017-05-10 11:07:47","type":"sys","content":"ACPI: Added _OSI(Processor Device)","count":1566},{"creator":"kernel","lv":"0","datetime":"2017-05-10 11:07:47","type":"sys","content":"ACPI: Added _OSI(3.0 _SCP Extensions)","count":1567},{"creator":"kernel","lv":"0","datetime":"2017-05-10 11:07:47","type":"sys","content":"ACPI: Added _OSI(Processor Aggregator Device)","count":1568},{"creator":"kernel","lv":"0","datetime":"2017-05-10 11:07:47","type":"sys","content":"[Firmware Bug]: ACPI: BIOS _OSI(Linux) query ignored","count":1569},{"creator":"kernel","lv":"0","datetime":"2017-05-10 11:07:47","type":"sys","content":"ACPI: Interpreter enabled","count":1570},{"creator":"kernel","lv":"0","datetime":"2017-05-10 11:07:47","type":"sys","content":"ACPI Exception: AE_NOT_FOUND, While evaluating Sleep State [\\_S2_] (20140424\/hwxface-580)","count":1571},{"creator":"kernel","lv":"0","datetime":"2017-05-10 11:07:47","type":"sys","content":"ACPI Exception: AE_NOT_FOUND, While evaluating Sleep State [\\_S3_] (20140424\/hwxface-580)","count":1572},{"creator":"kernel","lv":"0","datetime":"2017-05-10 11:07:47","type":"sys","content":"ACPI: (supports S0 S1 S4 S5)","count":1573},{"creator":"kernel","lv":"0","datetime":"2017-05-10 11:07:47","type":"sys","content":"ACPI: Using IOAPIC for interrupt routing","count":1574},{"creator":"kernel","lv":"0","datetime":"2017-05-10 11:07:47","type":"sys","content":"PCI: Using host bridge windows from ACPI; if necessary, use \"pci=nocrs\" and report a bug","count":1575},{"creator":"kernel","lv":"0","datetime":"2017-05-10 11:07:47","type":"sys","content":"ACPI: PCI Root Bridge [PCI0] (domain 0000 [bus 00-7f])","count":1576},{"creator":"kernel","lv":"0","datetime":"2017-05-10 11:07:47","type":"sys","content":"acpi PNP0A03:00: _OSC: OS supports [ExtendedConfig ASPM ClockPM Segments MSI]","count":1577},{"creator":"kernel","lv":"0","datetime":"2017-05-10 11:07:47","type":"sys","content":"acpi PNP0A03:00: _OSC: platform does not support [AER]","count":1578},{"creator":"kernel","lv":"0","datetime":"2017-05-10 11:07:47","type":"sys","content":"acpi PNP0A03:00: _OSC: OS now controls [PCIeHotplug PME PCIeCapability]","count":1579},{"creator":"kernel","lv":"0","datetime":"2017-05-10 11:07:47","type":"sys","content":"PCI host bridge to bus 0000:00","count":1580},{"creator":"kernel","lv":"0","datetime":"2017-05-10 11:07:47","type":"sys","content":"pci_bus 0000:00: root bus resource [bus 00-7f]","count":1581},{"creator":"kernel","lv":"0","datetime":"2017-05-10 11:07:47","type":"sys","content":"pci_bus 0000:00: root bus resource [mem 0x000a0000-0x000bffff]","count":1582},{"creator":"kernel","lv":"0","datetime":"2017-05-10 11:07:47","type":"sys","content":"pci_bus 0000:00: root bus resource [mem 0x000cc000-0x000cffff]","count":1583},{"creator":"kernel","lv":"0","datetime":"2017-05-10 11:07:47","type":"sys","content":"pci_bus 0000:00: root bus resource [mem 0x000d0000-0x000d3fff]","count":1584},{"creator":"kernel","lv":"0","datetime":"2017-05-10 11:07:47","type":"sys","content":"pci_bus 0000:00: root bus resource [mem 0x000d4000-0x000d7fff]","count":1585},{"creator":"kernel","lv":"0","datetime":"2017-05-10 11:07:47","type":"sys","content":"pci_bus 0000:00: root bus resource [mem 0x000d8000-0x000dbfff]","count":1586},{"creator":"kernel","lv":"0","datetime":"2017-05-10 11:07:47","type":"sys","content":"pci_bus 0000:00: root bus resource [mem 0x80000000-0xfebfffff]","count":1587},{"creator":"kernel","lv":"0","datetime":"2017-05-10 11:07:47","type":"sys","content":"pci_bus 0000:00: root bus resource [io  0x0000-0x0cf7]","count":1588},{"creator":"kernel","lv":"0","datetime":"2017-05-10 11:07:47","type":"sys","content":"pci_bus 0000:00: root bus resource [io  0x0d00-0xfeff]","count":1589},{"creator":"kernel","lv":"0","datetime":"2017-05-10 11:07:47","type":"sys","content":"pci 0000:00:07.1: legacy IDE quirk: reg 0x10: [io  0x01f0-0x01f7]","count":1590},{"creator":"kernel","lv":"0","datetime":"2017-05-10 11:07:47","type":"sys","content":"pci 0000:00:07.1: legacy IDE quirk: reg 0x14: [io  0x03f6]","count":1591},{"creator":"kernel","lv":"0","datetime":"2017-05-10 11:07:47","type":"sys","content":"pci 0000:00:07.1: legacy IDE quirk: reg 0x18: [io  0x0170-0x0177]","count":1592},{"creator":"kernel","lv":"0","datetime":"2017-05-10 11:07:47","type":"sys","content":"pci 0000:00:07.1: legacy IDE quirk: reg 0x1c: [io  0x0376]","count":1593},{"creator":"kernel","lv":"0","datetime":"2017-05-10 11:07:47","type":"sys","content":"pci 0000:00:07.3: quirk: [io  0x1000-0x103f] claimed by PIIX4 ACPI","count":1594},{"creator":"kernel","lv":"0","datetime":"2017-05-10 11:07:47","type":"sys","content":"pci 0000:00:07.3: quirk: [io  0x1040-0x104f] claimed by PIIX4 SMB","count":1595},{"creator":"kernel","lv":"0","datetime":"2017-05-10 11:07:47","type":"sys","content":"pci 0000:00:11.0: System wakeup disabled by ACPI","count":1596},{"creator":"kernel","lv":"0","datetime":"2017-05-10 11:07:47","type":"sys","content":"pci 0000:00:15.0: System wakeup disabled by ACPI","count":1597},{"creator":"kernel","lv":"0","datetime":"2017-05-10 11:07:47","type":"sys","content":"pci 0000:00:15.1: System wakeup disabled by ACPI","count":1598},{"creator":"CommAmqpListener[671]","lv":"5","datetime":"2017-05-10 11:07:47","type":"sys","content":"Initializing CommAmqpListener","count":197},{"creator":"ManagementAgentHost[694]","lv":"5","datetime":"2017-05-10 11:07:47","type":"sys","content":"Initializing ManagementAgentHost","count":198},{"creator":"kernel","lv":"0","datetime":"2017-05-10 11:07:47","type":"sys","content":"pci 0000:00:15.2: System wakeup disabled by ACPI","count":1599},{"creator":"kernel","lv":"0","datetime":"2017-05-10 11:07:47","type":"sys","content":"pci 0000:00:15.3: System wakeup disabled by ACPI","count":1600},{"creator":"kernel","lv":"0","datetime":"2017-05-10 11:07:47","type":"sys","content":"pci 0000:00:15.4: System wakeup disabled by ACPI","count":1601},{"creator":"kernel","lv":"0","datetime":"2017-05-10 11:07:47","type":"sys","content":"pci 0000:00:15.5: System wakeup disabled by ACPI","count":1602},{"creator":"kernel","lv":"0","datetime":"2017-05-10 11:07:47","type":"sys","content":"pci 0000:00:15.6: System wakeup disabled by ACPI","count":1603},{"creator":"kernel","lv":"0","datetime":"2017-05-10 11:07:47","type":"sys","content":"pci 0000:00:15.7: System wakeup disabled by ACPI","count":1604},{"creator":"kernel","lv":"0","datetime":"2017-05-10 11:07:47","type":"sys","content":"pci 0000:00:16.0: System wakeup disabled by ACPI","count":1605},{"creator":"kernel","lv":"0","datetime":"2017-05-10 11:07:47","type":"sys","content":"pci 0000:00:16.1: System wakeup disabled by ACPI","count":1606},{"creator":"kernel","lv":"0","datetime":"2017-05-10 11:07:47","type":"sys","content":"pci 0000:00:16.2: System wakeup disabled by ACPI","count":1607},{"creator":"kernel","lv":"0","datetime":"2017-05-10 11:07:47","type":"sys","content":"pci 0000:00:16.3: System wakeup disabled by ACPI","count":1608},{"creator":"kernel","lv":"0","datetime":"2017-05-10 11:07:47","type":"sys","content":"pci 0000:00:16.4: System wakeup disabled by ACPI","count":1609},{"creator":"kernel","lv":"0","datetime":"2017-05-10 11:07:47","type":"sys","content":"pci 0000:00:16.5: System wakeup disabled by ACPI","count":1610},{"creator":"kernel","lv":"0","datetime":"2017-05-10 11:07:47","type":"sys","content":"pci 0000:00:16.6: System wakeup disabled by ACPI","count":1611},{"creator":"kernel","lv":"0","datetime":"2017-05-10 11:07:47","type":"sys","content":"pci 0000:00:16.7: System wakeup disabled by ACPI","count":1612},{"creator":"kernel","lv":"0","datetime":"2017-05-10 11:07:47","type":"sys","content":"pci 0000:00:17.0: System wakeup disabled by ACPI","count":1613},{"creator":"kernel","lv":"0","datetime":"2017-05-10 11:07:47","type":"sys","content":"pci 0000:00:17.1: System wakeup disabled by ACPI","count":1614},{"creator":"kernel","lv":"0","datetime":"2017-05-10 11:07:47","type":"sys","content":"pci 0000:00:17.2: System wakeup disabled by ACPI","count":1615},{"creator":"kernel","lv":"0","datetime":"2017-05-10 11:07:47","type":"sys","content":"pci 0000:00:17.3: System wakeup disabled by ACPI","count":1616},{"creator":"kernel","lv":"0","datetime":"2017-05-10 11:07:47","type":"sys","content":"pci 0000:00:17.4: System wakeup disabled by ACPI","count":1617},{"creator":"kernel","lv":"0","datetime":"2017-05-10 11:07:47","type":"sys","content":"pci 0000:00:17.5: System wakeup disabled by ACPI","count":1618},{"creator":"kernel","lv":"0","datetime":"2017-05-10 11:07:47","type":"sys","content":"pci 0000:00:17.6: System wakeup disabled by ACPI","count":1619},{"creator":"kernel","lv":"0","datetime":"2017-05-10 11:07:47","type":"sys","content":"pci 0000:00:17.7: System wakeup disabled by ACPI","count":1620},{"creator":"kernel","lv":"0","datetime":"2017-05-10 11:07:47","type":"sys","content":"pci 0000:00:18.0: System wakeup disabled by ACPI","count":1621},{"creator":"kernel","lv":"0","datetime":"2017-05-10 11:07:47","type":"sys","content":"pci 0000:00:18.1: System wakeup disabled by ACPI","count":1622},{"creator":"kernel","lv":"0","datetime":"2017-05-10 11:07:47","type":"sys","content":"pci 0000:00:18.2: System wakeup disabled by ACPI","count":1623},{"creator":"kernel","lv":"0","datetime":"2017-05-10 11:07:47","type":"sys","content":"pci 0000:00:18.3: System wakeup disabled by ACPI","count":1624},{"creator":"kernel","lv":"0","datetime":"2017-05-10 11:07:47","type":"sys","content":"pci 0000:00:18.4: System wakeup disabled by ACPI","count":1625},{"creator":"kernel","lv":"0","datetime":"2017-05-10 11:07:47","type":"sys","content":"pci 0000:00:18.5: System wakeup disabled by ACPI","count":1626},{"creator":"kernel","lv":"0","datetime":"2017-05-10 11:07:47","type":"sys","content":"pci 0000:00:18.6: System wakeup disabled by ACPI","count":1627},{"creator":"kernel","lv":"0","datetime":"2017-05-10 11:07:47","type":"sys","content":"pci 0000:00:18.7: System wakeup disabled by ACPI","count":1628},{"creator":"kernel","lv":"0","datetime":"2017-05-10 11:07:47","type":"sys","content":"pci 0000:00:01.0: PCI bridge to [bus 01]","count":1629},{"creator":"kernel","lv":"0","datetime":"2017-05-10 11:07:47","type":"sys","content":"acpiphp: Slot [32] registered","count":1630},{"creator":"kernel","lv":"0","datetime":"2017-05-10 11:07:47","type":"sys","content":"acpiphp: Slot [33] registered","count":1631},{"creator":"kernel","lv":"0","datetime":"2017-05-10 11:07:47","type":"sys","content":"acpiphp: Slot [34] registered","count":1632},{"creator":"kernel","lv":"0","datetime":"2017-05-10 11:07:47","type":"sys","content":"acpiphp: Slot [35] registered","count":1633},{"creator":"kernel","lv":"0","datetime":"2017-05-10 11:07:47","type":"sys","content":"acpiphp: Slot [36] registered","count":1634},{"creator":"kernel","lv":"0","datetime":"2017-05-10 11:07:47","type":"sys","content":"acpiphp: Slot [37] registered","count":1635},{"creator":"kernel","lv":"0","datetime":"2017-05-10 11:07:47","type":"sys","content":"acpiphp: Slot [38] registered","count":1636},{"creator":"kernel","lv":"0","datetime":"2017-05-10 11:07:47","type":"sys","content":"acpiphp: Slot [39] registered","count":1637},{"creator":"kernel","lv":"0","datetime":"2017-05-10 11:07:47","type":"sys","content":"acpiphp: Slot [40] registered","count":1638},{"creator":"kernel","lv":"0","datetime":"2017-05-10 11:07:47","type":"sys","content":"acpiphp: Slot [41] registered","count":1639},{"creator":"kernel","lv":"0","datetime":"2017-05-10 11:07:47","type":"sys","content":"acpiphp: Slot [42] registered","count":1640},{"creator":"kernel","lv":"0","datetime":"2017-05-10 11:07:47","type":"sys","content":"acpiphp: Slot [43] registered","count":1641},{"creator":"kernel","lv":"0","datetime":"2017-05-10 11:07:47","type":"sys","content":"acpiphp: Slot [44] registered","count":1642},{"creator":"kernel","lv":"0","datetime":"2017-05-10 11:07:47","type":"sys","content":"acpiphp: Slot [45] registered","count":1643},{"creator":"kernel","lv":"0","datetime":"2017-05-10 11:07:47","type":"sys","content":"acpiphp: Slot [46] registered","count":1644},{"creator":"kernel","lv":"0","datetime":"2017-05-10 11:07:47","type":"sys","content":"acpiphp: Slot [47] registered","count":1645},{"creator":"kernel","lv":"0","datetime":"2017-05-10 11:07:47","type":"sys","content":"acpiphp: Slot [48] registered","count":1646},{"creator":"kernel","lv":"0","datetime":"2017-05-10 11:07:47","type":"sys","content":"acpiphp: Slot [49] registered","count":1647},{"creator":"kernel","lv":"0","datetime":"2017-05-10 11:07:47","type":"sys","content":"acpiphp: Slot [50] registered","count":1648},{"creator":"kernel","lv":"0","datetime":"2017-05-10 11:07:47","type":"sys","content":"acpiphp: Slot [51] registered","count":1649},{"creator":"kernel","lv":"0","datetime":"2017-05-10 11:07:47","type":"sys","content":"acpiphp: Slot [52] registered","count":1650},{"creator":"kernel","lv":"0","datetime":"2017-05-10 11:07:47","type":"sys","content":"acpiphp: Slot [53] registered","count":1651},{"creator":"kernel","lv":"0","datetime":"2017-05-10 11:07:47","type":"sys","content":"acpiphp: Slot [54] registered","count":1652},{"creator":"kernel","lv":"0","datetime":"2017-05-10 11:07:47","type":"sys","content":"acpiphp: Slot [55] registered","count":1653},{"creator":"kernel","lv":"0","datetime":"2017-05-10 11:07:47","type":"sys","content":"acpiphp: Slot [56] registered","count":1654},{"creator":"kernel","lv":"0","datetime":"2017-05-10 11:07:47","type":"sys","content":"acpiphp: Slot [57] registered","count":1655},{"creator":"kernel","lv":"0","datetime":"2017-05-10 11:07:47","type":"sys","content":"acpiphp: Slot [58] registered","count":1656},{"creator":"kernel","lv":"0","datetime":"2017-05-10 11:07:47","type":"sys","content":"acpiphp: Slot [59] registered","count":1657},{"creator":"kernel","lv":"0","datetime":"2017-05-10 11:07:47","type":"sys","content":"acpiphp: Slot [60] registered","count":1658},{"creator":"kernel","lv":"0","datetime":"2017-05-10 11:07:47","type":"sys","content":"acpiphp: Slot [61] registered","count":1659},{"creator":"kernel","lv":"0","datetime":"2017-05-10 11:07:47","type":"sys","content":"acpiphp: Slot [62] registered","count":1660},{"creator":"kernel","lv":"0","datetime":"2017-05-10 11:07:47","type":"sys","content":"acpiphp: Slot [63] registered","count":1661},{"creator":"kernel","lv":"0","datetime":"2017-05-10 11:07:47","type":"sys","content":"pci 0000:02:00.0: System wakeup disabled by ACPI","count":1662},{"creator":"kernel","lv":"0","datetime":"2017-05-10 11:07:47","type":"sys","content":"pci 0000:02:01.0: System wakeup disabled by ACPI","count":1663},{"creator":"kernel","lv":"0","datetime":"2017-05-10 11:07:47","type":"sys","content":"pci 0000:02:02.0: System wakeup disabled by ACPI","count":1664},{"creator":"kernel","lv":"0","datetime":"2017-05-10 11:07:47","type":"sys","content":"pci 0000:02:03.0: System wakeup disabled by ACPI","count":1665},{"creator":"kernel","lv":"0","datetime":"2017-05-10 11:07:47","type":"sys","content":"pci 0000:00:11.0: PCI bridge to [bus 02] (subtractive decode)","count":1666},{"creator":"kernel","lv":"0","datetime":"2017-05-10 11:07:47","type":"sys","content":"pci 0000:00:15.0: PCI bridge to [bus 03]","count":1667},{"creator":"kernel","lv":"0","datetime":"2017-05-10 11:07:47","type":"sys","content":"pci 0000:00:15.1: PCI bridge to [bus 04]","count":1668},{"creator":"kernel","lv":"0","datetime":"2017-05-10 11:07:47","type":"sys","content":"pci 0000:00:15.2: PCI bridge to [bus 05]","count":1669},{"creator":"kernel","lv":"0","datetime":"2017-05-10 11:07:47","type":"sys","content":"pci 0000:00:15.3: PCI bridge to [bus 06]","count":1670},{"creator":"kernel","lv":"0","datetime":"2017-05-10 11:07:47","type":"sys","content":"pci 0000:00:15.4: PCI bridge to [bus 07]","count":1671},{"creator":"kernel","lv":"0","datetime":"2017-05-10 11:07:47","type":"sys","content":"pci 0000:00:15.5: PCI bridge to [bus 08]","count":1672},{"creator":"kernel","lv":"0","datetime":"2017-05-10 11:07:47","type":"sys","content":"pci 0000:00:15.6: PCI bridge to [bus 09]","count":1673},{"creator":"kernel","lv":"0","datetime":"2017-05-10 11:07:47","type":"sys","content":"pci 0000:00:15.7: PCI bridge to [bus 0a]","count":1674},{"creator":"kernel","lv":"0","datetime":"2017-05-10 11:07:47","type":"sys","content":"pci 0000:00:16.0: PCI bridge to [bus 0b]","count":1675},{"creator":"kernel","lv":"0","datetime":"2017-05-10 11:07:47","type":"sys","content":"pci 0000:00:16.1: PCI bridge to [bus 0c]","count":1676},{"creator":"kernel","lv":"0","datetime":"2017-05-10 11:07:47","type":"sys","content":"pci 0000:00:16.2: PCI bridge to [bus 0d]","count":1677},{"creator":"kernel","lv":"0","datetime":"2017-05-10 11:07:47","type":"sys","content":"pci 0000:00:16.3: PCI bridge to [bus 0e]","count":1678},{"creator":"kernel","lv":"0","datetime":"2017-05-10 11:07:47","type":"sys","content":"pci 0000:00:16.4: PCI bridge to [bus 0f]","count":1679},{"creator":"kernel","lv":"0","datetime":"2017-05-10 11:07:47","type":"sys","content":"pci 0000:00:16.5: PCI bridge to [bus 10]","count":1680},{"creator":"kernel","lv":"0","datetime":"2017-05-10 11:07:47","type":"sys","content":"pci 0000:00:16.6: PCI bridge to [bus 11]","count":1681},{"creator":"kernel","lv":"0","datetime":"2017-05-10 11:07:47","type":"sys","content":"pci 0000:00:16.7: PCI bridge to [bus 12]","count":1682},{"creator":"kernel","lv":"0","datetime":"2017-05-10 11:07:47","type":"sys","content":"pci 0000:00:17.0: PCI bridge to [bus 13]","count":1683},{"creator":"kernel","lv":"0","datetime":"2017-05-10 11:07:47","type":"sys","content":"pci 0000:00:17.1: PCI bridge to [bus 14]","count":1684},{"creator":"kernel","lv":"0","datetime":"2017-05-10 11:07:47","type":"sys","content":"pci 0000:00:17.2: PCI bridge to [bus 15]","count":1685},{"creator":"kernel","lv":"0","datetime":"2017-05-10 11:07:47","type":"sys","content":"pci 0000:00:17.3: PCI bridge to [bus 16]","count":1686},{"creator":"kernel","lv":"0","datetime":"2017-05-10 11:07:47","type":"sys","content":"pci 0000:00:17.4: PCI bridge to [bus 17]","count":1687},{"creator":"kernel","lv":"0","datetime":"2017-05-10 11:07:47","type":"sys","content":"pci 0000:00:17.5: PCI bridge to [bus 18]","count":1688},{"creator":"kernel","lv":"0","datetime":"2017-05-10 11:07:47","type":"sys","content":"pci 0000:00:17.6: PCI bridge to [bus 19]","count":1689},{"creator":"kernel","lv":"0","datetime":"2017-05-10 11:07:47","type":"sys","content":"pci 0000:00:17.7: PCI bridge to [bus 1a]","count":1690},{"creator":"kernel","lv":"0","datetime":"2017-05-10 11:07:47","type":"sys","content":"pci 0000:00:18.0: PCI bridge to [bus 1b]","count":1691},{"creator":"kernel","lv":"0","datetime":"2017-05-10 11:07:47","type":"sys","content":"pci 0000:00:18.1: PCI bridge to [bus 1c]","count":1692},{"creator":"kernel","lv":"0","datetime":"2017-05-10 11:07:47","type":"sys","content":"pci 0000:00:18.2: PCI bridge to [bus 1d]","count":1693},{"creator":"kernel","lv":"0","datetime":"2017-05-10 11:07:47","type":"sys","content":"pci 0000:00:18.3: PCI bridge to [bus 1e]","count":1694},{"creator":"kernel","lv":"0","datetime":"2017-05-10 11:07:47","type":"sys","content":"pci 0000:00:18.4: PCI bridge to [bus 1f]","count":1695},{"creator":"kernel","lv":"0","datetime":"2017-05-10 11:07:47","type":"sys","content":"pci 0000:00:18.5: PCI bridge to [bus 20]","count":1696},{"creator":"kernel","lv":"0","datetime":"2017-05-10 11:07:47","type":"sys","content":"pci 0000:00:18.6: PCI bridge to [bus 21]","count":1697},{"creator":"kernel","lv":"0","datetime":"2017-05-10 11:07:47","type":"sys","content":"pci 0000:00:18.7: PCI bridge to [bus 22]","count":1698},{"creator":"kernel","lv":"0","datetime":"2017-05-10 11:07:47","type":"sys","content":"ACPI: PCI Interrupt Link [LNKA] (IRQs 3 4 5 6 7 *9 10 11 14 15)","count":1699},{"creator":"kernel","lv":"0","datetime":"2017-05-10 11:07:47","type":"sys","content":"ACPI: PCI Interrupt Link [LNKB] (IRQs 3 4 5 6 7 9 10 *11 14 15)","count":1700},{"creator":"kernel","lv":"0","datetime":"2017-05-10 11:07:47","type":"sys","content":"ACPI: PCI Interrupt Link [LNKC] (IRQs 3 4 5 6 7 9 *10 11 14 15)","count":1701},{"creator":"kernel","lv":"0","datetime":"2017-05-10 11:07:47","type":"sys","content":"ACPI: PCI Interrupt Link [LNKD] (IRQs 3 4 5 6 *7 9 10 11 14 15)","count":1702},{"creator":"kernel","lv":"0","datetime":"2017-05-10 11:07:47","type":"sys","content":"ACPI: Enabled 2 GPEs in block 00 to 0F","count":1703},{"creator":"kernel","lv":"0","datetime":"2017-05-10 11:07:47","type":"sys","content":"vgaarb: setting as boot device: PCI:0000:00:0f.0","count":1704},{"creator":"kernel","lv":"0","datetime":"2017-05-10 11:07:47","type":"sys","content":"vgaarb: device added: PCI:0000:00:0f.0,decodes=io+mem,owns=io+mem,locks=none","count":1705},{"creator":"kernel","lv":"0","datetime":"2017-05-10 11:07:47","type":"sys","content":"vgaarb: loaded","count":1706},{"creator":"kernel","lv":"0","datetime":"2017-05-10 11:07:47","type":"sys","content":"vgaarb: bridge control possible 0000:00:0f.0","count":1707},{"creator":"kernel","lv":"0","datetime":"2017-05-10 11:07:47","type":"sys","content":"PCI: Using ACPI for IRQ routing","count":1708},{"creator":"kernel","lv":"0","datetime":"2017-05-10 11:07:47","type":"sys","content":"hpet0: at MMIO 0xfed00000, IRQs 2, 8, 0, 0, 0, 0, 0, 0, 0, 0, 0, 0, 0, 0, 0, 0","count":1709},{"creator":"kernel","lv":"0","datetime":"2017-05-10 11:07:47","type":"sys","content":"hpet0: 16 comparators, 64-bit 14.318180 MHz counter","count":1710},{"creator":"kernel","lv":"0","datetime":"2017-05-10 11:07:47","type":"sys","content":"Switched to clocksource hpet","count":1711},{"creator":"kernel","lv":"0","datetime":"2017-05-10 11:07:47","type":"sys","content":"pnp: PnP ACPI init","count":1712},{"creator":"kernel","lv":"0","datetime":"2017-05-10 11:07:47","type":"sys","content":"ACPI: bus type PNP registered","count":1713},{"creator":"kernel","lv":"0","datetime":"2017-05-10 11:07:47","type":"sys","content":"system 00:00: [io  0x1000-0x103f] could not be reserved","count":1714},{"creator":"kernel","lv":"0","datetime":"2017-05-10 11:07:47","type":"sys","content":"system 00:00: [io  0x1040-0x104f] has been reserved","count":1715},{"creator":"kernel","lv":"0","datetime":"2017-05-10 11:07:47","type":"sys","content":"system 00:00: [io  0x0cf0-0x0cf1] has been reserved","count":1716},{"creator":"kernel","lv":"0","datetime":"2017-05-10 11:07:47","type":"sys","content":"system 00:04: [mem 0xfed00000-0xfed003ff] has been reserved","count":1717},{"creator":"kernel","lv":"0","datetime":"2017-05-10 11:07:47","type":"sys","content":"system 00:05: [io  0xfce0-0xfcff] has been reserved","count":1718},{"creator":"kernel","lv":"0","datetime":"2017-05-10 11:07:47","type":"sys","content":"system 00:05: [mem 0xf0000000-0xf7ffffff] has been reserved","count":1719},{"creator":"kernel","lv":"0","datetime":"2017-05-10 11:07:47","type":"sys","content":"system 00:05: [mem 0xfe800000-0xfe9fffff] has been reserved","count":1720},{"creator":"kernel","lv":"0","datetime":"2017-05-10 11:07:47","type":"sys","content":"pnp: PnP ACPI: found 6 devices","count":1721},{"creator":"kernel","lv":"0","datetime":"2017-05-10 11:07:47","type":"sys","content":"ACPI: bus type PNP unregistered","count":1722},{"creator":"kernel","lv":"0","datetime":"2017-05-10 11:07:47","type":"sys","content":"pci 0000:00:0f.0: BAR 6: assigned [mem 0x80000000-0x80007fff pref]","count":1723},{"creator":"kernel","lv":"0","datetime":"2017-05-10 11:07:47","type":"sys","content":"pci 0000:00:10.0: BAR 6: assigned [mem 0x80008000-0x8000bfff pref]","count":1724},{"creator":"kernel","lv":"0","datetime":"2017-05-10 11:07:47","type":"sys","content":"pci 0000:00:15.3: BAR 13: can't assign io (size 0x1000)","count":1725},{"creator":"kernel","lv":"0","datetime":"2017-05-10 11:07:47","type":"sys","content":"pci 0000:00:15.4: BAR 13: can't assign io (size 0x1000)","count":1726},{"creator":"kernel","lv":"0","datetime":"2017-05-10 11:07:47","type":"sys","content":"pci 0000:00:15.5: BAR 13: can't assign io (size 0x1000)","count":1727},{"creator":"kernel","lv":"0","datetime":"2017-05-10 11:07:47","type":"sys","content":"pci 0000:00:15.6: BAR 13: can't assign io (size 0x1000)","count":1728},{"creator":"kernel","lv":"0","datetime":"2017-05-10 11:07:47","type":"sys","content":"pci 0000:00:15.7: BAR 13: can't assign io (size 0x1000)","count":1729},{"creator":"kernel","lv":"0","datetime":"2017-05-10 11:07:47","type":"sys","content":"pci 0000:00:16.3: BAR 13: can't assign io (size 0x1000)","count":1730},{"creator":"kernel","lv":"0","datetime":"2017-05-10 11:07:47","type":"sys","content":"pci 0000:00:16.4: BAR 13: can't assign io (size 0x1000)","count":1731},{"creator":"kernel","lv":"0","datetime":"2017-05-10 11:07:47","type":"sys","content":"pci 0000:00:16.5: BAR 13: can't assign io (size 0x1000)","count":1732},{"creator":"kernel","lv":"0","datetime":"2017-05-10 11:07:47","type":"sys","content":"pci 0000:00:16.6: BAR 13: can't assign io (size 0x1000)","count":1733},{"creator":"kernel","lv":"0","datetime":"2017-05-10 11:07:47","type":"sys","content":"pci 0000:00:16.7: BAR 13: can't assign io (size 0x1000)","count":1734},{"creator":"kernel","lv":"0","datetime":"2017-05-10 11:07:47","type":"sys","content":"pci 0000:00:17.3: BAR 13: can't assign io (size 0x1000)","count":1735},{"creator":"kernel","lv":"0","datetime":"2017-05-10 11:07:47","type":"sys","content":"pci 0000:00:17.4: BAR 13: can't assign io (size 0x1000)","count":1736},{"creator":"kernel","lv":"0","datetime":"2017-05-10 11:07:47","type":"sys","content":"pci 0000:00:17.5: BAR 13: can't assign io (size 0x1000)","count":1737},{"creator":"kernel","lv":"0","datetime":"2017-05-10 11:07:47","type":"sys","content":"pci 0000:00:17.6: BAR 13: can't assign io (size 0x1000)","count":1738},{"creator":"kernel","lv":"0","datetime":"2017-05-10 11:07:47","type":"sys","content":"pci 0000:00:17.7: BAR 13: can't assign io (size 0x1000)","count":1739},{"creator":"kernel","lv":"0","datetime":"2017-05-10 11:07:47","type":"sys","content":"pci 0000:00:18.2: BAR 13: can't assign io (size 0x1000)","count":1740},{"creator":"kernel","lv":"0","datetime":"2017-05-10 11:07:47","type":"sys","content":"pci 0000:00:18.3: BAR 13: can't assign io (size 0x1000)","count":1741},{"creator":"kernel","lv":"0","datetime":"2017-05-10 11:07:47","type":"sys","content":"pci 0000:00:18.4: BAR 13: can't assign io (size 0x1000)","count":1742},{"creator":"kernel","lv":"0","datetime":"2017-05-10 11:07:47","type":"sys","content":"pci 0000:00:18.5: BAR 13: can't assign io (size 0x1000)","count":1743},{"creator":"kernel","lv":"0","datetime":"2017-05-10 11:07:47","type":"sys","content":"pci 0000:00:18.6: BAR 13: can't assign io (size 0x1000)","count":1744},{"creator":"kernel","lv":"0","datetime":"2017-05-10 11:07:47","type":"sys","content":"pci 0000:00:18.7: BAR 13: can't assign io (size 0x1000)","count":1745},{"creator":"kernel","lv":"0","datetime":"2017-05-10 11:07:47","type":"sys","content":"pci 0000:00:18.7: BAR 13: can't assign io (size 0x1000)","count":1745},{"creator":"kernel","lv":"0","datetime":"2017-05-10 11:07:47","type":"sys","content":"pci 0000:00:18.6: BAR 13: can't assign io (size 0x1000)","count":1744},{"creator":"kernel","lv":"0","datetime":"2017-05-10 11:07:47","type":"sys","content":"pci 0000:00:18.5: BAR 13: can't assign io (size 0x1000)","count":1743},{"creator":"kernel","lv":"0","datetime":"2017-05-10 11:07:47","type":"sys","content":"pci 0000:00:18.4: BAR 13: can't assign io (size 0x1000)","count":1742},{"creator":"kernel","lv":"0","datetime":"2017-05-10 11:07:47","type":"sys","content":"pci 0000:00:18.3: BAR 13: can't assign io (size 0x1000)","count":1741},{"creator":"kernel","lv":"0","datetime":"2017-05-10 11:07:47","type":"sys","content":"pci 0000:00:18.2: BAR 13: can't assign io (size 0x1000)","count":1740},{"creator":"kernel","lv":"0","datetime":"2017-05-10 11:07:47","type":"sys","content":"pci 0000:00:17.7: BAR 13: can't assign io (size 0x1000)","count":1739},{"creator":"kernel","lv":"0","datetime":"2017-05-10 11:07:47","type":"sys","content":"pci 0000:00:17.6: BAR 13: can't assign io (size 0x1000)","count":1738},{"creator":"kernel","lv":"0","datetime":"2017-05-10 11:07:47","type":"sys","content":"pci 0000:00:17.5: BAR 13: can't assign io (size 0x1000)","count":1737},{"creator":"kernel","lv":"0","datetime":"2017-05-10 11:07:47","type":"sys","content":"pci 0000:00:17.4: BAR 13: can't assign io (size 0x1000)","count":1736},{"creator":"kernel","lv":"0","datetime":"2017-05-10 11:07:47","type":"sys","content":"pci 0000:00:17.3: BAR 13: can't assign io (size 0x1000)","count":1735},{"creator":"kernel","lv":"0","datetime":"2017-05-10 11:07:47","type":"sys","content":"pci 0000:00:16.7: BAR 13: can't assign io (size 0x1000)","count":1734},{"creator":"kernel","lv":"0","datetime":"2017-05-10 11:07:47","type":"sys","content":"pci 0000:00:16.6: BAR 13: can't assign io (size 0x1000)","count":1733},{"creator":"kernel","lv":"0","datetime":"2017-05-10 11:07:47","type":"sys","content":"pci 0000:00:16.5: BAR 13: can't assign io (size 0x1000)","count":1732},{"creator":"kernel","lv":"0","datetime":"2017-05-10 11:07:47","type":"sys","content":"pci 0000:00:16.4: BAR 13: can't assign io (size 0x1000)","count":1731},{"creator":"kernel","lv":"0","datetime":"2017-05-10 11:07:47","type":"sys","content":"pci 0000:00:16.3: BAR 13: can't assign io (size 0x1000)","count":1730},{"creator":"kernel","lv":"0","datetime":"2017-05-10 11:07:47","type":"sys","content":"pci 0000:00:15.7: BAR 13: can't assign io (size 0x1000)","count":1729},{"creator":"kernel","lv":"0","datetime":"2017-05-10 11:07:47","type":"sys","content":"pci 0000:00:15.6: BAR 13: can't assign io (size 0x1000)","count":1728},{"creator":"kernel","lv":"0","datetime":"2017-05-10 11:07:47","type":"sys","content":"pci 0000:00:15.5: BAR 13: can't assign io (size 0x1000)","count":1727},{"creator":"kernel","lv":"0","datetime":"2017-05-10 11:07:47","type":"sys","content":"pci 0000:00:15.4: BAR 13: can't assign io (size 0x1000)","count":1726},{"creator":"kernel","lv":"0","datetime":"2017-05-10 11:07:47","type":"sys","content":"pci 0000:00:15.3: BAR 13: can't assign io (size 0x1000)","count":1725},{"creator":"kernel","lv":"0","datetime":"2017-05-10 11:07:47","type":"sys","content":"pci 0000:00:01.0: PCI bridge to [bus 01]","count":1629},{"creator":"kernel","lv":"0","datetime":"2017-05-10 11:07:47","type":"sys","content":"pci 0000:02:01.0: BAR 6: assigned [mem 0xfd500000-0xfd50ffff pref]","count":1746},{"creator":"kernel","lv":"0","datetime":"2017-05-10 11:07:47","type":"sys","content":"pci 0000:00:11.0: PCI bridge to [bus 02]","count":1747},{"creator":"kernel","lv":"0","datetime":"2017-05-10 11:07:47","type":"sys","content":"pci 0000:00:11.0:   bridge window [io  0x2000-0x3fff]","count":1748},{"creator":"kernel","lv":"0","datetime":"2017-05-10 11:07:47","type":"sys","content":"pci 0000:00:11.0:   bridge window [mem 0xfd500000-0xfdffffff]","count":1749},{"creator":"kernel","lv":"0","datetime":"2017-05-10 11:07:47","type":"sys","content":"pci 0000:00:11.0:   bridge window [mem 0xe7b00000-0xe7ffffff 64bit pref]","count":1750},{"creator":"kernel","lv":"0","datetime":"2017-05-10 11:07:47","type":"sys","content":"pci 0000:00:15.0: PCI bridge to [bus 03]","count":1667},{"creator":"kernel","lv":"0","datetime":"2017-05-10 11:07:47","type":"sys","content":"pci 0000:00:15.0:   bridge window [io  0x4000-0x4fff]","count":1751},{"creator":"kernel","lv":"0","datetime":"2017-05-10 11:07:47","type":"sys","content":"pci 0000:00:15.0:   bridge window [mem 0xfd400000-0xfd4fffff]","count":1752},{"creator":"kernel","lv":"0","datetime":"2017-05-10 11:07:47","type":"sys","content":"pci 0000:00:15.0:   bridge window [mem 0xe7a00000-0xe7afffff 64bit pref]","count":1753},{"creator":"kernel","lv":"0","datetime":"2017-05-10 11:07:47","type":"sys","content":"pci 0000:00:15.1: PCI bridge to [bus 04]","count":1668},{"creator":"kernel","lv":"0","datetime":"2017-05-10 11:07:47","type":"sys","content":"pci 0000:00:15.1:   bridge window [io  0x8000-0x8fff]","count":1754},{"creator":"kernel","lv":"0","datetime":"2017-05-10 11:07:47","type":"sys","content":"pci 0000:00:15.1:   bridge window [mem 0xfd000000-0xfd0fffff]","count":1755},{"creator":"kernel","lv":"0","datetime":"2017-05-10 11:07:47","type":"sys","content":"pci 0000:00:15.1:   bridge window [mem 0xe7600000-0xe76fffff 64bit pref]","count":1756},{"creator":"kernel","lv":"0","datetime":"2017-05-10 11:07:47","type":"sys","content":"pci 0000:00:15.2: PCI bridge to [bus 05]","count":1669},{"creator":"kernel","lv":"0","datetime":"2017-05-10 11:07:47","type":"sys","content":"pci 0000:00:15.2:   bridge window [io  0xc000-0xcfff]","count":1757},{"creator":"kernel","lv":"0","datetime":"2017-05-10 11:07:47","type":"sys","content":"pci 0000:00:15.2:   bridge window [mem 0xfcc00000-0xfccfffff]","count":1758},{"creator":"kernel","lv":"0","datetime":"2017-05-10 11:07:47","type":"sys","content":"pci 0000:00:15.2:   bridge window [mem 0xe7200000-0xe72fffff 64bit pref]","count":1759},{"creator":"kernel","lv":"0","datetime":"2017-05-10 11:07:47","type":"sys","content":"pci 0000:00:15.3: PCI bridge to [bus 06]","count":1670},{"creator":"kernel","lv":"0","datetime":"2017-05-10 11:07:47","type":"sys","content":"pci 0000:00:15.3:   bridge window [mem 0xfc800000-0xfc8fffff]","count":1760},{"creator":"kernel","lv":"0","datetime":"2017-05-10 11:07:47","type":"sys","content":"pci 0000:00:15.3:   bridge window [mem 0xe6e00000-0xe6efffff 64bit pref]","count":1761},{"creator":"kernel","lv":"0","datetime":"2017-05-10 11:07:47","type":"sys","content":"pci 0000:00:15.4: PCI bridge to [bus 07]","count":1671},{"creator":"kernel","lv":"0","datetime":"2017-05-10 11:07:47","type":"sys","content":"pci 0000:00:15.4:   bridge window [mem 0xfc400000-0xfc4fffff]","count":1762},{"creator":"kernel","lv":"0","datetime":"2017-05-10 11:07:47","type":"sys","content":"pci 0000:00:15.4:   bridge window [mem 0xe6a00000-0xe6afffff 64bit pref]","count":1763},{"creator":"kernel","lv":"0","datetime":"2017-05-10 11:07:47","type":"sys","content":"pci 0000:00:15.5: PCI bridge to [bus 08]","count":1672},{"creator":"kernel","lv":"0","datetime":"2017-05-10 11:07:47","type":"sys","content":"pci 0000:00:15.5:   bridge window [mem 0xfc000000-0xfc0fffff]","count":1764},{"creator":"kernel","lv":"0","datetime":"2017-05-10 11:07:47","type":"sys","content":"pci 0000:00:15.5:   bridge window [mem 0xe6600000-0xe66fffff 64bit pref]","count":1765},{"creator":"kernel","lv":"0","datetime":"2017-05-10 11:07:47","type":"sys","content":"pci 0000:00:15.6: PCI bridge to [bus 09]","count":1673},{"creator":"kernel","lv":"0","datetime":"2017-05-10 11:07:47","type":"sys","content":"pci 0000:00:15.6:   bridge window [mem 0xfbc00000-0xfbcfffff]","count":1766},{"creator":"kernel","lv":"0","datetime":"2017-05-10 11:07:47","type":"sys","content":"pci 0000:00:15.6:   bridge window [mem 0xe6200000-0xe62fffff 64bit pref]","count":1767},{"creator":"kernel","lv":"0","datetime":"2017-05-10 11:07:47","type":"sys","content":"pci 0000:00:15.7: PCI bridge to [bus 0a]","count":1674},{"creator":"kernel","lv":"0","datetime":"2017-05-10 11:07:47","type":"sys","content":"pci 0000:00:15.7:   bridge window [mem 0xfb800000-0xfb8fffff]","count":1768},{"creator":"kernel","lv":"0","datetime":"2017-05-10 11:07:47","type":"sys","content":"pci 0000:00:15.7:   bridge window [mem 0xe5e00000-0xe5efffff 64bit pref]","count":1769},{"creator":"kernel","lv":"0","datetime":"2017-05-10 11:07:47","type":"sys","content":"pci 0000:00:16.0: PCI bridge to [bus 0b]","count":1675},{"creator":"kernel","lv":"0","datetime":"2017-05-10 11:07:47","type":"sys","content":"pci 0000:00:16.0:   bridge window [io  0x5000-0x5fff]","count":1770},{"creator":"kernel","lv":"0","datetime":"2017-05-10 11:07:47","type":"sys","content":"pci 0000:00:16.0:   bridge window [mem 0xfd300000-0xfd3fffff]","count":1771},{"creator":"kernel","lv":"0","datetime":"2017-05-10 11:07:47","type":"sys","content":"pci 0000:00:16.0:   bridge window [mem 0xe7900000-0xe79fffff 64bit pref]","count":1772},{"creator":"kernel","lv":"0","datetime":"2017-05-10 11:07:47","type":"sys","content":"pci 0000:00:16.1: PCI bridge to [bus 0c]","count":1676},{"creator":"kernel","lv":"0","datetime":"2017-05-10 11:07:47","type":"sys","content":"pci 0000:00:16.1:   bridge window [io  0x9000-0x9fff]","count":1773},{"creator":"kernel","lv":"0","datetime":"2017-05-10 11:07:47","type":"sys","content":"pci 0000:00:16.1:   bridge window [mem 0xfcf00000-0xfcffffff]","count":1774},{"creator":"kernel","lv":"0","datetime":"2017-05-10 11:07:47","type":"sys","content":"pci 0000:00:16.1:   bridge window [mem 0xe7500000-0xe75fffff 64bit pref]","count":1775},{"creator":"kernel","lv":"0","datetime":"2017-05-10 11:07:47","type":"sys","content":"pci 0000:00:16.2: PCI bridge to [bus 0d]","count":1677},{"creator":"kernel","lv":"0","datetime":"2017-05-10 11:07:47","type":"sys","content":"pci 0000:00:16.2:   bridge window [io  0xd000-0xdfff]","count":1776},{"creator":"kernel","lv":"0","datetime":"2017-05-10 11:07:47","type":"sys","content":"pci 0000:00:16.2:   bridge window [mem 0xfcb00000-0xfcbfffff]","count":1777},{"creator":"kernel","lv":"0","datetime":"2017-05-10 11:07:47","type":"sys","content":"pci 0000:00:16.2:   bridge window [mem 0xe7100000-0xe71fffff 64bit pref]","count":1778},{"creator":"kernel","lv":"0","datetime":"2017-05-10 11:07:47","type":"sys","content":"pci 0000:00:16.3: PCI bridge to [bus 0e]","count":1678},{"creator":"kernel","lv":"0","datetime":"2017-05-10 11:07:47","type":"sys","content":"pci 0000:00:16.3:   bridge window [mem 0xfc700000-0xfc7fffff]","count":1779},{"creator":"kernel","lv":"0","datetime":"2017-05-10 11:07:47","type":"sys","content":"pci 0000:00:16.3:   bridge window [mem 0xe6d00000-0xe6dfffff 64bit pref]","count":1780},{"creator":"kernel","lv":"0","datetime":"2017-05-10 11:07:47","type":"sys","content":"pci 0000:00:16.4: PCI bridge to [bus 0f]","count":1679},{"creator":"kernel","lv":"0","datetime":"2017-05-10 11:07:47","type":"sys","content":"pci 0000:00:16.4:   bridge window [mem 0xfc300000-0xfc3fffff]","count":1781},{"creator":"kernel","lv":"0","datetime":"2017-05-10 11:07:47","type":"sys","content":"pci 0000:00:16.4:   bridge window [mem 0xe6900000-0xe69fffff 64bit pref]","count":1782},{"creator":"kernel","lv":"0","datetime":"2017-05-10 11:07:47","type":"sys","content":"pci 0000:00:16.5: PCI bridge to [bus 10]","count":1680},{"creator":"kernel","lv":"0","datetime":"2017-05-10 11:07:47","type":"sys","content":"pci 0000:00:16.5:   bridge window [mem 0xfbf00000-0xfbffffff]","count":1783},{"creator":"kernel","lv":"0","datetime":"2017-05-10 11:07:47","type":"sys","content":"pci 0000:00:16.5:   bridge window [mem 0xe6500000-0xe65fffff 64bit pref]","count":1784},{"creator":"kernel","lv":"0","datetime":"2017-05-10 11:07:47","type":"sys","content":"pci 0000:00:16.6: PCI bridge to [bus 11]","count":1681},{"creator":"kernel","lv":"0","datetime":"2017-05-10 11:07:47","type":"sys","content":"pci 0000:00:16.6:   bridge window [mem 0xfbb00000-0xfbbfffff]","count":1785},{"creator":"kernel","lv":"0","datetime":"2017-05-10 11:07:47","type":"sys","content":"pci 0000:00:16.6:   bridge window [mem 0xe6100000-0xe61fffff 64bit pref]","count":1786},{"creator":"kernel","lv":"0","datetime":"2017-05-10 11:07:47","type":"sys","content":"pci 0000:00:16.7: PCI bridge to [bus 12]","count":1682},{"creator":"kernel","lv":"0","datetime":"2017-05-10 11:07:47","type":"sys","content":"pci 0000:00:16.7:   bridge window [mem 0xfb700000-0xfb7fffff]","count":1787},{"creator":"kernel","lv":"0","datetime":"2017-05-10 11:07:47","type":"sys","content":"pci 0000:00:16.7:   bridge window [mem 0xe5d00000-0xe5dfffff 64bit pref]","count":1788},{"creator":"kernel","lv":"0","datetime":"2017-05-10 11:07:47","type":"sys","content":"pci 0000:00:17.0: PCI bridge to [bus 13]","count":1683},{"creator":"kernel","lv":"0","datetime":"2017-05-10 11:07:47","type":"sys","content":"pci 0000:00:17.0:   bridge window [io  0x6000-0x6fff]","count":1789},{"creator":"kernel","lv":"0","datetime":"2017-05-10 11:07:47","type":"sys","content":"pci 0000:00:17.0:   bridge window [mem 0xfd200000-0xfd2fffff]","count":1790},{"creator":"kernel","lv":"0","datetime":"2017-05-10 11:07:47","type":"sys","content":"pci 0000:00:17.0:   bridge window [mem 0xe7800000-0xe78fffff 64bit pref]","count":1791},{"creator":"kernel","lv":"0","datetime":"2017-05-10 11:07:47","type":"sys","content":"pci 0000:00:17.1: PCI bridge to [bus 14]","count":1684},{"creator":"kernel","lv":"0","datetime":"2017-05-10 11:07:47","type":"sys","content":"pci 0000:00:17.1:   bridge window [io  0xa000-0xafff]","count":1792},{"creator":"kernel","lv":"0","datetime":"2017-05-10 11:07:47","type":"sys","content":"pci 0000:00:17.1:   bridge window [mem 0xfce00000-0xfcefffff]","count":1793},{"creator":"kernel","lv":"0","datetime":"2017-05-10 11:07:47","type":"sys","content":"pci 0000:00:17.1:   bridge window [mem 0xe7400000-0xe74fffff 64bit pref]","count":1794},{"creator":"kernel","lv":"0","datetime":"2017-05-10 11:07:47","type":"sys","content":"pci 0000:00:17.2: PCI bridge to [bus 15]","count":1685},{"creator":"kernel","lv":"0","datetime":"2017-05-10 11:07:47","type":"sys","content":"pci 0000:00:17.2:   bridge window [io  0xe000-0xefff]","count":1795},{"creator":"kernel","lv":"0","datetime":"2017-05-10 11:07:47","type":"sys","content":"pci 0000:00:17.2:   bridge window [mem 0xfca00000-0xfcafffff]","count":1796},{"creator":"kernel","lv":"0","datetime":"2017-05-10 11:07:47","type":"sys","content":"pci 0000:00:17.2:   bridge window [mem 0xe7000000-0xe70fffff 64bit pref]","count":1797},{"creator":"kernel","lv":"0","datetime":"2017-05-10 11:07:47","type":"sys","content":"pci 0000:00:17.3: PCI bridge to [bus 16]","count":1686},{"creator":"kernel","lv":"0","datetime":"2017-05-10 11:07:47","type":"sys","content":"pci 0000:00:17.3:   bridge window [mem 0xfc600000-0xfc6fffff]","count":1798},{"creator":"kernel","lv":"0","datetime":"2017-05-10 11:07:47","type":"sys","content":"pci 0000:00:17.3:   bridge window [mem 0xe6c00000-0xe6cfffff 64bit pref]","count":1799},{"creator":"kernel","lv":"0","datetime":"2017-05-10 11:07:47","type":"sys","content":"pci 0000:00:17.4: PCI bridge to [bus 17]","count":1687},{"creator":"kernel","lv":"0","datetime":"2017-05-10 11:07:47","type":"sys","content":"pci 0000:00:17.4:   bridge window [mem 0xfc200000-0xfc2fffff]","count":1800},{"creator":"kernel","lv":"0","datetime":"2017-05-10 11:07:47","type":"sys","content":"pci 0000:00:17.4:   bridge window [mem 0xe6800000-0xe68fffff 64bit pref]","count":1801},{"creator":"kernel","lv":"0","datetime":"2017-05-10 11:07:47","type":"sys","content":"pci 0000:00:17.5: PCI bridge to [bus 18]","count":1688},{"creator":"kernel","lv":"0","datetime":"2017-05-10 11:07:47","type":"sys","content":"pci 0000:00:17.5:   bridge window [mem 0xfbe00000-0xfbefffff]","count":1802},{"creator":"kernel","lv":"0","datetime":"2017-05-10 11:07:47","type":"sys","content":"pci 0000:00:17.5:   bridge window [mem 0xe6400000-0xe64fffff 64bit pref]","count":1803},{"creator":"kernel","lv":"0","datetime":"2017-05-10 11:07:47","type":"sys","content":"pci 0000:00:17.6: PCI bridge to [bus 19]","count":1689},{"creator":"kernel","lv":"0","datetime":"2017-05-10 11:07:47","type":"sys","content":"pci 0000:00:17.6:   bridge window [mem 0xfba00000-0xfbafffff]","count":1804},{"creator":"kernel","lv":"0","datetime":"2017-05-10 11:07:47","type":"sys","content":"pci 0000:00:17.6:   bridge window [mem 0xe6000000-0xe60fffff 64bit pref]","count":1805},{"creator":"kernel","lv":"0","datetime":"2017-05-10 11:07:47","type":"sys","content":"pci 0000:00:17.7: PCI bridge to [bus 1a]","count":1690},{"creator":"kernel","lv":"0","datetime":"2017-05-10 11:07:47","type":"sys","content":"pci 0000:00:17.7:   bridge window [mem 0xfb600000-0xfb6fffff]","count":1806},{"creator":"kernel","lv":"0","datetime":"2017-05-10 11:07:47","type":"sys","content":"pci 0000:00:17.7:   bridge window [mem 0xe5c00000-0xe5cfffff 64bit pref]","count":1807},{"creator":"kernel","lv":"0","datetime":"2017-05-10 11:07:47","type":"sys","content":"pci 0000:00:18.0: PCI bridge to [bus 1b]","count":1691},{"creator":"kernel","lv":"0","datetime":"2017-05-10 11:07:47","type":"sys","content":"pci 0000:00:18.0:   bridge window [io  0x7000-0x7fff]","count":1808},{"creator":"kernel","lv":"0","datetime":"2017-05-10 11:07:47","type":"sys","content":"pci 0000:00:18.0:   bridge window [mem 0xfd100000-0xfd1fffff]","count":1809},{"creator":"kernel","lv":"0","datetime":"2017-05-10 11:07:47","type":"sys","content":"pci 0000:00:18.0:   bridge window [mem 0xe7700000-0xe77fffff 64bit pref]","count":1810},{"creator":"kernel","lv":"0","datetime":"2017-05-10 11:07:47","type":"sys","content":"pci 0000:00:18.1: PCI bridge to [bus 1c]","count":1692},{"creator":"kernel","lv":"0","datetime":"2017-05-10 11:07:47","type":"sys","content":"pci 0000:00:18.1:   bridge window [io  0xb000-0xbfff]","count":1811},{"creator":"kernel","lv":"0","datetime":"2017-05-10 11:07:47","type":"sys","content":"pci 0000:00:18.1:   bridge window [mem 0xfcd00000-0xfcdfffff]","count":1812},{"creator":"kernel","lv":"0","datetime":"2017-05-10 11:07:47","type":"sys","content":"pci 0000:00:18.1:   bridge window [mem 0xe7300000-0xe73fffff 64bit pref]","count":1813},{"creator":"kernel","lv":"0","datetime":"2017-05-10 11:07:47","type":"sys","content":"pci 0000:00:18.2: PCI bridge to [bus 1d]","count":1693},{"creator":"kernel","lv":"0","datetime":"2017-05-10 11:07:47","type":"sys","content":"pci 0000:00:18.2:   bridge window [mem 0xfc900000-0xfc9fffff]","count":1814},{"creator":"kernel","lv":"0","datetime":"2017-05-10 11:07:47","type":"sys","content":"pci 0000:00:18.2:   bridge window [mem 0xe6f00000-0xe6ffffff 64bit pref]","count":1815},{"creator":"kernel","lv":"0","datetime":"2017-05-10 11:07:47","type":"sys","content":"pci 0000:00:18.3: PCI bridge to [bus 1e]","count":1694},{"creator":"kernel","lv":"0","datetime":"2017-05-10 11:07:47","type":"sys","content":"pci 0000:00:18.3:   bridge window [mem 0xfc500000-0xfc5fffff]","count":1816},{"creator":"kernel","lv":"0","datetime":"2017-05-10 11:07:47","type":"sys","content":"pci 0000:00:18.3:   bridge window [mem 0xe6b00000-0xe6bfffff 64bit pref]","count":1817},{"creator":"kernel","lv":"0","datetime":"2017-05-10 11:07:47","type":"sys","content":"pci 0000:00:18.4: PCI bridge to [bus 1f]","count":1695},{"creator":"kernel","lv":"0","datetime":"2017-05-10 11:07:47","type":"sys","content":"pci 0000:00:18.4:   bridge window [mem 0xfc100000-0xfc1fffff]","count":1818},{"creator":"kernel","lv":"0","datetime":"2017-05-10 11:07:47","type":"sys","content":"pci 0000:00:18.4:   bridge window [mem 0xe6700000-0xe67fffff 64bit pref]","count":1819},{"creator":"kernel","lv":"0","datetime":"2017-05-10 11:07:47","type":"sys","content":"pci 0000:00:18.5: PCI bridge to [bus 20]","count":1696},{"creator":"kernel","lv":"0","datetime":"2017-05-10 11:07:47","type":"sys","content":"pci 0000:00:18.5:   bridge window [mem 0xfbd00000-0xfbdfffff]","count":1820},{"creator":"kernel","lv":"0","datetime":"2017-05-10 11:07:47","type":"sys","content":"pci 0000:00:18.5:   bridge window [mem 0xe6300000-0xe63fffff 64bit pref]","count":1821},{"creator":"kernel","lv":"0","datetime":"2017-05-10 11:07:47","type":"sys","content":"pci 0000:00:18.6: PCI bridge to [bus 21]","count":1697},{"creator":"kernel","lv":"0","datetime":"2017-05-10 11:07:47","type":"sys","content":"pci 0000:00:18.6:   bridge window [mem 0xfb900000-0xfb9fffff]","count":1822},{"creator":"kernel","lv":"0","datetime":"2017-05-10 11:07:47","type":"sys","content":"pci 0000:00:18.6:   bridge window [mem 0xe5f00000-0xe5ffffff 64bit pref]","count":1823},{"creator":"kernel","lv":"0","datetime":"2017-05-10 11:07:47","type":"sys","content":"pci 0000:00:18.7: PCI bridge to [bus 22]","count":1698},{"creator":"kernel","lv":"0","datetime":"2017-05-10 11:07:47","type":"sys","content":"pci 0000:00:18.7:   bridge window [mem 0xfb500000-0xfb5fffff]","count":1824},{"creator":"kernel","lv":"0","datetime":"2017-05-10 11:07:47","type":"sys","content":"pci 0000:00:18.7:   bridge window [mem 0xe5b00000-0xe5bfffff 64bit pref]","count":1825},{"creator":"kernel","lv":"0","datetime":"2017-05-10 11:07:47","type":"sys","content":"NET: Registered protocol family 2","count":1826},{"creator":"kernel","lv":"0","datetime":"2017-05-10 11:07:47","type":"sys","content":"TCP established hash table entries: 16384 (order: 5, 131072 bytes)","count":1827},{"creator":"kernel","lv":"0","datetime":"2017-05-10 11:07:47","type":"sys","content":"TCP bind hash table entries: 16384 (order: 6, 262144 bytes)","count":1828},{"creator":"kernel","lv":"0","datetime":"2017-05-10 11:07:47","type":"sys","content":"TCP: Hash tables configured (established 16384 bind 16384)","count":1829},{"creator":"kernel","lv":"0","datetime":"2017-05-10 11:07:47","type":"sys","content":"TCP: reno registered","count":1830},{"creator":"kernel","lv":"0","datetime":"2017-05-10 11:07:47","type":"sys","content":"UDP hash table entries: 1024 (order: 3, 32768 bytes)","count":1831},{"creator":"kernel","lv":"0","datetime":"2017-05-10 11:07:47","type":"sys","content":"UDP-Lite hash table entries: 1024 (order: 3, 32768 bytes)","count":1832},{"creator":"kernel","lv":"0","datetime":"2017-05-10 11:07:47","type":"sys","content":"NET: Registered protocol family 1","count":1833},{"creator":"kernel","lv":"0","datetime":"2017-05-10 11:07:47","type":"sys","content":"pci 0000:00:00.0: Limiting direct PCI\/PCI transfers","count":1834},{"creator":"kernel","lv":"0","datetime":"2017-05-10 11:07:47","type":"sys","content":"Unpacking initramfs...","count":1835},{"creator":"kernel","lv":"0","datetime":"2017-05-10 11:07:47","type":"sys","content":"Freeing initrd memory: 15252K (ffff880036226000 - ffff88003710b000)","count":1836},{"creator":"kernel","lv":"0","datetime":"2017-05-10 11:07:47","type":"sys","content":"Simple Boot Flag at 0x36 set to 0x80","count":1837},{"creator":"kernel","lv":"0","datetime":"2017-05-10 11:07:47","type":"sys","content":"Switched to clocksource tsc","count":1838},{"creator":"kernel","lv":"0","datetime":"2017-05-10 11:07:47","type":"sys","content":"RAPL PMU detected, hw unit 2^-0 Joules, API unit is 2^-32 Joules, 3 fixed counters 10737418240 ms ovfl timer","count":1839},{"creator":"kernel","lv":"0","datetime":"2017-05-10 11:07:47","type":"sys","content":"microcode: CPU0 sig=0x306a9, pf=0x1, revision=0x1b","count":1840},{"creator":"kernel","lv":"0","datetime":"2017-05-10 11:07:47","type":"sys","content":"microcode: Microcode Update Driver: v2.00 <tigran@aivazian.fsnet.co.uk>, Peter Oruba","count":1841},{"creator":"kernel","lv":"0","datetime":"2017-05-10 11:07:47","type":"sys","content":"futex hash table entries: 256 (order: 2, 16384 bytes)","count":1842},{"creator":"kernel","lv":"0","datetime":"2017-05-10 11:07:47","type":"sys","content":"audit: initializing netlink subsys (disabled)","count":1843},{"creator":"kernel","lv":"0","datetime":"2017-05-10 11:07:47","type":"sys","content":"audit: type=2000 audit(1494428843.761:1): initialized","count":1844},{"creator":"kernel","lv":"0","datetime":"2017-05-10 11:07:47","type":"sys","content":"HugeTLB registered 2 MB page size, pre-allocated 0 pages","count":1845},{"creator":"kernel","lv":"0","datetime":"2017-05-10 11:07:47","type":"sys","content":"zbud: loaded","count":1846},{"creator":"kernel","lv":"0","datetime":"2017-05-10 11:07:47","type":"sys","content":"VFS: Disk quotas dquot_6.5.2","count":1847},{"creator":"kernel","lv":"0","datetime":"2017-05-10 11:07:47","type":"sys","content":"Dquot-cache hash table entries: 512 (order 0, 4096 bytes)","count":1848},{"creator":"kernel","lv":"0","datetime":"2017-05-10 11:07:47","type":"sys","content":"msgmni has been set to 4016","count":1849},{"creator":"kernel","lv":"0","datetime":"2017-05-10 11:07:47","type":"sys","content":"alg: No test for stdrng (krng)","count":1850},{"creator":"kernel","lv":"0","datetime":"2017-05-10 11:07:47","type":"sys","content":"Block layer SCSI generic (bsg) driver version 0.4 loaded (major 252)","count":1851},{"creator":"kernel","lv":"0","datetime":"2017-05-10 11:07:47","type":"sys","content":"io scheduler noop registered","count":1852},{"creator":"kernel","lv":"0","datetime":"2017-05-10 11:07:47","type":"sys","content":"io scheduler deadline registered","count":1853},{"creator":"kernel","lv":"0","datetime":"2017-05-10 11:07:47","type":"sys","content":"io scheduler cfq registered (default)","count":1854},{"creator":"kernel","lv":"0","datetime":"2017-05-10 11:07:47","type":"sys","content":"pcieport 0000:00:15.0: Signaling PME through PCIe PME interrupt","count":1855},{"creator":"kernel","lv":"0","datetime":"2017-05-10 11:07:47","type":"sys","content":"pcieport 0000:00:15.1: Signaling PME through PCIe PME interrupt","count":1856},{"creator":"kernel","lv":"0","datetime":"2017-05-10 11:07:47","type":"sys","content":"pcieport 0000:00:15.2: Signaling PME through PCIe PME interrupt","count":1857},{"creator":"kernel","lv":"0","datetime":"2017-05-10 11:07:47","type":"sys","content":"pcieport 0000:00:15.3: Signaling PME through PCIe PME interrupt","count":1858},{"creator":"kernel","lv":"0","datetime":"2017-05-10 11:07:47","type":"sys","content":"pcieport 0000:00:15.4: Signaling PME through PCIe PME interrupt","count":1859},{"creator":"kernel","lv":"0","datetime":"2017-05-10 11:07:47","type":"sys","content":"pcieport 0000:00:15.5: Signaling PME through PCIe PME interrupt","count":1860},{"creator":"kernel","lv":"0","datetime":"2017-05-10 11:07:47","type":"sys","content":"pcieport 0000:00:15.6: Signaling PME through PCIe PME interrupt","count":1861},{"creator":"kernel","lv":"0","datetime":"2017-05-10 11:07:47","type":"sys","content":"pcieport 0000:00:15.7: Signaling PME through PCIe PME interrupt","count":1862},{"creator":"kernel","lv":"0","datetime":"2017-05-10 11:07:47","type":"sys","content":"pcieport 0000:00:16.0: Signaling PME through PCIe PME interrupt","count":1863},{"creator":"kernel","lv":"0","datetime":"2017-05-10 11:07:47","type":"sys","content":"pcieport 0000:00:16.1: Signaling PME through PCIe PME interrupt","count":1864},{"creator":"kernel","lv":"0","datetime":"2017-05-10 11:07:47","type":"sys","content":"pcieport 0000:00:16.2: Signaling PME through PCIe PME interrupt","count":1865},{"creator":"kernel","lv":"0","datetime":"2017-05-10 11:07:47","type":"sys","content":"pcieport 0000:00:16.3: Signaling PME through PCIe PME interrupt","count":1866},{"creator":"kernel","lv":"0","datetime":"2017-05-10 11:07:47","type":"sys","content":"pcieport 0000:00:16.4: Signaling PME through PCIe PME interrupt","count":1867},{"creator":"kernel","lv":"0","datetime":"2017-05-10 11:07:47","type":"sys","content":"pcieport 0000:00:16.5: Signaling PME through PCIe PME interrupt","count":1868},{"creator":"kernel","lv":"0","datetime":"2017-05-10 11:07:47","type":"sys","content":"pcieport 0000:00:16.6: Signaling PME through PCIe PME interrupt","count":1869},{"creator":"kernel","lv":"0","datetime":"2017-05-10 11:07:47","type":"sys","content":"pcieport 0000:00:16.7: Signaling PME through PCIe PME interrupt","count":1870},{"creator":"kernel","lv":"0","datetime":"2017-05-10 11:07:47","type":"sys","content":"pcieport 0000:00:17.0: Signaling PME through PCIe PME interrupt","count":1871},{"creator":"kernel","lv":"0","datetime":"2017-05-10 11:07:47","type":"sys","content":"pcieport 0000:00:17.1: Signaling PME through PCIe PME interrupt","count":1872},{"creator":"kernel","lv":"0","datetime":"2017-05-10 11:07:47","type":"sys","content":"pcieport 0000:00:17.2: Signaling PME through PCIe PME interrupt","count":1873},{"creator":"kernel","lv":"0","datetime":"2017-05-10 11:07:47","type":"sys","content":"pcieport 0000:00:17.3: Signaling PME through PCIe PME interrupt","count":1874},{"creator":"kernel","lv":"0","datetime":"2017-05-10 11:07:47","type":"sys","content":"pcieport 0000:00:17.4: Signaling PME through PCIe PME interrupt","count":1875},{"creator":"kernel","lv":"0","datetime":"2017-05-10 11:07:47","type":"sys","content":"pcieport 0000:00:17.5: Signaling PME through PCIe PME interrupt","count":1876},{"creator":"kernel","lv":"0","datetime":"2017-05-10 11:07:47","type":"sys","content":"pcieport 0000:00:17.6: Signaling PME through PCIe PME interrupt","count":1877},{"creator":"kernel","lv":"0","datetime":"2017-05-10 11:07:47","type":"sys","content":"pcieport 0000:00:17.7: Signaling PME through PCIe PME interrupt","count":1878},{"creator":"kernel","lv":"0","datetime":"2017-05-10 11:07:47","type":"sys","content":"pcieport 0000:00:18.0: Signaling PME through PCIe PME interrupt","count":1879},{"creator":"kernel","lv":"0","datetime":"2017-05-10 11:07:47","type":"sys","content":"pcieport 0000:00:18.1: Signaling PME through PCIe PME interrupt","count":1880},{"creator":"kernel","lv":"0","datetime":"2017-05-10 11:07:47","type":"sys","content":"pcieport 0000:00:18.2: Signaling PME through PCIe PME interrupt","count":1881},{"creator":"kernel","lv":"0","datetime":"2017-05-10 11:07:47","type":"sys","content":"pcieport 0000:00:18.3: Signaling PME through PCIe PME interrupt","count":1882},{"creator":"kernel","lv":"0","datetime":"2017-05-10 11:07:47","type":"sys","content":"pcieport 0000:00:18.4: Signaling PME through PCIe PME interrupt","count":1883},{"creator":"kernel","lv":"0","datetime":"2017-05-10 11:07:47","type":"sys","content":"pcieport 0000:00:18.5: Signaling PME through PCIe PME interrupt","count":1884},{"creator":"kernel","lv":"0","datetime":"2017-05-10 11:07:47","type":"sys","content":"pcieport 0000:00:18.6: Signaling PME through PCIe PME interrupt","count":1885},{"creator":"kernel","lv":"0","datetime":"2017-05-10 11:07:47","type":"sys","content":"pcieport 0000:00:18.7: Signaling PME through PCIe PME interrupt","count":1886},{"creator":"kernel","lv":"0","datetime":"2017-05-10 11:07:47","type":"sys","content":"pci_hotplug: PCI Hot Plug PCI Core version: 0.5","count":1887},{"creator":"kernel","lv":"0","datetime":"2017-05-10 11:07:47","type":"sys","content":"pciehp 0000:00:15.0:pcie04: Slot #160 AttnBtn+ AttnInd- PwrInd- PwrCtrl+ MRL- Interlock- NoCompl+ LLActRep+","count":1888},{"creator":"kernel","lv":"0","datetime":"2017-05-10 11:07:47","type":"sys","content":"pciehp 0000:00:15.1:pcie04: Slot #161 AttnBtn+ AttnInd- PwrInd- PwrCtrl+ MRL- Interlock- NoCompl+ LLActRep+","count":1889},{"creator":"kernel","lv":"0","datetime":"2017-05-10 11:07:47","type":"sys","content":"pciehp 0000:00:15.2:pcie04: Slot #162 AttnBtn+ AttnInd- PwrInd- PwrCtrl+ MRL- Interlock- NoCompl+ LLActRep+","count":1890},{"creator":"kernel","lv":"0","datetime":"2017-05-10 11:07:47","type":"sys","content":"pciehp 0000:00:15.3:pcie04: Slot #163 AttnBtn+ AttnInd- PwrInd- PwrCtrl+ MRL- Interlock- NoCompl+ LLActRep+","count":1891},{"creator":"kernel","lv":"0","datetime":"2017-05-10 11:07:47","type":"sys","content":"pciehp 0000:00:15.4:pcie04: Slot #164 AttnBtn+ AttnInd- PwrInd- PwrCtrl+ MRL- Interlock- NoCompl+ LLActRep+","count":1892},{"creator":"kernel","lv":"0","datetime":"2017-05-10 11:07:47","type":"sys","content":"pciehp 0000:00:15.5:pcie04: Slot #165 AttnBtn+ AttnInd- PwrInd- PwrCtrl+ MRL- Interlock- NoCompl+ LLActRep+","count":1893},{"creator":"kernel","lv":"0","datetime":"2017-05-10 11:07:47","type":"sys","content":"pciehp 0000:00:15.6:pcie04: Slot #166 AttnBtn+ AttnInd- PwrInd- PwrCtrl+ MRL- Interlock- NoCompl+ LLActRep+","count":1894},{"creator":"kernel","lv":"0","datetime":"2017-05-10 11:07:47","type":"sys","content":"pciehp 0000:00:15.7:pcie04: Slot #167 AttnBtn+ AttnInd- PwrInd- PwrCtrl+ MRL- Interlock- NoCompl+ LLActRep+","count":1895},{"creator":"kernel","lv":"0","datetime":"2017-05-10 11:07:47","type":"sys","content":"pciehp 0000:00:16.0:pcie04: Slot #192 AttnBtn+ AttnInd- PwrInd- PwrCtrl+ MRL- Interlock- NoCompl+ LLActRep+","count":1896},{"creator":"kernel","lv":"0","datetime":"2017-05-10 11:07:47","type":"sys","content":"pciehp 0000:00:16.1:pcie04: Slot #193 AttnBtn+ AttnInd- PwrInd- PwrCtrl+ MRL- Interlock- NoCompl+ LLActRep+","count":1897},{"creator":"kernel","lv":"0","datetime":"2017-05-10 11:07:47","type":"sys","content":"pciehp 0000:00:16.2:pcie04: Slot #194 AttnBtn+ AttnInd- PwrInd- PwrCtrl+ MRL- Interlock- NoCompl+ LLActRep+","count":1898},{"creator":"kernel","lv":"0","datetime":"2017-05-10 11:07:47","type":"sys","content":"pciehp 0000:00:16.3:pcie04: Slot #195 AttnBtn+ AttnInd- PwrInd- PwrCtrl+ MRL- Interlock- NoCompl+ LLActRep+","count":1899},{"creator":"kernel","lv":"0","datetime":"2017-05-10 11:07:47","type":"sys","content":"pciehp 0000:00:16.4:pcie04: Slot #196 AttnBtn+ AttnInd- PwrInd- PwrCtrl+ MRL- Interlock- NoCompl+ LLActRep+","count":1900},{"creator":"kernel","lv":"0","datetime":"2017-05-10 11:07:47","type":"sys","content":"pciehp 0000:00:16.5:pcie04: Slot #197 AttnBtn+ AttnInd- PwrInd- PwrCtrl+ MRL- Interlock- NoCompl+ LLActRep+","count":1901},{"creator":"kernel","lv":"0","datetime":"2017-05-10 11:07:47","type":"sys","content":"pciehp 0000:00:16.6:pcie04: Slot #198 AttnBtn+ AttnInd- PwrInd- PwrCtrl+ MRL- Interlock- NoCompl+ LLActRep+","count":1902},{"creator":"kernel","lv":"0","datetime":"2017-05-10 11:07:47","type":"sys","content":"pciehp 0000:00:16.7:pcie04: Slot #199 AttnBtn+ AttnInd- PwrInd- PwrCtrl+ MRL- Interlock- NoCompl+ LLActRep+","count":1903},{"creator":"kernel","lv":"0","datetime":"2017-05-10 11:07:47","type":"sys","content":"pciehp 0000:00:17.0:pcie04: Slot #224 AttnBtn+ AttnInd- PwrInd- PwrCtrl+ MRL- Interlock- NoCompl+ LLActRep+","count":1904},{"creator":"kernel","lv":"0","datetime":"2017-05-10 11:07:47","type":"sys","content":"pciehp 0000:00:17.1:pcie04: Slot #225 AttnBtn+ AttnInd- PwrInd- PwrCtrl+ MRL- Interlock- NoCompl+ LLActRep+","count":1905},{"creator":"kernel","lv":"0","datetime":"2017-05-10 11:07:47","type":"sys","content":"pciehp 0000:00:17.2:pcie04: Slot #226 AttnBtn+ AttnInd- PwrInd- PwrCtrl+ MRL- Interlock- NoCompl+ LLActRep+","count":1906},{"creator":"kernel","lv":"0","datetime":"2017-05-10 11:07:47","type":"sys","content":"pciehp 0000:00:17.3:pcie04: Slot #227 AttnBtn+ AttnInd- PwrInd- PwrCtrl+ MRL- Interlock- NoCompl+ LLActRep+","count":1907},{"creator":"kernel","lv":"0","datetime":"2017-05-10 11:07:47","type":"sys","content":"pciehp 0000:00:17.4:pcie04: Slot #228 AttnBtn+ AttnInd- PwrInd- PwrCtrl+ MRL- Interlock- NoCompl+ LLActRep+","count":1908},{"creator":"kernel","lv":"0","datetime":"2017-05-10 11:07:47","type":"sys","content":"pciehp 0000:00:17.5:pcie04: Slot #229 AttnBtn+ AttnInd- PwrInd- PwrCtrl+ MRL- Interlock- NoCompl+ LLActRep+","count":1909},{"creator":"kernel","lv":"0","datetime":"2017-05-10 11:07:47","type":"sys","content":"pciehp 0000:00:17.6:pcie04: Slot #230 AttnBtn+ AttnInd- PwrInd- PwrCtrl+ MRL- Interlock- NoCompl+ LLActRep+","count":1910},{"creator":"kernel","lv":"0","datetime":"2017-05-10 11:07:47","type":"sys","content":"pciehp 0000:00:17.7:pcie04: Slot #231 AttnBtn+ AttnInd- PwrInd- PwrCtrl+ MRL- Interlock- NoCompl+ LLActRep+","count":1911},{"creator":"kernel","lv":"0","datetime":"2017-05-10 11:07:47","type":"sys","content":"pciehp 0000:00:18.0:pcie04: Slot #256 AttnBtn+ AttnInd- PwrInd- PwrCtrl+ MRL- Interlock- NoCompl+ LLActRep+","count":1912},{"creator":"kernel","lv":"0","datetime":"2017-05-10 11:07:47","type":"sys","content":"pciehp 0000:00:18.1:pcie04: Slot #257 AttnBtn+ AttnInd- PwrInd- PwrCtrl+ MRL- Interlock- NoCompl+ LLActRep+","count":1913},{"creator":"kernel","lv":"0","datetime":"2017-05-10 11:07:47","type":"sys","content":"pciehp 0000:00:18.2:pcie04: Slot #258 AttnBtn+ AttnInd- PwrInd- PwrCtrl+ MRL- Interlock- NoCompl+ LLActRep+","count":1914},{"creator":"kernel","lv":"0","datetime":"2017-05-10 11:07:47","type":"sys","content":"pciehp 0000:00:18.3:pcie04: Slot #259 AttnBtn+ AttnInd- PwrInd- PwrCtrl+ MRL- Interlock- NoCompl+ LLActRep+","count":1915},{"creator":"kernel","lv":"0","datetime":"2017-05-10 11:07:47","type":"sys","content":"pciehp 0000:00:18.4:pcie04: Slot #260 AttnBtn+ AttnInd- PwrInd- PwrCtrl+ MRL- Interlock- NoCompl+ LLActRep+","count":1916},{"creator":"kernel","lv":"0","datetime":"2017-05-10 11:07:47","type":"sys","content":"pciehp 0000:00:18.5:pcie04: Slot #261 AttnBtn+ AttnInd- PwrInd- PwrCtrl+ MRL- Interlock- NoCompl+ LLActRep+","count":1917},{"creator":"kernel","lv":"0","datetime":"2017-05-10 11:07:47","type":"sys","content":"pciehp 0000:00:18.6:pcie04: Slot #262 AttnBtn+ AttnInd- PwrInd- PwrCtrl+ MRL- Interlock- NoCompl+ LLActRep+","count":1918},{"creator":"kernel","lv":"0","datetime":"2017-05-10 11:07:47","type":"sys","content":"pciehp 0000:00:18.7:pcie04: Slot #263 AttnBtn+ AttnInd- PwrInd- PwrCtrl+ MRL- Interlock- NoCompl+ LLActRep+","count":1919},{"creator":"kernel","lv":"0","datetime":"2017-05-10 11:07:47","type":"sys","content":"pciehp: PCI Express Hot Plug Controller Driver version: 0.4","count":1920},{"creator":"kernel","lv":"0","datetime":"2017-05-10 11:07:47","type":"sys","content":"GHES: HEST is not enabled!","count":1921},{"creator":"kernel","lv":"0","datetime":"2017-05-10 11:07:47","type":"sys","content":"Serial: 8250\/16550 driver, 4 ports, IRQ sharing enabled","count":1922},{"creator":"kernel","lv":"0","datetime":"2017-05-10 11:07:47","type":"sys","content":"Linux agpgart interface v0.103","count":1923},{"creator":"kernel","lv":"0","datetime":"2017-05-10 11:07:47","type":"sys","content":"agpgart-intel 0000:00:00.0: Intel 440BX Chipset","count":1924},{"creator":"kernel","lv":"0","datetime":"2017-05-10 11:07:47","type":"sys","content":"agpgart-intel 0000:00:00.0: AGP aperture is 256M @ 0x0","count":1925},{"creator":"kernel","lv":"0","datetime":"2017-05-10 11:07:47","type":"sys","content":"i8042: PNP: PS\/2 Controller [PNP0303:KBC,PNP0f13:MOUS] at 0x60,0x64 irq 1,12","count":1926},{"creator":"kernel","lv":"0","datetime":"2017-05-10 11:07:47","type":"sys","content":"serio: i8042 KBD port at 0x60,0x64 irq 1","count":1927},{"creator":"kernel","lv":"0","datetime":"2017-05-10 11:07:47","type":"sys","content":"serio: i8042 AUX port at 0x60,0x64 irq 12","count":1928},{"creator":"kernel","lv":"0","datetime":"2017-05-10 11:07:47","type":"sys","content":"mousedev: PS\/2 mouse device common for all mice","count":1929},{"creator":"kernel","lv":"0","datetime":"2017-05-10 11:07:47","type":"sys","content":"rtc_cmos 00:01: rtc core: registered rtc_cmos as rtc0","count":1930},{"creator":"kernel","lv":"0","datetime":"2017-05-10 11:07:47","type":"sys","content":"rtc_cmos 00:01: alarms up to one month, y3k, 114 bytes nvram, hpet irqs","count":1931},{"creator":"kernel","lv":"0","datetime":"2017-05-10 11:07:47","type":"sys","content":"ledtrig-cpu: registered to indicate activity on CPUs","count":1932},{"creator":"kernel","lv":"0","datetime":"2017-05-10 11:07:47","type":"sys","content":"input: AT Translated Set 2 keyboard as \/devices\/platform\/i8042\/serio0\/input\/input0","count":1933},{"creator":"kernel","lv":"0","datetime":"2017-05-10 11:07:47","type":"sys","content":"AMD IOMMUv2 driver by Joerg Roedel <joerg.roedel@amd.com>","count":1934},{"creator":"kernel","lv":"0","datetime":"2017-05-10 11:07:47","type":"sys","content":"AMD IOMMUv2 functionality not available on this system","count":1935},{"creator":"kernel","lv":"0","datetime":"2017-05-10 11:07:47","type":"sys","content":"TCP: cubic registered","count":1936},{"creator":"kernel","lv":"0","datetime":"2017-05-10 11:07:47","type":"sys","content":"NET: Registered protocol family 10","count":1937},{"creator":"kernel","lv":"0","datetime":"2017-05-10 11:07:47","type":"sys","content":"mip6: Mobile IPv6","count":1938},{"creator":"kernel","lv":"0","datetime":"2017-05-10 11:07:47","type":"sys","content":"NET: Registered protocol family 17","count":1939},{"creator":"kernel","lv":"0","datetime":"2017-05-10 11:07:47","type":"sys","content":"mpls_gso: MPLS GSO support","count":1940},{"creator":"kernel","lv":"0","datetime":"2017-05-10 11:07:47","type":"sys","content":"registered taskstats version 1","count":1941},{"creator":"kernel","lv":"0","datetime":"2017-05-10 11:07:47","type":"sys","content":"rtc_cmos 00:01: setting system clock to 2017-05-10 15:07:24 UTC (1494428844)","count":1942},{"creator":"kernel","lv":"0","datetime":"2017-05-10 11:07:47","type":"sys","content":"Freeing unused kernel memory: 1204K (ffffffff818ee000 - ffffffff81a1b000)","count":1943},{"creator":"kernel","lv":"0","datetime":"2017-05-10 11:07:47","type":"sys","content":"Write protecting the kernel read-only data: 8192k","count":1944},{"creator":"kernel","lv":"0","datetime":"2017-05-10 11:07:47","type":"sys","content":"Freeing unused kernel memory: 912K (ffff88000151c000 - ffff880001600000)","count":1945},{"creator":"kernel","lv":"0","datetime":"2017-05-10 11:07:47","type":"sys","content":"Freeing unused kernel memory: 212K (ffff8800017cb000 - ffff880001800000)","count":1946},{"creator":"kernel","lv":"0","datetime":"2017-05-10 11:07:47","type":"sys","content":"random: systemd-udevd urandom read with 1 bits of entropy available","count":1947},{"creator":"kernel","lv":"0","datetime":"2017-05-10 11:07:47","type":"sys","content":"Floppy drive(s): fd0 is 1.44M","count":1948},{"creator":"kernel","lv":"0","datetime":"2017-05-10 11:07:47","type":"sys","content":"SCSI subsystem initialized","count":1949},{"creator":"kernel","lv":"0","datetime":"2017-05-10 11:07:47","type":"sys","content":"Fusion MPT base driver 3.04.20","count":1950},{"creator":"kernel","lv":"0","datetime":"2017-05-10 11:07:47","type":"sys","content":"Copyright (c) 1999-2008 LSI Corporation","count":1951},{"creator":"kernel","lv":"0","datetime":"2017-05-10 11:07:47","type":"sys","content":"Fusion MPT SPI Host driver 3.04.20","count":1952},{"creator":"kernel","lv":"0","datetime":"2017-05-10 11:07:47","type":"sys","content":"ACPI: bus type USB registered","count":1953},{"creator":"kernel","lv":"0","datetime":"2017-05-10 11:07:47","type":"sys","content":"usbcore: registered new interface driver usbfs","count":1954},{"creator":"kernel","lv":"0","datetime":"2017-05-10 11:07:47","type":"sys","content":"usbcore: registered new interface driver hub","count":1955},{"creator":"kernel","lv":"0","datetime":"2017-05-10 11:07:47","type":"sys","content":"pcnet32: pcnet32.c:v1.35 21.Apr.2008 tsbogend@alpha.franken.de","count":1956},{"creator":"kernel","lv":"0","datetime":"2017-05-10 11:07:47","type":"sys","content":"pcnet32: PCnet\/PCI II 79C970A at 0x2000, 00:0c:29:38:68:95 assigned IRQ 19","count":1957},{"creator":"kernel","lv":"0","datetime":"2017-05-10 11:07:47","type":"sys","content":"pcnet32: eth0: registered as PCnet\/PCI II 79C970A","count":1958},{"creator":"kernel","lv":"0","datetime":"2017-05-10 11:07:47","type":"sys","content":"pcnet32: 1 cards_found","count":1959},{"creator":"kernel","lv":"0","datetime":"2017-05-10 11:07:47","type":"sys","content":"usbcore: registered new device driver usb","count":1960},{"creator":"kernel","lv":"0","datetime":"2017-05-10 11:07:47","type":"sys","content":"ehci_hcd: USB 2.0 'Enhanced' Host Controller (EHCI) Driver","count":1961},{"creator":"kernel","lv":"0","datetime":"2017-05-10 11:07:47","type":"sys","content":"ehci-pci: EHCI PCI platform driver","count":1962},{"creator":"kernel","lv":"0","datetime":"2017-05-10 11:07:47","type":"sys","content":"ehci-pci 0000:02:03.0: EHCI Host Controller","count":1963},{"creator":"kernel","lv":"0","datetime":"2017-05-10 11:07:47","type":"sys","content":"ehci-pci 0000:02:03.0: new USB bus registered, assigned bus number 1","count":1964},{"creator":"kernel","lv":"0","datetime":"2017-05-10 11:07:47","type":"sys","content":"ehci-pci 0000:02:03.0: irq 17, io mem 0xfd5ff000","count":1965},{"creator":"kernel","lv":"0","datetime":"2017-05-10 11:07:47","type":"sys","content":"uhci_hcd: USB Universal Host Controller Interface driver","count":1966},{"creator":"kernel","lv":"0","datetime":"2017-05-10 11:07:47","type":"sys","content":"mptbase: ioc0: Initiating bringup","count":1967},{"creator":"kernel","lv":"0","datetime":"2017-05-10 11:07:47","type":"sys","content":"ehci-pci 0000:02:03.0: USB 2.0 started, EHCI 1.00","count":1968},{"creator":"kernel","lv":"0","datetime":"2017-05-10 11:07:47","type":"sys","content":"usb usb1: New USB device found, idVendor=1d6b, idProduct=0002","count":1969},{"creator":"kernel","lv":"0","datetime":"2017-05-10 11:07:47","type":"sys","content":"usb usb1: New USB device strings: Mfr=3, Product=2, SerialNumber=1","count":1970},{"creator":"kernel","lv":"0","datetime":"2017-05-10 11:07:47","type":"sys","content":"usb usb1: Product: EHCI Host Controller","count":1971},{"creator":"kernel","lv":"0","datetime":"2017-05-10 11:07:47","type":"sys","content":"usb usb1: Manufacturer: Linux 3.16.0-4-amd64 ehci_hcd","count":1972},{"creator":"kernel","lv":"0","datetime":"2017-05-10 11:07:47","type":"sys","content":"usb usb1: SerialNumber: 0000:02:03.0","count":1973},{"creator":"kernel","lv":"0","datetime":"2017-05-10 11:07:47","type":"sys","content":"hub 1-0:1.0: USB hub found","count":1974},{"creator":"kernel","lv":"0","datetime":"2017-05-10 11:07:47","type":"sys","content":"hub 1-0:1.0: 6 ports detected","count":1975},{"creator":"kernel","lv":"0","datetime":"2017-05-10 11:07:47","type":"sys","content":"uhci_hcd 0000:02:00.0: UHCI Host Controller","count":1976},{"creator":"kernel","lv":"0","datetime":"2017-05-10 11:07:47","type":"sys","content":"uhci_hcd 0000:02:00.0: new USB bus registered, assigned bus number 2","count":1977},{"creator":"kernel","lv":"0","datetime":"2017-05-10 11:07:47","type":"sys","content":"uhci_hcd 0000:02:00.0: detected 2 ports","count":1978},{"creator":"kernel","lv":"0","datetime":"2017-05-10 11:07:47","type":"sys","content":"uhci_hcd 0000:02:00.0: irq 18, io base 0x000020c0","count":1979},{"creator":"kernel","lv":"0","datetime":"2017-05-10 11:07:47","type":"sys","content":"usb usb2: New USB device found, idVendor=1d6b, idProduct=0001","count":1980},{"creator":"kernel","lv":"0","datetime":"2017-05-10 11:07:47","type":"sys","content":"usb usb2: New USB device strings: Mfr=3, Product=2, SerialNumber=1","count":1981},{"creator":"kernel","lv":"0","datetime":"2017-05-10 11:07:47","type":"sys","content":"usb usb2: Product: UHCI Host Controller","count":1982},{"creator":"kernel","lv":"0","datetime":"2017-05-10 11:07:47","type":"sys","content":"usb usb2: Manufacturer: Linux 3.16.0-4-amd64 uhci_hcd","count":1983},{"creator":"kernel","lv":"0","datetime":"2017-05-10 11:07:47","type":"sys","content":"usb usb2: SerialNumber: 0000:02:00.0","count":1984},{"creator":"kernel","lv":"0","datetime":"2017-05-10 11:07:47","type":"sys","content":