<?xml version="1.0" encoding="utf-8"?>
<object name="messages">
<item><creator>rsyslogd</creator><lv>5</lv><type>sys</type><datetime>2017-01-27 06:25:06</datetime><content>[origin software="rsyslogd" swVersion="8.4.2" x-pid="523" x-info="http://www.rsyslog.com"] rsyslogd was HUPed</content></item><item><creator>rsyslogd0</creator><lv>5</lv><type>sys</type><datetime>2017-01-27 06:29:25</datetime><content>action 'action 17' resumed (module 'builtin:ompipe') [try http://www.rsyslog.com/e/0 ]</content></item><item><creator>rsyslogd-2359</creator><lv>5</lv><type>sys</type><datetime>2017-01-27 06:29:25</datetime><content>action 'action 17' resumed (module 'builtin:ompipe') [try http://www.rsyslog.com/e/2359 ]</content></item><item><creator>kernel</creator><lv>0</lv><type>sys</type><datetime>2017-01-27 07:35:27</datetime><content>pcnet32 0000:02:01.0 eth0: link down</content></item><item><creator>kernel</creator><lv>0</lv><type>sys</type><datetime>2017-01-27 07:35:37</datetime><content>pcnet32 0000:02:01.0 eth0: link up</content></item><item><creator>kernel</creator><lv>0</lv><type>sys</type><datetime>2017-01-27 07:35:39</datetime><content>pcnet32 0000:02:01.0 eth0: link down</content></item><item><creator>kernel</creator><lv>0</lv><type>sys</type><datetime>2017-01-27 07:35:49</datetime><content>pcnet32 0000:02:01.0 eth0: link up</content></item><item><creator>kernel</creator><lv>0</lv><type>sys</type><datetime>2017-01-27 07:54:31</datetime><content>pcnet32 0000:02:01.0 eth0: link down</content></item><item><creator>kernel</creator><lv>0</lv><type>sys</type><datetime>2017-01-27 07:54:41</datetime><content>pcnet32 0000:02:01.0 eth0: link up</content></item><item><creator>kernel</creator><lv>0</lv><type>sys</type><datetime>2017-01-27 08:54:25</datetime><content>pcnet32 0000:02:01.0 eth0: link down</content></item><item><creator>kernel</creator><lv>0</lv><type>sys</type><datetime>2017-01-27 08:54:35</datetime><content>pcnet32 0000:02:01.0 eth0: link up</content></item><item><creator>kernel</creator><lv>0</lv><type>sys</type><datetime>2017-01-27 08:54:49</datetime><content>pcnet32 0000:02:01.0 eth0: link down</content></item><item><creator>kernel</creator><lv>0</lv><type>sys</type><datetime>2017-01-27 08:54:59</datetime><content>pcnet32 0000:02:01.0 eth0: link up</content></item><item><creator>kernel</creator><lv>0</lv><type>sys</type><datetime>2017-01-27 09:22:17</datetime><content>pcnet32 0000:02:01.0 eth0: link down</content></item><item><creator>kernel</creator><lv>0</lv><type>sys</type><datetime>2017-01-27 09:22:27</datetime><content>pcnet32 0000:02:01.0 eth0: link up</content></item><item><creator>kernel</creator><lv>0</lv><type>sys</type><datetime>2017-01-27 09:29:27</datetime><content>pcnet32 0000:02:01.0 eth0: link down</content></item><item><creator>kernel</creator><lv>0</lv><type>sys</type><datetime>2017-01-27 09:29:37</datetime><content>pcnet32 0000:02:01.0 eth0: link up</content></item><item><creator>kernel</creator><lv>0</lv><type>sys</type><datetime>2017-01-27 09:30:33</datetime><content>pcnet32 0000:02:01.0 eth0: link down</content></item><item><creator>kernel</creator><lv>0</lv><type>sys</type><datetime>2017-01-27 09:30:43</datetime><content>pcnet32 0000:02:01.0 eth0: link up</content></item><item><creator>kernel</creator><lv>0</lv><type>sys</type><datetime>2017-01-27 09:31:47</datetime><content>pcnet32 0000:02:01.0 eth0: link down</content></item><item><creator>kernel</creator><lv>0</lv><type>sys</type><datetime>2017-01-27 09:31:57</datetime><content>pcnet32 0000:02:01.0 eth0: link up</content></item><item><creator>kernel</creator><lv>0</lv><type>sys</type><datetime>2017-01-27 09:32:07</datetime><content>pcnet32 0000:02:01.0 eth0: link down</content></item><item><creator>kernel</creator><lv>0</lv><type>sys</type><datetime>2017-01-27 09:32:17</datetime><content>pcnet32 0000:02:01.0 eth0: link up</content></item><item><creator>kernel</creator><lv>0</lv><type>sys</type><datetime>2017-01-27 09:32:27</datetime><content>pcnet32 0000:02:01.0 eth0: link down</content></item><item><creator>kernel</creator><lv>0</lv><type>sys</type><datetime>2017-01-27 09:32:37</datetime><content>pcnet32 0000:02:01.0 eth0: link up</content></item><item><creator>kernel</creator><lv>0</lv><type>sys</type><datetime>2017-01-27 09:32:55</datetime><content>pcnet32 0000:02:01.0 eth0: link down</content></item><item><creator>kernel</creator><lv>0</lv><type>sys</type><datetime>2017-01-27 09:33:05</datetime><content>pcnet32 0000:02:01.0 eth0: link up</content></item><item><creator>kernel</creator><lv>0</lv><type>sys</type><datetime>2017-01-27 09:33:07</datetime><content>pcnet32 0000:02:01.0 eth0: link down</content></item><item><creator>kernel</creator><lv>0</lv><type>sys</type><datetime>2017-01-27 09:33:27</datetime><content>pcnet32 0000:02:01.0 eth0: link up</content></item><item><creator>kernel</creator><lv>0</lv><type>sys</type><datetime>2017-01-27 09:33:33</datetime><content>pcnet32 0000:02:01.0 eth0: link down</content></item><item><creator>kernel</creator><lv>0</lv><type>sys</type><datetime>2017-01-27 09:33:43</datetime><content>pcnet32 0000:02:01.0 eth0: link up</content></item><item><creator>kernel</creator><lv>0</lv><type>sys</type><datetime>2017-01-27 09:33:49</datetime><content>pcnet32 0000:02:01.0 eth0: link down</content></item><item><creator>kernel</creator><lv>0</lv><type>sys</type><datetime>2017-01-27 09:34:11</datetime><content>pcnet32 0000:02:01.0 eth0: link up</content></item><item><creator>kernel</creator><lv>0</lv><type>sys</type><datetime>2017-01-27 09:34:19</datetime><content>pcnet32 0000:02:01.0 eth0: link down</content></item><item><creator>kernel</creator><lv>0</lv><type>sys</type><datetime>2017-01-27 09:34:29</datetime><content>pcnet32 0000:02:01.0 eth0: link up</content></item><item><creator>kernel</creator><lv>0</lv><type>sys</type><datetime>2017-01-27 09:35:01</datetime><content>pcnet32 0000:02:01.0 eth0: link down</content></item><item><creator>kernel</creator><lv>0</lv><type>sys</type><datetime>2017-01-27 09:35:11</datetime><content>pcnet32 0000:02:01.0 eth0: link up</content></item><item><creator>kernel</creator><lv>0</lv><type>sys</type><datetime>2017-01-27 09:35:19</datetime><content>pcnet32 0000:02:01.0 eth0: link down</content></item><item><creator>kernel</creator><lv>0</lv><type>sys</type><datetime>2017-01-27 09:35:29</datetime><content>pcnet32 0000:02:01.0 eth0: link up</content></item><item><creator>kernel</creator><lv>0</lv><type>sys</type><datetime>2017-01-27 09:35:45</datetime><content>pcnet32 0000:02:01.0 eth0: link down</content></item><item><creator>kernel</creator><lv>0</lv><type>sys</type><datetime>2017-01-27 09:35:55</datetime><content>pcnet32 0000:02:01.0 eth0: link up</content></item><item><creator>kernel</creator><lv>0</lv><type>sys</type><datetime>2017-01-27 09:36:07</datetime><content>pcnet32 0000:02:01.0 eth0: link down</content></item><item><creator>kernel</creator><lv>0</lv><type>sys</type><datetime>2017-01-27 09:36:17</datetime><content>pcnet32 0000:02:01.0 eth0: link up</content></item><item><creator>kernel</creator><lv>0</lv><type>sys</type><datetime>2017-01-27 09:36:29</datetime><content>pcnet32 0000:02:01.0 eth0: link down</content></item><item><creator>kernel</creator><lv>0</lv><type>sys</type><datetime>2017-01-27 09:36:39</datetime><content>pcnet32 0000:02:01.0 eth0: link up</content></item><item><creator>kernel</creator><lv>0</lv><type>sys</type><datetime>2017-01-27 09:36:45</datetime><content>pcnet32 0000:02:01.0 eth0: link down</content></item><item><creator>kernel</creator><lv>0</lv><type>sys</type><datetime>2017-01-27 09:36:55</datetime><content>pcnet32 0000:02:01.0 eth0: link up</content></item><item><creator>rsyslogd-2007</creator><lv>1</lv><type>sys</type><datetime>2017-01-27 11:09:01</datetime><content>action 'action 17' suspended, next retry is Fri Jan 27 11:09:31 2017 [try http://www.rsyslog.com/e/2007 ]</content></item><item><creator>kernel</creator><lv>0</lv><type>sys</type><datetime>2017-01-27 11:41:17</datetime><content>pcnet32 0000:02:01.0 eth0: link down</content></item><item><creator>kernel</creator><lv>0</lv><type>sys</type><datetime>2017-01-27 11:41:20</datetime><content>pcnet32 0000:02:01.0 eth0: link up</content></item><item><creator>kernel</creator><lv>0</lv><type>sys</type><datetime>2017-01-27 11:44:14</datetime><content>pcnet32 0000:02:01.0 eth0: link down</content></item><item><creator>kernel</creator><lv>0</lv><type>sys</type><datetime>2017-01-27 11:44:24</datetime><content>pcnet32 0000:02:01.0 eth0: link up</content></item><item><creator>kernel</creator><lv>0</lv><type>sys</type><datetime>2017-01-27 11:44:32</datetime><content>pcnet32 0000:02:01.0 eth0: link down</content></item><item><creator>kernel</creator><lv>0</lv><type>sys</type><datetime>2017-01-27 11:44:40</datetime><content>pcnet32 0000:02:01.0 eth0: link up</content></item><item><creator>kernel</creator><lv>0</lv><type>sys</type><datetime>2017-01-27 11:45:00</datetime><content>pcnet32 0000:02:01.0 eth0: link down</content></item><item><creator>kernel</creator><lv>0</lv><type>sys</type><datetime>2017-01-27 11:45:10</datetime><content>pcnet32 0000:02:01.0 eth0: link up</content></item><item><creator>kernel</creator><lv>0</lv><type>sys</type><datetime>2017-01-27 11:55:26</datetime><content>pcnet32 0000:02:01.0 eth0: link down</content></item><item><creator>kernel</creator><lv>0</lv><type>sys</type><datetime>2017-01-27 11:55:36</datetime><content>pcnet32 0000:02:01.0 eth0: link up</content></item><item><creator>kernel</creator><lv>0</lv><type>sys</type><datetime>2017-01-27 11:57:02</datetime><content>pcnet32 0000:02:01.0 eth0: link down</content></item><item><creator>kernel</creator><lv>0</lv><type>sys</type><datetime>2017-01-27 11:57:12</datetime><content>pcnet32 0000:02:01.0 eth0: link up</content></item><item><creator>kernel</creator><lv>0</lv><type>sys</type><datetime>2017-01-27 12:05:30</datetime><content>pcnet32 0000:02:01.0 eth0: link down</content></item><item><creator>kernel</creator><lv>0</lv><type>sys</type><datetime>2017-01-27 12:05:40</datetime><content>pcnet32 0000:02:01.0 eth0: link up</content></item><item><creator>kernel</creator><lv>0</lv><type>sys</type><datetime>2017-01-27 12:11:56</datetime><content>pcnet32 0000:02:01.0 eth0: link down</content></item><item><creator>kernel</creator><lv>0</lv><type>sys</type><datetime>2017-01-27 12:12:06</datetime><content>pcnet32 0000:02:01.0 eth0: link up</content></item><item><creator>kernel</creator><lv>0</lv><type>sys</type><datetime>2017-01-27 12:12:34</datetime><content>pcnet32 0000:02:01.0 eth0: link down</content></item><item><creator>kernel</creator><lv>0</lv><type>sys</type><datetime>2017-01-27 12:12:44</datetime><content>pcnet32 0000:02:01.0 eth0: link up</content></item><item><creator>kernel</creator><lv>0</lv><type>sys</type><datetime>2017-01-27 12:13:08</datetime><content>pcnet32 0000:02:01.0 eth0: link down</content></item><item><creator>kernel</creator><lv>0</lv><type>sys</type><datetime>2017-01-27 12:13:18</datetime><content>pcnet32 0000:02:01.0 eth0: link up</content></item><item><creator>kernel</creator><lv>0</lv><type>sys</type><datetime>2017-01-27 12:13:30</datetime><content>pcnet32 0000:02:01.0 eth0: link down</content></item><item><creator>kernel</creator><lv>0</lv><type>sys</type><datetime>2017-01-27 12:13:40</datetime><content>pcnet32 0000:02:01.0 eth0: link up</content></item><item><creator>kernel</creator><lv>0</lv><type>sys</type><datetime>2017-01-27 12:26:08</datetime><content>pcnet32 0000:02:01.0 eth0: link down</content></item><item><creator>kernel</creator><lv>0</lv><type>sys</type><datetime>2017-01-27 12:26:18</datetime><content>pcnet32 0000:02:01.0 eth0: link up</content></item><item><creator>kernel</creator><lv>0</lv><type>sys</type><datetime>2017-01-27 13:17:05</datetime><content>hpet1: lost 1 rtc interrupts</content></item><item><creator>rsyslogd</creator><lv>5</lv><type>sys</type><datetime>2017-01-27 13:17:06</datetime><content>[origin software="rsyslogd" swVersion="8.4.2" x-pid="523" x-info="http://www.rsyslog.com"] exiting on signal 15.</content></item><item><creator>rsyslogd</creator><lv>5</lv><type>sys</type><datetime>2017-01-27 13:17:41</datetime><content>[origin software="rsyslogd" swVersion="8.4.2" x-pid="493" x-info="http://www.rsyslog.com"] start</content></item><item><creator>kernel</creator><lv>0</lv><type>sys</type><datetime>2017-01-27 13:17:41</datetime><content>Initializing cgroup subsys cpuset</content></item><item><creator>kernel</creator><lv>0</lv><type>sys</type><datetime>2017-01-27 13:17:41</datetime><content>Initializing cgroup subsys cpu</content></item><item><creator>kernel</creator><lv>0</lv><type>sys</type><datetime>2017-01-27 13:17:41</datetime><content>Initializing cgroup subsys cpuacct</content></item><item><creator>kernel</creator><lv>0</lv><type>sys</type><datetime>2017-01-27 13:17:41</datetime><content>Linux version 3.16.0-4-amd64 (debian-kernel@lists.debian.org) (gcc version 4.8.4 (Debian 4.8.4-1) ) #1 SMP Debian 3.16.7-ckt25-2+deb8u3 (2016-07-02)</content></item><item><creator>kernel</creator><lv>0</lv><type>sys</type><datetime>2017-01-27 13:17:41</datetime><content>Command line: BOOT_IMAGE=/boot/vmlinuz-3.16.0-4-amd64 root=UUID=f054100a-ed40-4ea6-b6ad-bce34756f750 ro quiet</content></item><item><creator>kernel</creator><lv>0</lv><type>sys</type><datetime>2017-01-27 13:17:41</datetime><content>Disabled fast string operations</content></item><item><creator>kernel</creator><lv>0</lv><type>sys</type><datetime>2017-01-27 13:17:41</datetime><content>e820: BIOS-provided physical RAM map:</content></item><item><creator>kernel</creator><lv>0</lv><type>sys</type><datetime>2017-01-27 13:17:41</datetime><content>BIOS-e820: [mem 0x0000000000000000-0x000000000009f7ff] usable</content></item><item><creator>kernel</creator><lv>0</lv><type>sys</type><datetime>2017-01-27 13:17:41</datetime><content>BIOS-e820: [mem 0x000000000009f800-0x000000000009ffff] reserved</content></item><item><creator>kernel</creator><lv>0</lv><type>sys</type><datetime>2017-01-27 13:17:41</datetime><content>BIOS-e820: [mem 0x00000000000dc000-0x00000000000fffff] reserved</content></item><item><creator>kernel</creator><lv>0</lv><type>sys</type><datetime>2017-01-27 13:17:41</datetime><content>BIOS-e820: [mem 0x0000000000100000-0x000000007feeffff] usable</content></item><item><creator>kernel</creator><lv>0</lv><type>sys</type><datetime>2017-01-27 13:17:41</datetime><content>BIOS-e820: [mem 0x000000007fef0000-0x000000007fefefff] ACPI data</content></item><item><creator>kernel</creator><lv>0</lv><type>sys</type><datetime>2017-01-27 13:17:41</datetime><content>BIOS-e820: [mem 0x000000007feff000-0x000000007fefffff] ACPI NVS</content></item><item><creator>kernel</creator><lv>0</lv><type>sys</type><datetime>2017-01-27 13:17:41</datetime><content>BIOS-e820: [mem 0x000000007ff00000-0x000000007fffffff] usable</content></item><item><creator>kernel</creator><lv>0</lv><type>sys</type><datetime>2017-01-27 13:17:41</datetime><content>BIOS-e820: [mem 0x00000000f0000000-0x00000000f7ffffff] reserved</content></item><item><creator>kernel</creator><lv>0</lv><type>sys</type><datetime>2017-01-27 13:17:41</datetime><content>BIOS-e820: [mem 0x00000000fec00000-0x00000000fec0ffff] reserved</content></item><item><creator>kernel</creator><lv>0</lv><type>sys</type><datetime>2017-01-27 13:17:41</datetime><content>BIOS-e820: [mem 0x00000000fee00000-0x00000000fee00fff] reserved</content></item><item><creator>kernel</creator><lv>0</lv><type>sys</type><datetime>2017-01-27 13:17:41</datetime><content>BIOS-e820: [mem 0x00000000fffe0000-0x00000000ffffffff] reserved</content></item><item><creator>kernel</creator><lv>0</lv><type>sys</type><datetime>2017-01-27 13:17:41</datetime><content>NX (Execute Disable) protection: active</content></item><item><creator>kernel</creator><lv>0</lv><type>sys</type><datetime>2017-01-27 13:17:41</datetime><content>SMBIOS 0.7 present.</content></item><item><creator>kernel</creator><lv>0</lv><type>sys</type><datetime>2017-01-27 13:17:41</datetime><content>Hypervisor detected: VMware</content></item><item><creator>kernel</creator><lv>0</lv><type>sys</type><datetime>2017-01-27 13:17:41</datetime><content>AGP: No AGP bridge found</content></item><item><creator>kernel</creator><lv>0</lv><type>sys</type><datetime>2017-01-27 13:17:41</datetime><content>e820: last_pfn = 0x80000 max_arch_pfn = 0x400000000</content></item><item><creator>kernel</creator><lv>0</lv><type>sys</type><datetime>2017-01-27 13:17:41</datetime><content>x86 PAT enabled: cpu 0, old 0x7040600070406, new 0x7010600070106</content></item><item><creator>kernel</creator><lv>0</lv><type>sys</type><datetime>2017-01-27 13:17:41</datetime><content>found SMP MP-table at [mem 0x000f6a80-0x000f6a8f] mapped at [ffff8800000f6a80]</content></item><item><creator>kernel</creator><lv>0</lv><type>sys</type><datetime>2017-01-27 13:17:41</datetime><content>init_memory_mapping: [mem 0x00000000-0x000fffff]</content></item><item><creator>kernel</creator><lv>0</lv><type>sys</type><datetime>2017-01-27 13:17:41</datetime><content>init_memory_mapping: [mem 0x7fc00000-0x7fdfffff]</content></item><item><creator>kernel</creator><lv>0</lv><type>sys</type><datetime>2017-01-27 13:17:41</datetime><content>init_memory_mapping: [mem 0x7c000000-0x7fbfffff]</content></item><item><creator>kernel</creator><lv>0</lv><type>sys</type><datetime>2017-01-27 13:17:41</datetime><content>init_memory_mapping: [mem 0x00100000-0x7bffffff]</content></item><item><creator>kernel</creator><lv>0</lv><type>sys</type><datetime>2017-01-27 13:17:41</datetime><content>init_memory_mapping: [mem 0x7fe00000-0x7feeffff]</content></item><item><creator>kernel</creator><lv>0</lv><type>sys</type><datetime>2017-01-27 13:17:41</datetime><content>init_memory_mapping: [mem 0x7ff00000-0x7fffffff]</content></item><item><creator>kernel</creator><lv>0</lv><type>sys</type><datetime>2017-01-27 13:17:41</datetime><content>RAMDISK: [mem 0x363ea000-0x371ecfff]</content></item><item><creator>kernel</creator><lv>0</lv><type>sys</type><datetime>2017-01-27 13:17:41</datetime><content>ACPI: Early table checksum verification disabled</content></item><item><creator>kernel</creator><lv>0</lv><type>sys</type><datetime>2017-01-27 13:17:41</datetime><content>ACPI: RSDP 0x00000000000F6A10 000024 (v02 PTLTD )</content></item><item><creator>kernel</creator><lv>0</lv><type>sys</type><datetime>2017-01-27 13:17:41</datetime><content>ACPI: XSDT 0x000000007FEF04B4 00005C (v01 INTEL  440BX    06040000 VMW  01324272)</content></item><item><creator>kernel</creator><lv>0</lv><type>sys</type><datetime>2017-01-27 13:17:41</datetime><content>ACPI: FACP 0x000000007FEFEE73 0000F4 (v04 INTEL  440BX    06040000 PTL  000F4240)</content></item><item><creator>kernel</creator><lv>0</lv><type>sys</type><datetime>2017-01-27 13:17:41</datetime><content>ACPI: DSDT 0x000000007FEF06F4 00E77F (v01 PTLTD  Custom   06040000 MSFT 03000001)</content></item><item><creator>kernel</creator><lv>0</lv><type>sys</type><datetime>2017-01-27 13:17:41</datetime><content>ACPI: FACS 0x000000007FEFFFC0 000040</content></item><item><creator>kernel</creator><lv>0</lv><type>sys</type><datetime>2017-01-27 13:17:41</datetime><content>ACPI: FACS 0x000000007FEFFFC0 000040</content></item><item><creator>kernel</creator><lv>0</lv><type>sys</type><datetime>2017-01-27 13:17:41</datetime><content>ACPI: BOOT 0x000000007FEF06CC 000028 (v01 PTLTD  $SBFTBL$ 06040000  LTP 00000001)</content></item><item><creator>kernel</creator><lv>0</lv><type>sys</type><datetime>2017-01-27 13:17:41</datetime><content>ACPI: APIC 0x000000007FEF067C 000050 (v01 PTLTD  ? APIC   06040000  LTP 00000000)</content></item><item><creator>kernel</creator><lv>0</lv><type>sys</type><datetime>2017-01-27 13:17:41</datetime><content>ACPI: MCFG 0x000000007FEF0640 00003C (v01 PTLTD  $PCITBL$ 06040000  LTP 00000001)</content></item><item><creator>kernel</creator><lv>0</lv><type>sys</type><datetime>2017-01-27 13:17:41</datetime><content>ACPI: SRAT 0x000000007FEF05B0 000090 (v02 VMWARE MEMPLUG  06040000 VMW  00000001)</content></item><item><creator>kernel</creator><lv>0</lv><type>sys</type><datetime>2017-01-27 13:17:41</datetime><content>ACPI: HPET 0x000000007FEF0578 000038 (v01 VMWARE VMW HPET 06040000 VMW  00000001)</content></item><item><creator>kernel</creator><lv>0</lv><type>sys</type><datetime>2017-01-27 13:17:41</datetime><content>ACPI: WAET 0x000000007FEF0550 000028 (v01 VMWARE VMW WAET 06040000 VMW  00000001)</content></item><item><creator>kernel</creator><lv>0</lv><type>sys</type><datetime>2017-01-27 13:17:41</datetime><content>SRAT: PXM 0 -&gt; APIC 0x00 -&gt; Node 0</content></item><item><creator>kernel</creator><lv>0</lv><type>sys</type><datetime>2017-01-27 13:17:41</datetime><content>SRAT: Node 0 PXM 0 [mem 0x00000000-0x0009ffff]</content></item><item><creator>kernel</creator><lv>0</lv><type>sys</type><datetime>2017-01-27 13:17:41</datetime><content>SRAT: Node 0 PXM 0 [mem 0x00100000-0x7fffffff]</content></item><item><creator>kernel</creator><lv>0</lv><type>sys</type><datetime>2017-01-27 13:17:41</datetime><content>NUMA: Node 0 [mem 0x00000000-0x0009ffff] + [mem 0x00100000-0x7fffffff] -&gt; [mem 0x00000000-0x7fffffff]</content></item><item><creator>kernel</creator><lv>0</lv><type>sys</type><datetime>2017-01-27 13:17:41</datetime><content>Initmem setup node 0 [mem 0x00000000-0x7fffffff]</content></item><item><creator>kernel</creator><lv>0</lv><type>sys</type><datetime>2017-01-27 13:17:41</datetime><content>NODE_DATA [mem 0x7fffb000-0x7fffffff]</content></item><item><creator>kernel</creator><lv>0</lv><type>sys</type><datetime>2017-01-27 13:17:41</datetime><content>Zone ranges:</content></item><item><creator>kernel</creator><lv>0</lv><type>sys</type><datetime>2017-01-27 13:17:41</datetime><content>DMA      [mem 0x00001000-0x00ffffff]</content></item><item><creator>kernel</creator><lv>0</lv><type>sys</type><datetime>2017-01-27 13:17:41</datetime><content>DMA32    [mem 0x01000000-0xffffffff]</content></item><item><creator>kernel</creator><lv>0</lv><type>sys</type><datetime>2017-01-27 13:17:41</datetime><content>Normal   empty</content></item><item><creator>kernel</creator><lv>0</lv><type>sys</type><datetime>2017-01-27 13:17:41</datetime><content>Movable zone start for each node</content></item><item><creator>kernel</creator><lv>0</lv><type>sys</type><datetime>2017-01-27 13:17:41</datetime><content>Early memory node ranges</content></item><item><creator>kernel</creator><lv>0</lv><type>sys</type><datetime>2017-01-27 13:17:41</datetime><content>node   0: [mem 0x00001000-0x0009efff]</content></item><item><creator>kernel</creator><lv>0</lv><type>sys</type><datetime>2017-01-27 13:17:41</datetime><content>node   0: [mem 0x00100000-0x7feeffff]</content></item><item><creator>kernel</creator><lv>0</lv><type>sys</type><datetime>2017-01-27 13:17:41</datetime><content>node   0: [mem 0x7ff00000-0x7fffffff]</content></item><item><creator>kernel</creator><lv>0</lv><type>sys</type><datetime>2017-01-27 13:17:41</datetime><content>ACPI: PM-Timer IO Port: 0x1008</content></item><item><creator>kernel</creator><lv>0</lv><type>sys</type><datetime>2017-01-27 13:17:41</datetime><content>ACPI: LAPIC (acpi_id[0x00] lapic_id[0x00] enabled)</content></item><item><creator>kernel</creator><lv>0</lv><type>sys</type><datetime>2017-01-27 13:17:41</datetime><content>ACPI: LAPIC_NMI (acpi_id[0x00] high edge lint[0x1])</content></item><item><creator>kernel</creator><lv>0</lv><type>sys</type><datetime>2017-01-27 13:17:41</datetime><content>ACPI: IOAPIC (id[0x01] address[0xfec00000] gsi_base[0])</content></item><item><creator>kernel</creator><lv>0</lv><type>sys</type><datetime>2017-01-27 13:17:41</datetime><content>IOAPIC[0]: apic_id 1, version 17, address 0xfec00000, GSI 0-23</content></item><item><creator>kernel</creator><lv>0</lv><type>sys</type><datetime>2017-01-27 13:17:41</datetime><content>ACPI: INT_SRC_OVR (bus 0 bus_irq 0 global_irq 2 high edge)</content></item><item><creator>kernel</creator><lv>0</lv><type>sys</type><datetime>2017-01-27 13:17:41</datetime><content>Using ACPI (MADT) for SMP configuration information</content></item><item><creator>kernel</creator><lv>0</lv><type>sys</type><datetime>2017-01-27 13:17:41</datetime><content>ACPI: HPET id: 0x8086af01 base: 0xfed00000</content></item><item><creator>kernel</creator><lv>0</lv><type>sys</type><datetime>2017-01-27 13:17:41</datetime><content>smpboot: Allowing 1 CPUs, 0 hotplug CPUs</content></item><item><creator>kernel</creator><lv>0</lv><type>sys</type><datetime>2017-01-27 13:17:41</datetime><content>PM: Registered nosave memory: [mem 0x0009f000-0x0009ffff]</content></item><item><creator>kernel</creator><lv>0</lv><type>sys</type><datetime>2017-01-27 13:17:41</datetime><content>PM: Registered nosave memory: [mem 0x000a0000-0x000dbfff]</content></item><item><creator>kernel</creator><lv>0</lv><type>sys</type><datetime>2017-01-27 13:17:41</datetime><content>PM: Registered nosave memory: [mem 0x000dc000-0x000fffff]</content></item><item><creator>kernel</creator><lv>0</lv><type>sys</type><datetime>2017-01-27 13:17:41</datetime><content>PM: Registered nosave memory: [mem 0x7fef0000-0x7fefefff]</content></item><item><creator>kernel</creator><lv>0</lv><type>sys</type><datetime>2017-01-27 13:17:41</datetime><content>PM: Registered nosave memory: [mem 0x7feff000-0x7fefffff]</content></item><item><creator>kernel</creator><lv>0</lv><type>sys</type><datetime>2017-01-27 13:17:41</datetime><content>e820: [mem 0x80000000-0xefffffff] available for PCI devices</content></item><item><creator>kernel</creator><lv>0</lv><type>sys</type><datetime>2017-01-27 13:17:41</datetime><content>Booting paravirtualized kernel on bare hardware</content></item><item><creator>kernel</creator><lv>0</lv><type>sys</type><datetime>2017-01-27 13:17:41</datetime><content>setup_percpu: NR_CPUS:512 nr_cpumask_bits:512 nr_cpu_ids:1 nr_node_ids:1</content></item><item><creator>kernel</creator><lv>0</lv><type>sys</type><datetime>2017-01-27 13:17:41</datetime><content>PERCPU: Embedded 27 pages/cpu @ffff88007fc00000 s80896 r8192 d21504 u2097152</content></item><item><creator>kernel</creator><lv>0</lv><type>sys</type><datetime>2017-01-27 13:17:41</datetime><content>Built 1 zonelists in Node order, mobility grouping on.  Total pages: 516985</content></item><item><creator>kernel</creator><lv>0</lv><type>sys</type><datetime>2017-01-27 13:17:41</datetime><content>Policy zone: DMA32</content></item><item><creator>kernel</creator><lv>0</lv><type>sys</type><datetime>2017-01-27 13:17:41</datetime><content>Kernel command line: BOOT_IMAGE=/boot/vmlinuz-3.16.0-4-amd64 root=UUID=f054100a-ed40-4ea6-b6ad-bce34756f750 ro quiet</content></item><item><creator>kernel</creator><lv>0</lv><type>sys</type><datetime>2017-01-27 13:17:41</datetime><content>PID hash table entries: 4096 (order: 3, 32768 bytes)</content></item><item><creator>kernel</creator><lv>0</lv><type>sys</type><datetime>2017-01-27 13:17:41</datetime><content>xsave: enabled xstate_bv 0x7, cntxt size 0x340</content></item><item><creator>kernel</creator><lv>0</lv><type>sys</type><datetime>2017-01-27 13:17:41</datetime><content>AGP: Checking aperture...</content></item><item><creator>kernel</creator><lv>0</lv><type>sys</type><datetime>2017-01-27 13:17:41</datetime><content>AGP: No AGP bridge found</content></item><item><creator>kernel</creator><lv>0</lv><type>sys</type><datetime>2017-01-27 13:17:41</datetime><content>Memory: 2041968K/2096696K available (5220K kernel code, 947K rwdata, 1836K rodata, 1204K init, 840K bss, 54728K reserved)</content></item><item><creator>kernel</creator><lv>0</lv><type>sys</type><datetime>2017-01-27 13:17:41</datetime><content>Hierarchical RCU implementation.</content></item><item><creator>kernel</creator><lv>0</lv><type>sys</type><datetime>2017-01-27 13:17:41</datetime><content>RCU dyntick-idle grace-period acceleration is enabled.</content></item><item><creator>kernel</creator><lv>0</lv><type>sys</type><datetime>2017-01-27 13:17:41</datetime><content>RCU restricting CPUs from NR_CPUS=512 to nr_cpu_ids=1.</content></item><item><creator>kernel</creator><lv>0</lv><type>sys</type><datetime>2017-01-27 13:17:41</datetime><content>RCU: Adjusting geometry for rcu_fanout_leaf=16, nr_cpu_ids=1</content></item><item><creator>kernel</creator><lv>0</lv><type>sys</type><datetime>2017-01-27 13:17:41</datetime><content>NR_IRQS:33024 nr_irqs:256 16</content></item><item><creator>kernel</creator><lv>0</lv><type>sys</type><datetime>2017-01-27 13:17:41</datetime><content>Console: colour VGA+ 80x25</content></item><item><creator>kernel</creator><lv>0</lv><type>sys</type><datetime>2017-01-27 13:17:41</datetime><content>console [tty0] enabled</content></item><item><creator>kernel</creator><lv>0</lv><type>sys</type><datetime>2017-01-27 13:17:41</datetime><content>TSC freq read from hypervisor : 2601.000 MHz</content></item><item><creator>kernel</creator><lv>0</lv><type>sys</type><datetime>2017-01-27 13:17:41</datetime><content>tsc: Detected 2601.000 MHz processor</content></item><item><creator>kernel</creator><lv>0</lv><type>sys</type><datetime>2017-01-27 13:17:41</datetime><content>Calibrating delay loop (skipped) preset value.. 5202.00 BogoMIPS (lpj=10404000)</content></item><item><creator>kernel</creator><lv>0</lv><type>sys</type><datetime>2017-01-27 13:17:41</datetime><content>pid_max: default: 32768 minimum: 301</content></item><item><creator>kernel</creator><lv>0</lv><type>sys</type><datetime>2017-01-27 13:17:41</datetime><content>ACPI: Core revision 20140424</content></item><item><creator>kernel</creator><lv>0</lv><type>sys</type><datetime>2017-01-27 13:17:41</datetime><content>ACPI: All ACPI Tables successfully acquired</content></item><item><creator>kernel</creator><lv>0</lv><type>sys</type><datetime>2017-01-27 13:17:41</datetime><content>Security Framework initialized</content></item><item><creator>kernel</creator><lv>0</lv><type>sys</type><datetime>2017-01-27 13:17:41</datetime><content>AppArmor: AppArmor disabled by boot time parameter</content></item><item><creator>kernel</creator><lv>0</lv><type>sys</type><datetime>2017-01-27 13:17:41</datetime><content>Yama: disabled by default; enable with sysctl kernel.yama.*</content></item><item><creator>kernel</creator><lv>0</lv><type>sys</type><datetime>2017-01-27 13:17:41</datetime><content>Dentry cache hash table entries: 262144 (order: 9, 2097152 bytes)</content></item><item><creator>kernel</creator><lv>0</lv><type>sys</type><datetime>2017-01-27 13:17:41</datetime><content>Inode-cache hash table entries: 131072 (order: 8, 1048576 bytes)</content></item><item><creator>kernel</creator><lv>0</lv><type>sys</type><datetime>2017-01-27 13:17:41</datetime><content>Mount-cache hash table entries: 4096 (order: 3, 32768 bytes)</content></item><item><creator>kernel</creator><lv>0</lv><type>sys</type><datetime>2017-01-27 13:17:41</datetime><content>Mountpoint-cache hash table entries: 4096 (order: 3, 32768 bytes)</content></item><item><creator>kernel</creator><lv>0</lv><type>sys</type><datetime>2017-01-27 13:17:41</datetime><content>Initializing cgroup subsys memory</content></item><item><creator>kernel</creator><lv>0</lv><type>sys</type><datetime>2017-01-27 13:17:41</datetime><content>Initializing cgroup subsys devices</content></item><item><creator>kernel</creator><lv>0</lv><type>sys</type><datetime>2017-01-27 13:17:41</datetime><content>Initializing cgroup subsys freezer</content></item><item><creator>kernel</creator><lv>0</lv><type>sys</type><datetime>2017-01-27 13:17:41</datetime><content>Initializing cgroup subsys net_cls</content></item><item><creator>kernel</creator><lv>0</lv><type>sys</type><datetime>2017-01-27 13:17:41</datetime><content>Initializing cgroup subsys blkio</content></item><item><creator>kernel</creator><lv>0</lv><type>sys</type><datetime>2017-01-27 13:17:41</datetime><content>Initializing cgroup subsys perf_event</content></item><item><creator>kernel</creator><lv>0</lv><type>sys</type><datetime>2017-01-27 13:17:41</datetime><content>Initializing cgroup subsys net_prio</content></item><item><creator>kernel</creator><lv>0</lv><type>sys</type><datetime>2017-01-27 13:17:41</datetime><content>Disabled fast string operations</content></item><item><creator>kernel</creator><lv>0</lv><type>sys</type><datetime>2017-01-27 13:17:41</datetime><content>CPU: Physical Processor ID: 0</content></item><item><creator>kernel</creator><lv>0</lv><type>sys</type><datetime>2017-01-27 13:17:41</datetime><content>ENERGY_PERF_BIAS: Set to 'normal', was 'performance'</content></item><item><creator>kernel</creator><lv>0</lv><type>sys</type><datetime>2017-01-27 13:17:41</datetime><content>ENERGY_PERF_BIAS: View and update with x86_energy_perf_policy(8)</content></item><item><creator>kernel</creator><lv>0</lv><type>sys</type><datetime>2017-01-27 13:17:41</datetime><content>mce: CPU supports 0 MCE banks</content></item><item><creator>kernel</creator><lv>0</lv><type>sys</type><datetime>2017-01-27 13:17:41</datetime><content>Last level iTLB entries: 4KB 512, 2MB 8, 4MB 8</content></item><item><creator>kernel</creator><lv>0</lv><type>sys</type><datetime>2017-01-27 13:17:41</datetime><content>Last level dTLB entries: 4KB 512, 2MB 32, 4MB 32, 1GB 0</content></item><item><creator>kernel</creator><lv>0</lv><type>sys</type><datetime>2017-01-27 13:17:41</datetime><content>tlb_flushall_shift: 2</content></item><item><creator>kernel</creator><lv>0</lv><type>sys</type><datetime>2017-01-27 13:17:41</datetime><content>Freeing SMP alternatives memory: 20K (ffffffff81a1b000 - ffffffff81a20000)</content></item><item><creator>kernel</creator><lv>0</lv><type>sys</type><datetime>2017-01-27 13:17:41</datetime><content>ftrace: allocating 21683 entries in 85 pages</content></item><item><creator>kernel</creator><lv>0</lv><type>sys</type><datetime>2017-01-27 13:17:41</datetime><content>Enabling x2apic</content></item><item><creator>kernel</creator><lv>0</lv><type>sys</type><datetime>2017-01-27 13:17:41</datetime><content>Enabled x2apic</content></item><item><creator>kernel</creator><lv>0</lv><type>sys</type><datetime>2017-01-27 13:17:41</datetime><content>Switched APIC routing to physical x2apic.</content></item><item><creator>kernel</creator><lv>0</lv><type>sys</type><datetime>2017-01-27 13:17:41</datetime><content>..TIMER: vector=0x30 apic1=0 pin1=2 apic2=-1 pin2=-1</content></item><item><creator>kernel</creator><lv>0</lv><type>sys</type><datetime>2017-01-27 13:17:41</datetime><content>smpboot: CPU0: Intel(R) Core(TM) i5-3230M CPU @ 2.60GHz (fam: 06, model: 3a, stepping: 09)</content></item><item><creator>kernel</creator><lv>0</lv><type>sys</type><datetime>2017-01-27 13:17:41</datetime><content>Performance Events: 16-deep LBR, IvyBridge events, core PMU driver.</content></item><item><creator>kernel</creator><lv>0</lv><type>sys</type><datetime>2017-01-27 13:17:41</datetime><content>perf_event_intel: CPUID marked event: 'cpu cycles' unavailable</content></item><item><creator>kernel</creator><lv>0</lv><type>sys</type><datetime>2017-01-27 13:17:41</datetime><content>perf_event_intel: CPUID marked event: 'instructions' unavailable</content></item><item><creator>kernel</creator><lv>0</lv><type>sys</type><datetime>2017-01-27 13:17:41</datetime><content>perf_event_intel: CPUID marked event: 'bus cycles' unavailable</content></item><item><creator>kernel</creator><lv>0</lv><type>sys</type><datetime>2017-01-27 13:17:41</datetime><content>perf_event_intel: CPUID marked event: 'cache references' unavailable</content></item><item><creator>kernel</creator><lv>0</lv><type>sys</type><datetime>2017-01-27 13:17:41</datetime><content>perf_event_intel: CPUID marked event: 'cache misses' unavailable</content></item><item><creator>kernel</creator><lv>0</lv><type>sys</type><datetime>2017-01-27 13:17:41</datetime><content>perf_event_intel: CPUID marked event: 'branch instructions' unavailable</content></item><item><creator>kernel</creator><lv>0</lv><type>sys</type><datetime>2017-01-27 13:17:41</datetime><content>perf_event_intel: CPUID marked event: 'branch misses' unavailable</content></item><item><creator>kernel</creator><lv>0</lv><type>sys</type><datetime>2017-01-27 13:17:41</datetime><content>... version:                1</content></item><item><creator>kernel</creator><lv>0</lv><type>sys</type><datetime>2017-01-27 13:17:41</datetime><content>... bit width:              48</content></item><item><creator>kernel</creator><lv>0</lv><type>sys</type><datetime>2017-01-27 13:17:41</datetime><content>... generic registers:      4</content></item><item><creator>kernel</creator><lv>0</lv><type>sys</type><datetime>2017-01-27 13:17:41</datetime><content>... value mask:             0000ffffffffffff</content></item><item><creator>kernel</creator><lv>0</lv><type>sys</type><datetime>2017-01-27 13:17:41</datetime><content>... max period:             000000007fffffff</content></item><item><creator>kernel</creator><lv>0</lv><type>sys</type><datetime>2017-01-27 13:17:41</datetime><content>... fixed-purpose events:   0</content></item><item><creator>kernel</creator><lv>0</lv><type>sys</type><datetime>2017-01-27 13:17:41</datetime><content>... event mask:             000000000000000f</content></item><item><creator>kernel</creator><lv>0</lv><type>sys</type><datetime>2017-01-27 13:17:41</datetime><content>x86: Booted up 1 node, 1 CPUs</content></item><item><creator>kernel</creator><lv>0</lv><type>sys</type><datetime>2017-01-27 13:17:41</datetime><content>smpboot: Total of 1 processors activated (5202.00 BogoMIPS)</content></item><item><creator>kernel</creator><lv>0</lv><type>sys</type><datetime>2017-01-27 13:17:41</datetime><content>NMI watchdog: disabled (cpu0): hardware events not enabled</content></item><item><creator>kernel</creator><lv>0</lv><type>sys</type><datetime>2017-01-27 13:17:41</datetime><content>devtmpfs: initialized</content></item><item><creator>kernel</creator><lv>0</lv><type>sys</type><datetime>2017-01-27 13:17:41</datetime><content>PM: Registering ACPI NVS region [mem 0x7feff000-0x7fefffff] (4096 bytes)</content></item><item><creator>kernel</creator><lv>0</lv><type>sys</type><datetime>2017-01-27 13:17:41</datetime><content>pinctrl core: initialized pinctrl subsystem</content></item><item><creator>kernel</creator><lv>0</lv><type>sys</type><datetime>2017-01-27 13:17:41</datetime><content>NET: Registered protocol family 16</content></item><item><creator>kernel</creator><lv>0</lv><type>sys</type><datetime>2017-01-27 13:17:41</datetime><content>cpuidle: using governor ladder</content></item><item><creator>kernel</creator><lv>0</lv><type>sys</type><datetime>2017-01-27 13:17:41</datetime><content>cpuidle: using governor menu</content></item><item><creator>kernel</creator><lv>0</lv><type>sys</type><datetime>2017-01-27 13:17:41</datetime><content>ACPI: bus type PCI registered</content></item><item><creator>kernel</creator><lv>0</lv><type>sys</type><datetime>2017-01-27 13:17:41</datetime><content>acpiphp: ACPI Hot Plug PCI Controller Driver version: 0.5</content></item><item><creator>kernel</creator><lv>0</lv><type>sys</type><datetime>2017-01-27 13:17:41</datetime><content>PCI: MMCONFIG for domain 0000 [bus 00-7f] at [mem 0xf0000000-0xf7ffffff] (base 0xf0000000)</content></item><item><creator>kernel</creator><lv>0</lv><type>sys</type><datetime>2017-01-27 13:17:41</datetime><content>PCI: MMCONFIG at [mem 0xf0000000-0xf7ffffff] reserved in E820</content></item><item><creator>kernel</creator><lv>0</lv><type>sys</type><datetime>2017-01-27 13:17:41</datetime><content>PCI: Using configuration type 1 for base access</content></item><item><creator>kernel</creator><lv>0</lv><type>sys</type><datetime>2017-01-27 13:17:41</datetime><content>ACPI: Added _OSI(Module Device)</content></item><item><creator>kernel</creator><lv>0</lv><type>sys</type><datetime>2017-01-27 13:17:41</datetime><content>ACPI: Added _OSI(Processor Device)</content></item><item><creator>kernel</creator><lv>0</lv><type>sys</type><datetime>2017-01-27 13:17:41</datetime><content>ACPI: Added _OSI(3.0 _SCP Extensions)</content></item><item><creator>kernel</creator><lv>0</lv><type>sys</type><datetime>2017-01-27 13:17:41</datetime><content>ACPI: Added _OSI(Processor Aggregator Device)</content></item><item><creator>kernel</creator><lv>0</lv><type>sys</type><datetime>2017-01-27 13:17:41</datetime><content>[Firmware Bug]: ACPI: BIOS _OSI(Linux) query ignored</content></item><item><creator>kernel</creator><lv>0</lv><type>sys</type><datetime>2017-01-27 13:17:41</datetime><content>ACPI: Interpreter enabled</content></item><item><creator>kernel</creator><lv>0</lv><type>sys</type><datetime>2017-01-27 13:17:41</datetime><content>ACPI Exception: AE_NOT_FOUND, While evaluating Sleep State [\_S2_] (20140424/hwxface-580)</content></item><item><creator>kernel</creator><lv>0</lv><type>sys</type><datetime>2017-01-27 13:17:41</datetime><content>ACPI Exception: AE_NOT_FOUND, While evaluating Sleep State [\_S3_] (20140424/hwxface-580)</content></item><item><creator>kernel</creator><lv>0</lv><type>sys</type><datetime>2017-01-27 13:17:41</datetime><content>ACPI: (supports S0 S1 S4 S5)</content></item><item><creator>kernel</creator><lv>0</lv><type>sys</type><datetime>2017-01-27 13:17:41</datetime><content>ACPI: Using IOAPIC for interrupt routing</content></item><item><creator>kernel</creator><lv>0</lv><type>sys</type><datetime>2017-01-27 13:17:41</datetime><content>PCI: Using host bridge windows from ACPI; if necessary, use "pci=nocrs" and report a bug</content></item><item><creator>kernel</creator><lv>0</lv><type>sys</type><datetime>2017-01-27 13:17:41</datetime><content>ACPI: PCI Root Bridge [PCI0] (domain 0000 [bus 00-7f])</content></item><item><creator>kernel</creator><lv>0</lv><type>sys</type><datetime>2017-01-27 13:17:41</datetime><content>acpi PNP0A03:00: _OSC: OS supports [ExtendedConfig ASPM ClockPM Segments MSI]</content></item><item><creator>kernel</creator><lv>0</lv><type>sys</type><datetime>2017-01-27 13:17:41</datetime><content>acpi PNP0A03:00: _OSC: platform does not support [AER]</content></item><item><creator>kernel</creator><lv>0</lv><type>sys</type><datetime>2017-01-27 13:17:41</datetime><content>acpi PNP0A03:00: _OSC: OS now controls [PCIeHotplug PME PCIeCapability]</content></item><item><creator>kernel</creator><lv>0</lv><type>sys</type><datetime>2017-01-27 13:17:41</datetime><content>PCI host bridge to bus 0000:00</content></item><item><creator>kernel</creator><lv>0</lv><type>sys</type><datetime>2017-01-27 13:17:41</datetime><content>pci_bus 0000:00: root bus resource [bus 00-7f]</content></item><item><creator>kernel</creator><lv>0</lv><type>sys</type><datetime>2017-01-27 13:17:41</datetime><content>pci_bus 0000:00: root bus resource [mem 0x000a0000-0x000bffff]</content></item><item><creator>kernel</creator><lv>0</lv><type>sys</type><datetime>2017-01-27 13:17:41</datetime><content>pci_bus 0000:00: root bus resource [mem 0x000cc000-0x000cffff]</content></item><item><creator>kernel</creator><lv>0</lv><type>sys</type><datetime>2017-01-27 13:17:41</datetime><content>pci_bus 0000:00: root bus resource [mem 0x000d0000-0x000d3fff]</content></item><item><creator>kernel</creator><lv>0</lv><type>sys</type><datetime>2017-01-27 13:17:41</datetime><content>pci_bus 0000:00: root bus resource [mem 0x000d4000-0x000d7fff]</content></item><item><creator>kernel</creator><lv>0</lv><type>sys</type><datetime>2017-01-27 13:17:41</datetime><content>pci_bus 0000:00: root bus resource [mem 0x000d8000-0x000dbfff]</content></item><item><creator>kernel</creator><lv>0</lv><type>sys</type><datetime>2017-01-27 13:17:41</datetime><content>pci_bus 0000:00: root bus resource [mem 0x80000000-0xfebfffff]</content></item><item><creator>kernel</creator><lv>0</lv><type>sys</type><datetime>2017-01-27 13:17:41</datetime><content>pci_bus 0000:00: root bus resource [io  0x0000-0x0cf7]</content></item><item><creator>kernel</creator><lv>0</lv><type>sys</type><datetime>2017-01-27 13:17:41</datetime><content>pci_bus 0000:00: root bus resource [io  0x0d00-0xfeff]</content></item><item><creator>kernel</creator><lv>0</lv><type>sys</type><datetime>2017-01-27 13:17:41</datetime><content>pci 0000:00:07.1: legacy IDE quirk: reg 0x10: [io  0x01f0-0x01f7]</content></item><item><creator>kernel</creator><lv>0</lv><type>sys</type><datetime>2017-01-27 13:17:41</datetime><content>pci 0000:00:07.1: legacy IDE quirk: reg 0x14: [io  0x03f6]</content></item><item><creator>kernel</creator><lv>0</lv><type>sys</type><datetime>2017-01-27 13:17:41</datetime><content>pci 0000:00:07.1: legacy IDE quirk: reg 0x18: [io  0x0170-0x0177]</content></item><item><creator>kernel</creator><lv>0</lv><type>sys</type><datetime>2017-01-27 13:17:41</datetime><content>pci 0000:00:07.1: legacy IDE quirk: reg 0x1c: [io  0x0376]</content></item><item><creator>kernel</creator><lv>0</lv><type>sys</type><datetime>2017-01-27 13:17:41</datetime><content>pci 0000:00:07.3: quirk: [io  0x1000-0x103f] claimed by PIIX4 ACPI</content></item><item><creator>kernel</creator><lv>0</lv><type>sys</type><datetime>2017-01-27 13:17:41</datetime><content>pci 0000:00:07.3: quirk: [io  0x1040-0x104f] claimed by PIIX4 SMB</content></item><item><creator>kernel</creator><lv>0</lv><type>sys</type><datetime>2017-01-27 13:17:41</datetime><content>pci 0000:00:11.0: System wakeup disabled by ACPI</content></item><item><creator>kernel</creator><lv>0</lv><type>sys</type><datetime>2017-01-27 13:17:41</datetime><content>pci 0000:00:15.0: System wakeup disabled by ACPI</content></item><item><creator>kernel</creator><lv>0</lv><type>sys</type><datetime>2017-01-27 13:17:41</datetime><content>pci 0000:00:15.1: System wakeup disabled by ACPI</content></item><item><creator>kernel</creator><lv>0</lv><type>sys</type><datetime>2017-01-27 13:17:41</datetime><content>pci 0000:00:15.2: System wakeup disabled by ACPI</content></item><item><creator>kernel</creator><lv>0</lv><type>sys</type><datetime>2017-01-27 13:17:41</datetime><content>pci 0000:00:15.3: System wakeup disabled by ACPI</content></item><item><creator>kernel</creator><lv>0</lv><type>sys</type><datetime>2017-01-27 13:17:41</datetime><content>pci 0000:00:15.4: System wakeup disabled by ACPI</content></item><item><creator>kernel</creator><lv>0</lv><type>sys</type><datetime>2017-01-27 13:17:41</datetime><content>pci 0000:00:15.5: System wakeup disabled by ACPI</content></item><item><creator>kernel</creator><lv>0</lv><type>sys</type><datetime>2017-01-27 13:17:41</datetime><content>pci 0000:00:15.6: System wakeup disabled by ACPI</content></item><item><creator>kernel</creator><lv>0</lv><type>sys</type><datetime>2017-01-27 13:17:41</datetime><content>pci 0000:00:15.7: System wakeup disabled by ACPI</content></item><item><creator>kernel</creator><lv>0</lv><type>sys</type><datetime>2017-01-27 13:17:41</datetime><content>pci 0000:00:16.0: System wakeup disabled by ACPI</content></item><item><creator>kernel</creator><lv>0</lv><type>sys</type><datetime>2017-01-27 13:17:41</datetime><content>pci 0000:00:16.1: System wakeup disabled by ACPI</content></item><item><creator>kernel</creator><lv>0</lv><type>sys</type><datetime>2017-01-27 13:17:41</datetime><content>pci 0000:00:16.2: System wakeup disabled by ACPI</content></item><item><creator>kernel</creator><lv>0</lv><type>sys</type><datetime>2017-01-27 13:17:41</datetime><content>pci 0000:00:16.3: System wakeup disabled by ACPI</content></item><item><creator>kernel</creator><lv>0</lv><type>sys</type><datetime>2017-01-27 13:17:41</datetime><content>pci 0000:00:16.4: System wakeup disabled by ACPI</content></item><item><creator>kernel</creator><lv>0</lv><type>sys</type><datetime>2017-01-27 13:17:41</datetime><content>pci 0000:00:16.5: System wakeup disabled by ACPI</content></item><item><creator>kernel</creator><lv>0</lv><type>sys</type><datetime>2017-01-27 13:17:41</datetime><content>pci 0000:00:16.6: System wakeup disabled by ACPI</content></item><item><creator>kernel</creator><lv>0</lv><type>sys</type><datetime>2017-01-27 13:17:41</datetime><content>pci 0000:00:16.7: System wakeup disabled by ACPI</content></item><item><creator>kernel</creator><lv>0</lv><type>sys</type><datetime>2017-01-27 13:17:41</datetime><content>pci 0000:00:17.0: System wakeup disabled by ACPI</content></item><item><creator>kernel</creator><lv>0</lv><type>sys</type><datetime>2017-01-27 13:17:41</datetime><content>pci 0000:00:17.1: System wakeup disabled by ACPI</content></item><item><creator>kernel</creator><lv>0</lv><type>sys</type><datetime>2017-01-27 13:17:41</datetime><content>pci 0000:00:17.2: System wakeup disabled by ACPI</content></item><item><creator>kernel</creator><lv>0</lv><type>sys</type><datetime>2017-01-27 13:17:41</datetime><content>pci 0000:00:17.3: System wakeup disabled by ACPI</content></item><item><creator>kernel</creator><lv>0</lv><type>sys</type><datetime>2017-01-27 13:17:41</datetime><content>pci 0000:00:17.4: System wakeup disabled by ACPI</content></item><item><creator>kernel</creator><lv>0</lv><type>sys</type><datetime>2017-01-27 13:17:41</datetime><content>pci 0000:00:17.5: System wakeup disabled by ACPI</content></item><item><creator>kernel</creator><lv>0</lv><type>sys</type><datetime>2017-01-27 13:17:41</datetime><content>pci 0000:00:17.6: System wakeup disabled by ACPI</content></item><item><creator>kernel</creator><lv>0</lv><type>sys</type><datetime>2017-01-27 13:17:41</datetime><content>pci 0000:00:17.7: System wakeup disabled by ACPI</content></item><item><creator>kernel</creator><lv>0</lv><type>sys</type><datetime>2017-01-27 13:17:41</datetime><content>pci 0000:00:18.0: System wakeup disabled by ACPI</content></item><item><creator>kernel</creator><lv>0</lv><type>sys</type><datetime>2017-01-27 13:17:41</datetime><content>pci 0000:00:18.1: System wakeup disabled by ACPI</content></item><item><creator>kernel</creator><lv>0</lv><type>sys</type><datetime>2017-01-27 13:17:41</datetime><content>pci 0000:00:18.2: System wakeup disabled by ACPI</content></item><item><creator>kernel</creator><lv>0</lv><type>sys</type><datetime>2017-01-27 13:17:41</datetime><content>pci 0000:00:18.3: System wakeup disabled by ACPI</content></item><item><creator>kernel</creator><lv>0</lv><type>sys</type><datetime>2017-01-27 13:17:41</datetime><content>pci 0000:00:18.4: System wakeup disabled by ACPI</content></item><item><creator>kernel</creator><lv>0</lv><type>sys</type><datetime>2017-01-27 13:17:41</datetime><content>pci 0000:00:18.5: System wakeup disabled by ACPI</content></item><item><creator>kernel</creator><lv>0</lv><type>sys</type><datetime>2017-01-27 13:17:41</datetime><content>pci 0000:00:18.6: System wakeup disabled by ACPI</content></item><item><creator>kernel</creator><lv>0</lv><type>sys</type><datetime>2017-01-27 13:17:41</datetime><content>pci 0000:00:18.7: System wakeup disabled by ACPI</content></item><item><creator>kernel</creator><lv>0</lv><type>sys</type><datetime>2017-01-27 13:17:41</datetime><content>pci 0000:00:01.0: PCI bridge to [bus 01]</content></item><item><creator>kernel</creator><lv>0</lv><type>sys</type><datetime>2017-01-27 13:17:41</datetime><content>acpiphp: Slot [32] registered</content></item><item><creator>kernel</creator><lv>0</lv><type>sys</type><datetime>2017-01-27 13:17:41</datetime><content>acpiphp: Slot [33] registered</content></item><item><creator>kernel</creator><lv>0</lv><type>sys</type><datetime>2017-01-27 13:17:41</datetime><content>acpiphp: Slot [34] registered</content></item><item><creator>kernel</creator><lv>0</lv><type>sys</type><datetime>2017-01-27 13:17:41</datetime><content>acpiphp: Slot [35] registered</content></item><item><creator>kernel</creator><lv>0</lv><type>sys</type><datetime>2017-01-27 13:17:41</datetime><content>acpiphp: Slot [36] registered</content></item><item><creator>kernel</creator><lv>0</lv><type>sys</type><datetime>2017-01-27 13:17:41</datetime><content>acpiphp: Slot [37] registered</content></item><item><creator>kernel</creator><lv>0</lv><type>sys</type><datetime>2017-01-27 13:17:41</datetime><content>acpiphp: Slot [38] registered</content></item><item><creator>kernel</creator><lv>0</lv><type>sys</type><datetime>2017-01-27 13:17:41</datetime><content>acpiphp: Slot [39] registered</content></item><item><creator>kernel</creator><lv>0</lv><type>sys</type><datetime>2017-01-27 13:17:41</datetime><content>acpiphp: Slot [40] registered</content></item><item><creator>kernel</creator><lv>0</lv><type>sys</type><datetime>2017-01-27 13:17:41</datetime><content>acpiphp: Slot [41] registered</content></item><item><creator>kernel</creator><lv>0</lv><type>sys</type><datetime>2017-01-27 13:17:41</datetime><content>acpiphp: Slot [42] registered</content></item><item><creator>kernel</creator><lv>0</lv><type>sys</type><datetime>2017-01-27 13:17:41</datetime><content>acpiphp: Slot [43] registered</content></item><item><creator>kernel</creator><lv>0</lv><type>sys</type><datetime>2017-01-27 13:17:41</datetime><content>acpiphp: Slot [44] registered</content></item><item><creator>kernel</creator><lv>0</lv><type>sys</type><datetime>2017-01-27 13:17:41</datetime><content>acpiphp: Slot [45] registered</content></item><item><creator>kernel</creator><lv>0</lv><type>sys</type><datetime>2017-01-27 13:17:41</datetime><content>acpiphp: Slot [46] registered</content></item><item><creator>kernel</creator><lv>0</lv><type>sys</type><datetime>2017-01-27 13:17:41</datetime><content>acpiphp: Slot [47] registered</content></item><item><creator>kernel</creator><lv>0</lv><type>sys</type><datetime>2017-01-27 13:17:41</datetime><content>acpiphp: Slot [48] registered</content></item><item><creator>kernel</creator><lv>0</lv><type>sys</type><datetime>2017-01-27 13:17:41</datetime><content>acpiphp: Slot [49] registered</content></item><item><creator>kernel</creator><lv>0</lv><type>sys</type><datetime>2017-01-27 13:17:41</datetime><content>acpiphp: Slot [50] registered</content></item><item><creator>kernel</creator><lv>0</lv><type>sys</type><datetime>2017-01-27 13:17:41</datetime><content>acpiphp: Slot [51] registered</content></item><item><creator>kernel</creator><lv>0</lv><type>sys</type><datetime>2017-01-27 13:17:41</datetime><content>acpiphp: Slot [52] registered</content></item><item><creator>kernel</creator><lv>0</lv><type>sys</type><datetime>2017-01-27 13:17:41</datetime><content>acpiphp: Slot [53] registered</content></item><item><creator>kernel</creator><lv>0</lv><type>sys</type><datetime>2017-01-27 13:17:41</datetime><content>acpiphp: Slot [54] registered</content></item><item><creator>kernel</creator><lv>0</lv><type>sys</type><datetime>2017-01-27 13:17:41</datetime><content>acpiphp: Slot [55] registered</content></item><item><creator>kernel</creator><lv>0</lv><type>sys</type><datetime>2017-01-27 13:17:41</datetime><content>acpiphp: Slot [56] registered</content></item><item><creator>kernel</creator><lv>0</lv><type>sys</type><datetime>2017-01-27 13:17:41</datetime><content>acpiphp: Slot [57] registered</content></item><item><creator>kernel</creator><lv>0</lv><type>sys</type><datetime>2017-01-27 13:17:41</datetime><content>acpiphp: Slot [58] registered</content></item><item><creator>kernel</creator><lv>0</lv><type>sys</type><datetime>2017-01-27 13:17:41</datetime><content>acpiphp: Slot [59] registered</content></item><item><creator>kernel</creator><lv>0</lv><type>sys</type><datetime>2017-01-27 13:17:41</datetime><content>acpiphp: Slot [60] registered</content></item><item><creator>kernel</creator><lv>0</lv><type>sys</type><datetime>2017-01-27 13:17:41</datetime><content>acpiphp: Slot [61] registered</content></item><item><creator>kernel</creator><lv>0</lv><type>sys</type><datetime>2017-01-27 13:17:41</datetime><content>acpiphp: Slot [62] registered</content></item><item><creator>kernel</creator><lv>0</lv><type>sys</type><datetime>2017-01-27 13:17:41</datetime><content>acpiphp: Slot [63] registered</content></item><item><creator>kernel</creator><lv>0</lv><type>sys</type><datetime>2017-01-27 13:17:41</datetime><content>pci 0000:02:00.0: System wakeup disabled by ACPI</content></item><item><creator>kernel</creator><lv>0</lv><type>sys</type><datetime>2017-01-27 13:17:41</datetime><content>pci 0000:02:01.0: System wakeup disabled by ACPI</content></item><item><creator>kernel</creator><lv>0</lv><type>sys</type><datetime>2017-01-27 13:17:41</datetime><content>pci 0000:02:02.0: System wakeup disabled by ACPI</content></item><item><creator>kernel</creator><lv>0</lv><type>sys</type><datetime>2017-01-27 13:17:41</datetime><content>pci 0000:02:03.0: System wakeup disabled by ACPI</content></item><item><creator>kernel</creator><lv>0</lv><type>sys</type><datetime>2017-01-27 13:17:41</datetime><content>pci 0000:00:11.0: PCI bridge to [bus 02] (subtractive decode)</content></item><item><creator>kernel</creator><lv>0</lv><type>sys</type><datetime>2017-01-27 13:17:41</datetime><content>pci 0000:00:15.0: PCI bridge to [bus 03]</content></item><item><creator>kernel</creator><lv>0</lv><type>sys</type><datetime>2017-01-27 13:17:41</datetime><content>pci 0000:00:15.1: PCI bridge to [bus 04]</content></item><item><creator>kernel</creator><lv>0</lv><type>sys</type><datetime>2017-01-27 13:17:41</datetime><content>pci 0000:00:15.2: PCI bridge to [bus 05]</content></item><item><creator>kernel</creator><lv>0</lv><type>sys</type><datetime>2017-01-27 13:17:41</datetime><content>pci 0000:00:15.3: PCI bridge to [bus 06]</content></item><item><creator>kernel</creator><lv>0</lv><type>sys</type><datetime>2017-01-27 13:17:41</datetime><content>pci 0000:00:15.4: PCI bridge to [bus 07]</content></item><item><creator>kernel</creator><lv>0</lv><type>sys</type><datetime>2017-01-27 13:17:41</datetime><content>pci 0000:00:15.5: PCI bridge to [bus 08]</content></item><item><creator>kernel</creator><lv>0</lv><type>sys</type><datetime>2017-01-27 13:17:41</datetime><content>pci 0000:00:15.6: PCI bridge to [bus 09]</content></item><item><creator>kernel</creator><lv>0</lv><type>sys</type><datetime>2017-01-27 13:17:41</datetime><content>pci 0000:00:15.7: PCI bridge to [bus 0a]</content></item><item><creator>kernel</creator><lv>0</lv><type>sys</type><datetime>2017-01-27 13:17:41</datetime><content>pci 0000:00:16.0: PCI bridge to [bus 0b]</content></item><item><creator>kernel</creator><lv>0</lv><type>sys</type><datetime>2017-01-27 13:17:41</datetime><content>pci 0000:00:16.1: PCI bridge to [bus 0c]</content></item><item><creator>kernel</creator><lv>0</lv><type>sys</type><datetime>2017-01-27 13:17:41</datetime><content>pci 0000:00:16.2: PCI bridge to [bus 0d]</content></item><item><creator>kernel</creator><lv>0</lv><type>sys</type><datetime>2017-01-27 13:17:41</datetime><content>pci 0000:00:16.3: PCI bridge to [bus 0e]</content></item><item><creator>kernel</creator><lv>0</lv><type>sys</type><datetime>2017-01-27 13:17:41</datetime><content>pci 0000:00:16.4: PCI bridge to [bus 0f]</content></item><item><creator>kernel</creator><lv>0</lv><type>sys</type><datetime>2017-01-27 13:17:41</datetime><content>pci 0000:00:16.5: PCI bridge to [bus 10]</content></item><item><creator>kernel</creator><lv>0</lv><type>sys</type><datetime>2017-01-27 13:17:41</datetime><content>pci 0000:00:16.6: PCI bridge to [bus 11]</content></item><item><creator>kernel</creator><lv>0</lv><type>sys</type><datetime>2017-01-27 13:17:41</datetime><content>pci 0000:00:16.7: PCI bridge to [bus 12]</content></item><item><creator>kernel</creator><lv>0</lv><type>sys</type><datetime>2017-01-27 13:17:41</datetime><content>pci 0000:00:17.0: PCI bridge to [bus 13]</content></item><item><creator>kernel</creator><lv>0</lv><type>sys</type><datetime>2017-01-27 13:17:41</datetime><content>pci 0000:00:17.1: PCI bridge to [bus 14]</content></item><item><creator>kernel</creator><lv>0</lv><type>sys</type><datetime>2017-01-27 13:17:41</datetime><content>pci 0000:00:17.2: PCI bridge to [bus 15]</content></item><item><creator>kernel</creator><lv>0</lv><type>sys</type><datetime>2017-01-27 13:17:41</datetime><content>pci 0000:00:17.3: PCI bridge to [bus 16]</content></item><item><creator>kernel</creator><lv>0</lv><type>sys</type><datetime>2017-01-27 13:17:41</datetime><content>pci 0000:00:17.4: PCI bridge to [bus 17]</content></item><item><creator>kernel</creator><lv>0</lv><type>sys</type><datetime>2017-01-27 13:17:41</datetime><content>pci 0000:00:17.5: PCI bridge to [bus 18]</content></item><item><creator>kernel</creator><lv>0</lv><type>sys</type><datetime>2017-01-27 13:17:41</datetime><content>pci 0000:00:17.6: PCI bridge to [bus 19]</content></item><item><creator>kernel</creator><lv>0</lv><type>sys</type><datetime>2017-01-27 13:17:41</datetime><content>pci 0000:00:17.7: PCI bridge to [bus 1a]</content></item><item><creator>kernel</creator><lv>0</lv><type>sys</type><datetime>2017-01-27 13:17:41</datetime><content>pci 0000:00:18.0: PCI bridge to [bus 1b]</content></item><item><creator>kernel</creator><lv>0</lv><type>sys</type><datetime>2017-01-27 13:17:41</datetime><content>pci 0000:00:18.1: PCI bridge to [bus 1c]</content></item><item><creator>kernel</creator><lv>0</lv><type>sys</type><datetime>2017-01-27 13:17:41</datetime><content>pci 0000:00:18.2: PCI bridge to [bus 1d]</content></item><item><creator>kernel</creator><lv>0</lv><type>sys</type><datetime>2017-01-27 13:17:41</datetime><content>pci 0000:00:18.3: PCI bridge to [bus 1e]</content></item><item><creator>kernel</creator><lv>0</lv><type>sys</type><datetime>2017-01-27 13:17:41</datetime><content>pci 0000:00:18.4: PCI bridge to [bus 1f]</content></item><item><creator>kernel</creator><lv>0</lv><type>sys</type><datetime>2017-01-27 13:17:41</datetime><content>pci 0000:00:18.5: PCI bridge to [bus 20]</content></item><item><creator>kernel</creator><lv>0</lv><type>sys</type><datetime>2017-01-27 13:17:41</datetime><content>pci 0000:00:18.6: PCI bridge to [bus 21]</content></item><item><creator>kernel</creator><lv>0</lv><type>sys</type><datetime>2017-01-27 13:17:41</datetime><content>pci 0000:00:18.7: PCI bridge to [bus 22]</content></item><item><creator>kernel</creator><lv>0</lv><type>sys</type><datetime>2017-01-27 13:17:41</datetime><content>ACPI: PCI Interrupt Link [LNKA] (IRQs 3 4 5 6 7 *9 10 11 14 15)</content></item><item><creator>kernel</creator><lv>0</lv><type>sys</type><datetime>2017-01-27 13:17:41</datetime><content>ACPI: PCI Interrupt Link [LNKB] (IRQs 3 4 5 6 7 9 10 *11 14 15)</content></item><item><creator>kernel</creator><lv>0</lv><type>sys</type><datetime>2017-01-27 13:17:41</datetime><content>ACPI: PCI Interrupt Link [LNKC] (IRQs 3 4 5 6 7 9 *10 11 14 15)</content></item><item><creator>kernel</creator><lv>0</lv><type>sys</type><datetime>2017-01-27 13:17:41</datetime><content>ACPI: PCI Interrupt Link [LNKD] (IRQs 3 4 5 6 *7 9 10 11 14 15)</content></item><item><creator>kernel</creator><lv>0</lv><type>sys</type><datetime>2017-01-27 13:17:41</datetime><content>ACPI: Enabled 2 GPEs in block 00 to 0F</content></item><item><creator>kernel</creator><lv>0</lv><type>sys</type><datetime>2017-01-27 13:17:41</datetime><content>vgaarb: setting as boot device: PCI:0000:00:0f.0</content></item><item><creator>kernel</creator><lv>0</lv><type>sys</type><datetime>2017-01-27 13:17:41</datetime><content>vgaarb: device added: PCI:0000:00:0f.0,decodes=io+mem,owns=io+mem,locks=none</content></item><item><creator>kernel</creator><lv>0</lv><type>sys</type><datetime>2017-01-27 13:17:41</datetime><content>vgaarb: loaded</content></item><item><creator>kernel</creator><lv>0</lv><type>sys</type><datetime>2017-01-27 13:17:41</datetime><content>vgaarb: bridge control possible 0000:00:0f.0</content></item><item><creator>kernel</creator><lv>0</lv><type>sys</type><datetime>2017-01-27 13:17:41</datetime><content>PCI: Using ACPI for IRQ routing</content></item><item><creator>kernel</creator><lv>0</lv><type>sys</type><datetime>2017-01-27 13:17:41</datetime><content>hpet0: at MMIO 0xfed00000, IRQs 2, 8, 0, 0, 0, 0, 0, 0, 0, 0, 0, 0, 0, 0, 0, 0</content></item><item><creator>kernel</creator><lv>0</lv><type>sys</type><datetime>2017-01-27 13:17:41</datetime><content>hpet0: 16 comparators, 64-bit 14.318180 MHz counter</content></item><item><creator>kernel</creator><lv>0</lv><type>sys</type><datetime>2017-01-27 13:17:41</datetime><content>Switched to clocksource hpet</content></item><item><creator>kernel</creator><lv>0</lv><type>sys</type><datetime>2017-01-27 13:17:41</datetime><content>pnp: PnP ACPI init</content></item><item><creator>kernel</creator><lv>0</lv><type>sys</type><datetime>2017-01-27 13:17:41</datetime><content>ACPI: bus type PNP registered</content></item><item><creator>kernel</creator><lv>0</lv><type>sys</type><datetime>2017-01-27 13:17:41</datetime><content>system 00:00: [io  0x1000-0x103f] could not be reserved</content></item><item><creator>kernel</creator><lv>0</lv><type>sys</type><datetime>2017-01-27 13:17:41</datetime><content>system 00:00: [io  0x1040-0x104f] has been reserved</content></item><item><creator>kernel</creator><lv>0</lv><type>sys</type><datetime>2017-01-27 13:17:41</datetime><content>system 00:00: [io  0x0cf0-0x0cf1] has been reserved</content></item><item><creator>kernel</creator><lv>0</lv><type>sys</type><datetime>2017-01-27 13:17:41</datetime><content>system 00:04: [mem 0xfed00000-0xfed003ff] has been reserved</content></item><item><creator>kernel</creator><lv>0</lv><type>sys</type><datetime>2017-01-27 13:17:41</datetime><content>system 00:05: [io  0xfce0-0xfcff] has been reserved</content></item><item><creator>kernel</creator><lv>0</lv><type>sys</type><datetime>2017-01-27 13:17:41</datetime><content>system 00:05: [mem 0xf0000000-0xf7ffffff] has been reserved</content></item><item><creator>kernel</creator><lv>0</lv><type>sys</type><datetime>2017-01-27 13:17:41</datetime><content>system 00:05: [mem 0xfe800000-0xfe9fffff] has been reserved</content></item><item><creator>kernel</creator><lv>0</lv><type>sys</type><datetime>2017-01-27 13:17:41</datetime><content>pnp: PnP ACPI: found 6 devices</content></item><item><creator>kernel</creator><lv>0</lv><type>sys</type><datetime>2017-01-27 13:17:41</datetime><content>ACPI: bus type PNP unregistered</content></item><item><creator>kernel</creator><lv>0</lv><type>sys</type><datetime>2017-01-27 13:17:41</datetime><content>pci 0000:00:0f.0: BAR 6: assigned [mem 0x80000000-0x80007fff pref]</content></item><item><creator>kernel</creator><lv>0</lv><type>sys</type><datetime>2017-01-27 13:17:41</datetime><content>pci 0000:00:10.0: BAR 6: assigned [mem 0x80008000-0x8000bfff pref]</content></item><item><creator>kernel</creator><lv>0</lv><type>sys</type><datetime>2017-01-27 13:17:41</datetime><content>pci 0000:00:15.3: BAR 13: can't assign io (size 0x1000)</content></item><item><creator>kernel</creator><lv>0</lv><type>sys</type><datetime>2017-01-27 13:17:41</datetime><content>pci 0000:00:15.4: BAR 13: can't assign io (size 0x1000)</content></item><item><creator>kernel</creator><lv>0</lv><type>sys</type><datetime>2017-01-27 13:17:41</datetime><content>pci 0000:00:15.5: BAR 13: can't assign io (size 0x1000)</content></item><item><creator>kernel</creator><lv>0</lv><type>sys</type><datetime>2017-01-27 13:17:41</datetime><content>pci 0000:00:15.6: BAR 13: can't assign io (size 0x1000)</content></item><item><creator>kernel</creator><lv>0</lv><type>sys</type><datetime>2017-01-27 13:17:41</datetime><content>pci 0000:00:15.7: BAR 13: can't assign io (size 0x1000)</content></item><item><creator>kernel</creator><lv>0</lv><type>sys</type><datetime>2017-01-27 13:17:41</datetime><content>pci 0000:00:16.3: BAR 13: can't assign io (size 0x1000)</content></item><item><creator>kernel</creator><lv>0</lv><type>sys</type><datetime>2017-01-27 13:17:41</datetime><content>pci 0000:00:16.4: BAR 13: can't assign io (size 0x1000)</content></item><item><creator>kernel</creator><lv>0</lv><type>sys</type><datetime>2017-01-27 13:17:41</datetime><content>pci 0000:00:16.5: BAR 13: can't assign io (size 0x1000)</content></item><item><creator>kernel</creator><lv>0</lv><type>sys</type><datetime>2017-01-27 13:17:41</datetime><content>pci 0000:00:16.6: BAR 13: can't assign io (size 0x1000)</content></item><item><creator>kernel</creator><lv>0</lv><type>sys</type><datetime>2017-01-27 13:17:41</datetime><content>pci 0000:00:16.7: BAR 13: can't assign io (size 0x1000)</content></item><item><creator>kernel</creator><lv>0</lv><type>sys</type><datetime>2017-01-27 13:17:41</datetime><content>pci 0000:00:17.3: BAR 13: can't assign io (size 0x1000)</content></item><item><creator>kernel</creator><lv>0</lv><type>sys</type><datetime>2017-01-27 13:17:41</datetime><content>pci 0000:00:17.4: BAR 13: can't assign io (size 0x1000)</content></item><item><creator>kernel</creator><lv>0</lv><type>sys</type><datetime>2017-01-27 13:17:41</datetime><content>pci 0000:00:17.5: BAR 13: can't assign io (size 0x1000)</content></item><item><creator>kernel</creator><lv>0</lv><type>sys</type><datetime>2017-01-27 13:17:41</datetime><content>pci 0000:00:17.6: BAR 13: can't assign io (size 0x1000)</content></item><item><creator>kernel</creator><lv>0</lv><type>sys</type><datetime>2017-01-27 13:17:41</datetime><content>pci 0000:00:17.7: BAR 13: can't assign io (size 0x1000)</content></item><item><creator>kernel</creator><lv>0</lv><type>sys</type><datetime>2017-01-27 13:17:41</datetime><content>pci 0000:00:18.2: BAR 13: can't assign io (size 0x1000)</content></item><item><creator>kernel</creator><lv>0</lv><type>sys</type><datetime>2017-01-27 13:17:41</datetime><content>pci 0000:00:18.3: BAR 13: can't assign io (size 0x1000)</content></item><item><creator>kernel</creator><lv>0</lv><type>sys</type><datetime>2017-01-27 13:17:41</datetime><content>pci 0000:00:18.4: BAR 13: can't assign io (size 0x1000)</content></item><item><creator>kernel</creator><lv>0</lv><type>sys</type><datetime>2017-01-27 13:17:41</datetime><content>pci 0000:00:18.5: BAR 13: can't assign io (size 0x1000)</content></item><item><creator>kernel</creator><lv>0</lv><type>sys</type><datetime>2017-01-27 13:17:41</datetime><content>pci 0000:00:18.6: BAR 13: can't assign io (size 0x1000)</content></item><item><creator>kernel</creator><lv>0</lv><type>sys</type><datetime>2017-01-27 13:17:41</datetime><content>pci 0000:00:18.7: BAR 13: can't assign io (size 0x1000)</content></item><item><creator>kernel</creator><lv>0</lv><type>sys</type><datetime>2017-01-27 13:17:41</datetime><content>pci 0000:00:18.7: BAR 13: can't assign io (size 0x1000)</content></item><item><creator>kernel</creator><lv>0</lv><type>sys</type><datetime>2017-01-27 13:17:41</datetime><content>pci 0000:00:18.6: BAR 13: can't assign io (size 0x1000)</content></item><item><creator>kernel</creator><lv>0</lv><type>sys</type><datetime>2017-01-27 13:17:41</datetime><content>pci 0000:00:18.5: BAR 13: can't assign io (size 0x1000)</content></item><item><creator>kernel</creator><lv>0</lv><type>sys</type><datetime>2017-01-27 13:17:41</datetime><content>pci 0000:00:18.4: BAR 13: can't assign io (size 0x1000)</content></item><item><creator>kernel</creator><lv>0</lv><type>sys</type><datetime>2017-01-27 13:17:41</datetime><content>pci 0000:00:18.3: BAR 13: can't assign io (size 0x1000)</content></item><item><creator>kernel</creator><lv>0</lv><type>sys</type><datetime>2017-01-27 13:17:41</datetime><content>pci 0000:00:18.2: BAR 13: can't assign io (size 0x1000)</content></item><item><creator>kernel</creator><lv>0</lv><type>sys</type><datetime>2017-01-27 13:17:41</datetime><content>pci 0000:00:17.7: BAR 13: can't assign io (size 0x1000)</content></item><item><creator>kernel</creator><lv>0</lv><type>sys</type><datetime>2017-01-27 13:17:41</datetime><content>pci 0000:00:17.6: BAR 13: can't assign io (size 0x1000)</content></item><item><creator>kernel</creator><lv>0</lv><type>sys</type><datetime>2017-01-27 13:17:41</datetime><content>pci 0000:00:17.5: BAR 13: can't assign io (size 0x1000)</content></item><item><creator>kernel</creator><lv>0</lv><type>sys</type><datetime>2017-01-27 13:17:41</datetime><content>pci 0000:00:17.4: BAR 13: can't assign io (size 0x1000)</content></item><item><creator>kernel</creator><lv>0</lv><type>sys</type><datetime>2017-01-27 13:17:41</datetime><content>pci 0000:00:17.3: BAR 13: can't assign io (size 0x1000)</content></item><item><creator>kernel</creator><lv>0</lv><type>sys</type><datetime>2017-01-27 13:17:41</datetime><content>pci 0000:00:16.7: BAR 13: can't assign io (size 0x1000)</content></item><item><creator>kernel</creator><lv>0</lv><type>sys</type><datetime>2017-01-27 13:17:41</datetime><content>pci 0000:00:16.6: BAR 13: can't assign io (size 0x1000)</content></item><item><creator>kernel</creator><lv>0</lv><type>sys</type><datetime>2017-01-27 13:17:41</datetime><content>pci 0000:00:16.5: BAR 13: can't assign io (size 0x1000)</content></item><item><creator>kernel</creator><lv>0</lv><type>sys</type><datetime>2017-01-27 13:17:41</datetime><content>pci 0000:00:16.4: BAR 13: can't assign io (size 0x1000)</content></item><item><creator>kernel</creator><lv>0</lv><type>sys</type><datetime>2017-01-27 13:17:41</datetime><content>pci 0000:00:16.3: BAR 13: can't assign io (size 0x1000)</content></item><item><creator>kernel</creator><lv>0</lv><type>sys</type><datetime>2017-01-27 13:17:41</datetime><content>pci 0000:00:15.7: BAR 13: can't assign io (size 0x1000)</content></item><item><creator>kernel</creator><lv>0</lv><type>sys</type><datetime>2017-01-27 13:17:41</datetime><content>pci 0000:00:15.6: BAR 13: can't assign io (size 0x1000)</content></item><item><creator>kernel</creator><lv>0</lv><type>sys</type><datetime>2017-01-27 13:17:41</datetime><content>pci 0000:00:15.5: BAR 13: can't assign io (size 0x1000)</content></item><item><creator>kernel</creator><lv>0</lv><type>sys</type><datetime>2017-01-27 13:17:41</datetime><content>pci 0000:00:15.4: BAR 13: can't assign io (size 0x1000)</content></item><item><creator>kernel</creator><lv>0</lv><type>sys</type><datetime>2017-01-27 13:17:41</datetime><content>pci 0000:00:15.3: BAR 13: can't assign io (size 0x1000)</content></item><item><creator>kernel</creator><lv>0</lv><type>sys</type><datetime>2017-01-27 13:17:41</datetime><content>pci 0000:00:01.0: PCI bridge to [bus 01]</content></item><item><creator>kernel</creator><lv>0</lv><type>sys</type><datetime>2017-01-27 13:17:41</datetime><content>pci 0000:02:01.0: BAR 6: assigned [mem 0xfd500000-0xfd50ffff pref]</content></item><item><creator>kernel</creator><lv>0</lv><type>sys</type><datetime>2017-01-27 13:17:41</datetime><content>pci 0000:00:11.0: PCI bridge to [bus 02]</content></item><item><creator>kernel</creator><lv>0</lv><type>sys</type><datetime>2017-01-27 13:17:41</datetime><content>pci 0000:00:11.0:   bridge window [io  0x2000-0x3fff]</content></item><item><creator>kernel</creator><lv>0</lv><type>sys</type><datetime>2017-01-27 13:17:41</datetime><content>pci 0000:00:11.0:   bridge window [mem 0xfd500000-0xfdffffff]</content></item><item><creator>kernel</creator><lv>0</lv><type>sys</type><datetime>2017-01-27 13:17:41</datetime><content>pci 0000:00:11.0:   bridge window [mem 0xe7b00000-0xe7ffffff 64bit pref]</content></item><item><creator>kernel</creator><lv>0</lv><type>sys</type><datetime>2017-01-27 13:17:41</datetime><content>pci 0000:00:15.0: PCI bridge to [bus 03]</content></item><item><creator>kernel</creator><lv>0</lv><type>sys</type><datetime>2017-01-27 13:17:41</datetime><content>pci 0000:00:15.0:   bridge window [io  0x4000-0x4fff]</content></item><item><creator>kernel</creator><lv>0</lv><type>sys</type><datetime>2017-01-27 13:17:41</datetime><content>pci 0000:00:15.0:   bridge window [mem 0xfd400000-0xfd4fffff]</content></item><item><creator>kernel</creator><lv>0</lv><type>sys</type><datetime>2017-01-27 13:17:41</datetime><content>pci 0000:00:15.0:   bridge window [mem 0xe7a00000-0xe7afffff 64bit pref]</content></item><item><creator>kernel</creator><lv>0</lv><type>sys</type><datetime>2017-01-27 13:17:41</datetime><content>pci 0000:00:15.1: PCI bridge to [bus 04]</content></item><item><creator>kernel</creator><lv>0</lv><type>sys</type><datetime>2017-01-27 13:17:41</datetime><content>pci 0000:00:15.1:   bridge window [io  0x8000-0x8fff]</content></item><item><creator>kernel</creator><lv>0</lv><type>sys</type><datetime>2017-01-27 13:17:41</datetime><content>pci 0000:00:15.1:   bridge window [mem 0xfd000000-0xfd0fffff]</content></item><item><creator>kernel</creator><lv>0</lv><type>sys</type><datetime>2017-01-27 13:17:41</datetime><content>pci 0000:00:15.1:   bridge window [mem 0xe7600000-0xe76fffff 64bit pref]</content></item><item><creator>kernel</creator><lv>0</lv><type>sys</type><datetime>2017-01-27 13:17:41</datetime><content>pci 0000:00:15.2: PCI bridge to [bus 05]</content></item><item><creator>kernel</creator><lv>0</lv><type>sys</type><datetime>2017-01-27 13:17:41</datetime><content>pci 0000:00:15.2:   bridge window [io  0xc000-0xcfff]</content></item><item><creator>kernel</creator><lv>0</lv><type>sys</type><datetime>2017-01-27 13:17:41</datetime><content>pci 0000:00:15.2:   bridge window [mem 0xfcc00000-0xfccfffff]</content></item><item><creator>kernel</creator><lv>0</lv><type>sys</type><datetime>2017-01-27 13:17:41</datetime><content>pci 0000:00:15.2:   bridge window [mem 0xe7200000-0xe72fffff 64bit pref]</content></item><item><creator>kernel</creator><lv>0</lv><type>sys</type><datetime>2017-01-27 13:17:41</datetime><content>pci 0000:00:15.3: PCI bridge to [bus 06]</content></item><item><creator>kernel</creator><lv>0</lv><type>sys</type><datetime>2017-01-27 13:17:41</datetime><content>pci 0000:00:15.3:   bridge window [mem 0xfc800000-0xfc8fffff]</content></item><item><creator>kernel</creator><lv>0</lv><type>sys</type><datetime>2017-01-27 13:17:41</datetime><content>pci 0000:00:15.3:   bridge window [mem 0xe6e00000-0xe6efffff 64bit pref]</content></item><item><creator>kernel</creator><lv>0</lv><type>sys</type><datetime>2017-01-27 13:17:41</datetime><content>pci 0000:00:15.4: PCI bridge to [bus 07]</content></item><item><creator>kernel</creator><lv>0</lv><type>sys</type><datetime>2017-01-27 13:17:41</datetime><content>pci 0000:00:15.4:   bridge window [mem 0xfc400000-0xfc4fffff]</content></item><item><creator>kernel</creator><lv>0</lv><type>sys</type><datetime>2017-01-27 13:17:41</datetime><content>pci 0000:00:15.4:   bridge window [mem 0xe6a00000-0xe6afffff 64bit pref]</content></item><item><creator>kernel</creator><lv>0</lv><type>sys</type><datetime>2017-01-27 13:17:41</datetime><content>pci 0000:00:15.5: PCI bridge to [bus 08]</content></item><item><creator>kernel</creator><lv>0</lv><type>sys</type><datetime>2017-01-27 13:17:41</datetime><content>pci 0000:00:15.5:   bridge window [mem 0xfc000000-0xfc0fffff]</content></item><item><creator>kernel</creator><lv>0</lv><type>sys</type><datetime>2017-01-27 13:17:41</datetime><content>pci 0000:00:15.5:   bridge window [mem 0xe6600000-0xe66fffff 64bit pref]</content></item><item><creator>kernel</creator><lv>0</lv><type>sys</type><datetime>2017-01-27 13:17:41</datetime><content>pci 0000:00:15.6: PCI bridge to [bus 09]</content></item><item><creator>kernel</creator><lv>0</lv><type>sys</type><datetime>2017-01-27 13:17:41</datetime><content>pci 0000:00:15.6:   bridge window [mem 0xfbc00000-0xfbcfffff]</content></item><item><creator>kernel</creator><lv>0</lv><type>sys</type><datetime>2017-01-27 13:17:41</datetime><content>pci 0000:00:15.6:   bridge window [mem 0xe6200000-0xe62fffff 64bit pref]</content></item><item><creator>kernel</creator><lv>0</lv><type>sys</type><datetime>2017-01-27 13:17:41</datetime><content>pci 0000:00:15.7: PCI bridge to [bus 0a]</content></item><item><creator>kernel</creator><lv>0</lv><type>sys</type><datetime>2017-01-27 13:17:41</datetime><content>pci 0000:00:15.7:   bridge window [mem 0xfb800000-0xfb8fffff]</content></item><item><creator>kernel</creator><lv>0</lv><type>sys</type><datetime>2017-01-27 13:17:41</datetime><content>pci 0000:00:15.7:   bridge window [mem 0xe5e00000-0xe5efffff 64bit pref]</content></item><item><creator>kernel</creator><lv>0</lv><type>sys</type><datetime>2017-01-27 13:17:41</datetime><content>pci 0000:00:16.0: PCI bridge to [bus 0b]</content></item><item><creator>kernel</creator><lv>0</lv><type>sys</type><datetime>2017-01-27 13:17:41</datetime><content>pci 0000:00:16.0:   bridge window [io  0x5000-0x5fff]</content></item><item><creator>kernel</creator><lv>0</lv><type>sys</type><datetime>2017-01-27 13:17:41</datetime><content>pci 0000:00:16.0:   bridge window [mem 0xfd300000-0xfd3fffff]</content></item><item><creator>kernel</creator><lv>0</lv><type>sys</type><datetime>2017-01-27 13:17:41</datetime><content>pci 0000:00:16.0:   bridge window [mem 0xe7900000-0xe79fffff 64bit pref]</content></item><item><creator>kernel</creator><lv>0</lv><type>sys</type><datetime>2017-01-27 13:17:41</datetime><content>pci 0000:00:16.1: PCI bridge to [bus 0c]</content></item><item><creator>kernel</creator><lv>0</lv><type>sys</type><datetime>2017-01-27 13:17:41</datetime><content>pci 0000:00:16.1:   bridge window [io  0x9000-0x9fff]</content></item><item><creator>kernel</creator><lv>0</lv><type>sys</type><datetime>2017-01-27 13:17:41</datetime><content>pci 0000:00:16.1:   bridge window [mem 0xfcf00000-0xfcffffff]</content></item><item><creator>kernel</creator><lv>0</lv><type>sys</type><datetime>2017-01-27 13:17:41</datetime><content>pci 0000:00:16.1:   bridge window [mem 0xe7500000-0xe75fffff 64bit pref]</content></item><item><creator>kernel</creator><lv>0</lv><type>sys</type><datetime>2017-01-27 13:17:41</datetime><content>pci 0000:00:16.2: PCI bridge to [bus 0d]</content></item><item><creator>kernel</creator><lv>0</lv><type>sys</type><datetime>2017-01-27 13:17:41</datetime><content>pci 0000:00:16.2:   bridge window [io  0xd000-0xdfff]</content></item><item><creator>kernel</creator><lv>0</lv><type>sys</type><datetime>2017-01-27 13:17:41</datetime><content>pci 0000:00:16.2:   bridge window [mem 0xfcb00000-0xfcbfffff]</content></item><item><creator>kernel</creator><lv>0</lv><type>sys</type><datetime>2017-01-27 13:17:41</datetime><content>pci 0000:00:16.2:   bridge window [mem 0xe7100000-0xe71fffff 64bit pref]</content></item><item><creator>kernel</creator><lv>0</lv><type>sys</type><datetime>2017-01-27 13:17:41</datetime><content>pci 0000:00:16.3: PCI bridge to [bus 0e]</content></item><item><creator>kernel</creator><lv>0</lv><type>sys</type><datetime>2017-01-27 13:17:41</datetime><content>pci 0000:00:16.3:   bridge window [mem 0xfc700000-0xfc7fffff]</content></item><item><creator>kernel</creator><lv>0</lv><type>sys</type><datetime>2017-01-27 13:17:41</datetime><content>pci 0000:00:16.3:   bridge window [mem 0xe6d00000-0xe6dfffff 64bit pref]</content></item><item><creator>kernel</creator><lv>0</lv><type>sys</type><datetime>2017-01-27 13:17:41</datetime><content>pci 0000:00:16.4: PCI bridge to [bus 0f]</content></item><item><creator>kernel</creator><lv>0</lv><type>sys</type><datetime>2017-01-27 13:17:41</datetime><content>pci 0000:00:16.4:   bridge window [mem 0xfc300000-0xfc3fffff]</content></item><item><creator>kernel</creator><lv>0</lv><type>sys</type><datetime>2017-01-27 13:17:41</datetime><content>pci 0000:00:16.4:   bridge window [mem 0xe6900000-0xe69fffff 64bit pref]</content></item><item><creator>kernel</creator><lv>0</lv><type>sys</type><datetime>2017-01-27 13:17:41</datetime><content>pci 0000:00:16.5: PCI bridge to [bus 10]</content></item><item><creator>kernel</creator><lv>0</lv><type>sys</type><datetime>2017-01-27 13:17:41</datetime><content>pci 0000:00:16.5:   bridge window [mem 0xfbf00000-0xfbffffff]</content></item><item><creator>kernel</creator><lv>0</lv><type>sys</type><datetime>2017-01-27 13:17:41</datetime><content>pci 0000:00:16.5:   bridge window [mem 0xe6500000-0xe65fffff 64bit pref]</content></item><item><creator>kernel</creator><lv>0</lv><type>sys</type><datetime>2017-01-27 13:17:41</datetime><content>pci 0000:00:16.6: PCI bridge to [bus 11]</content></item><item><creator>kernel</creator><lv>0</lv><type>sys</type><datetime>2017-01-27 13:17:41</datetime><content>pci 0000:00:16.6:   bridge window [mem 0xfbb00000-0xfbbfffff]</content></item><item><creator>kernel</creator><lv>0</lv><type>sys</type><datetime>2017-01-27 13:17:41</datetime><content>pci 0000:00:16.6:   bridge window [mem 0xe6100000-0xe61fffff 64bit pref]</content></item><item><creator>kernel</creator><lv>0</lv><type>sys</type><datetime>2017-01-27 13:17:41</datetime><content>pci 0000:00:16.7: PCI bridge to [bus 12]</content></item><item><creator>kernel</creator><lv>0</lv><type>sys</type><datetime>2017-01-27 13:17:41</datetime><content>pci 0000:00:16.7:   bridge window [mem 0xfb700000-0xfb7fffff]</content></item><item><creator>kernel</creator><lv>0</lv><type>sys</type><datetime>2017-01-27 13:17:41</datetime><content>pci 0000:00:16.7:   bridge window [mem 0xe5d00000-0xe5dfffff 64bit pref]</content></item><item><creator>kernel</creator><lv>0</lv><type>sys</type><datetime>2017-01-27 13:17:41</datetime><content>pci 0000:00:17.0: PCI bridge to [bus 13]</content></item><item><creator>kernel</creator><lv>0</lv><type>sys</type><datetime>2017-01-27 13:17:41</datetime><content>pci 0000:00:17.0:   bridge window [io  0x6000-0x6fff]</content></item><item><creator>kernel</creator><lv>0</lv><type>sys</type><datetime>2017-01-27 13:17:41</datetime><content>pci 0000:00:17.0:   bridge window [mem 0xfd200000-0xfd2fffff]</content></item><item><creator>kernel</creator><lv>0</lv><type>sys</type><datetime>2017-01-27 13:17:41</datetime><content>pci 0000:00:17.0:   bridge window [mem 0xe7800000-0xe78fffff 64bit pref]</content></item><item><creator>kernel</creator><lv>0</lv><type>sys</type><datetime>2017-01-27 13:17:41</datetime><content>pci 0000:00:17.1: PCI bridge to [bus 14]</content></item><item><creator>kernel</creator><lv>0</lv><type>sys</type><datetime>2017-01-27 13:17:41</datetime><content>pci 0000:00:17.1:   bridge window [io  0xa000-0xafff]</content></item><item><creator>kernel</creator><lv>0</lv><type>sys</type><datetime>2017-01-27 13:17:41</datetime><content>pci 0000:00:17.1:   bridge window [mem 0xfce00000-0xfcefffff]</content></item><item><creator>kernel</creator><lv>0</lv><type>sys</type><datetime>2017-01-27 13:17:41</datetime><content>pci 0000:00:17.1:   bridge window [mem 0xe7400000-0xe74fffff 64bit pref]</content></item><item><creator>kernel</creator><lv>0</lv><type>sys</type><datetime>2017-01-27 13:17:41</datetime><content>pci 0000:00:17.2: PCI bridge to [bus 15]</content></item><item><creator>kernel</creator><lv>0</lv><type>sys</type><datetime>2017-01-27 13:17:41</datetime><content>pci 0000:00:17.2:   bridge window [io  0xe000-0xefff]</content></item><item><creator>kernel</creator><lv>0</lv><type>sys</type><datetime>2017-01-27 13:17:41</datetime><content>pci 0000:00:17.2:   bridge window [mem 0xfca00000-0xfcafffff]</content></item><item><creator>kernel</creator><lv>0</lv><type>sys</type><datetime>2017-01-27 13:17:41</datetime><content>pci 0000:00:17.2:   bridge window [mem 0xe7000000-0xe70fffff 64bit pref]</content></item><item><creator>kernel</creator><lv>0</lv><type>sys</type><datetime>2017-01-27 13:17:41</datetime><content>pci 0000:00:17.3: PCI bridge to [bus 16]</content></item><item><creator>kernel</creator><lv>0</lv><type>sys</type><datetime>2017-01-27 13:17:41</datetime><content>pci 0000:00:17.3:   bridge window [mem 0xfc600000-0xfc6fffff]</content></item><item><creator>kernel</creator><lv>0</lv><type>sys</type><datetime>2017-01-27 13:17:41</datetime><content>pci 0000:00:17.3:   bridge window [mem 0xe6c00000-0xe6cfffff 64bit pref]</content></item><item><creator>kernel</creator><lv>0</lv><type>sys</type><datetime>2017-01-27 13:17:41</datetime><content>pci 0000:00:17.4: PCI bridge to [bus 17]</content></item><item><creator>kernel</creator><lv>0</lv><type>sys</type><datetime>2017-01-27 13:17:41</datetime><content>pci 0000:00:17.4:   bridge window [mem 0xfc200000-0xfc2fffff]</content></item><item><creator>kernel</creator><lv>0</lv><type>sys</type><datetime>2017-01-27 13:17:41</datetime><content>pci 0000:00:17.4:   bridge window [mem 0xe6800000-0xe68fffff 64bit pref]</content></item><item><creator>kernel</creator><lv>0</lv><type>sys</type><datetime>2017-01-27 13:17:41</datetime><content>pci 0000:00:17.5: PCI bridge to [bus 18]</content></item><item><creator>kernel</creator><lv>0</lv><type>sys</type><datetime>2017-01-27 13:17:41</datetime><content>pci 0000:00:17.5:   bridge window [mem 0xfbe00000-0xfbefffff]</content></item><item><creator>kernel</creator><lv>0</lv><type>sys</type><datetime>2017-01-27 13:17:41</datetime><content>pci 0000:00:17.5:   bridge window [mem 0xe6400000-0xe64fffff 64bit pref]</content></item><item><creator>kernel</creator><lv>0</lv><type>sys</type><datetime>2017-01-27 13:17:41</datetime><content>pci 0000:00:17.6: PCI bridge to [bus 19]</content></item><item><creator>kernel</creator><lv>0</lv><type>sys</type><datetime>2017-01-27 13:17:41</datetime><content>pci 0000:00:17.6:   bridge window [mem 0xfba00000-0xfbafffff]</content></item><item><creator>kernel</creator><lv>0</lv><type>sys</type><datetime>2017-01-27 13:17:41</datetime><content>pci 0000:00:17.6:   bridge window [mem 0xe6000000-0xe60fffff 64bit pref]</content></item><item><creator>kernel</creator><lv>0</lv><type>sys</type><datetime>2017-01-27 13:17:41</datetime><content>pci 0000:00:17.7: PCI bridge to [bus 1a]</content></item><item><creator>kernel</creator><lv>0</lv><type>sys</type><datetime>2017-01-27 13:17:41</datetime><content>pci 0000:00:17.7:   bridge window [mem 0xfb600000-0xfb6fffff]</content></item><item><creator>kernel</creator><lv>0</lv><type>sys</type><datetime>2017-01-27 13:17:41</datetime><content>pci 0000:00:17.7:   bridge window [mem 0xe5c00000-0xe5cfffff 64bit pref]</content></item><item><creator>kernel</creator><lv>0</lv><type>sys</type><datetime>2017-01-27 13:17:41</datetime><content>pci 0000:00:18.0: PCI bridge to [bus 1b]</content></item><item><creator>kernel</creator><lv>0</lv><type>sys</type><datetime>2017-01-27 13:17:41</datetime><content>pci 0000:00:18.0:   bridge window [io  0x7000-0x7fff]</content></item><item><creator>kernel</creator><lv>0</lv><type>sys</type><datetime>2017-01-27 13:17:41</datetime><content>pci 0000:00:18.0:   bridge window [mem 0xfd100000-0xfd1fffff]</content></item><item><creator>kernel</creator><lv>0</lv><type>sys</type><datetime>2017-01-27 13:17:41</datetime><content>pci 0000:00:18.0:   bridge window [mem 0xe7700000-0xe77fffff 64bit pref]</content></item><item><creator>kernel</creator><lv>0</lv><type>sys</type><datetime>2017-01-27 13:17:41</datetime><content>pci 0000:00:18.1: PCI bridge to [bus 1c]</content></item><item><creator>kernel</creator><lv>0</lv><type>sys</type><datetime>2017-01-27 13:17:41</datetime><content>pci 0000:00:18.1:   bridge window [io  0xb000-0xbfff]</content></item><item><creator>kernel</creator><lv>0</lv><type>sys</type><datetime>2017-01-27 13:17:41</datetime><content>pci 0000:00:18.1:   bridge window [mem 0xfcd00000-0xfcdfffff]</content></item><item><creator>kernel</creator><lv>0</lv><type>sys</type><datetime>2017-01-27 13:17:41</datetime><content>pci 0000:00:18.1:   bridge window [mem 0xe7300000-0xe73fffff 64bit pref]</content></item><item><creator>kernel</creator><lv>0</lv><type>sys</type><datetime>2017-01-27 13:17:41</datetime><content>pci 0000:00:18.2: PCI bridge to [bus 1d]</content></item><item><creator>kernel</creator><lv>0</lv><type>sys</type><datetime>2017-01-27 13:17:41</datetime><content>pci 0000:00:18.2:   bridge window [mem 0xfc900000-0xfc9fffff]</content></item><item><creator>kernel</creator><lv>0</lv><type>sys</type><datetime>2017-01-27 13:17:41</datetime><content>pci 0000:00:18.2:   bridge window [mem 0xe6f00000-0xe6ffffff 64bit pref]</content></item><item><creator>kernel</creator><lv>0</lv><type>sys</type><datetime>2017-01-27 13:17:41</datetime><content>pci 0000:00:18.3: PCI bridge to [bus 1e]</content></item><item><creator>kernel</creator><lv>0</lv><type>sys</type><datetime>2017-01-27 13:17:41</datetime><content>pci 0000:00:18.3:   bridge window [mem 0xfc500000-0xfc5fffff]</content></item><item><creator>kernel</creator><lv>0</lv><type>sys</type><datetime>2017-01-27 13:17:41</datetime><content>pci 0000:00:18.3:   bridge window [mem 0xe6b00000-0xe6bfffff 64bit pref]</content></item><item><creator>kernel</creator><lv>0</lv><type>sys</type><datetime>2017-01-27 13:17:41</datetime><content>pci 0000:00:18.4: PCI bridge to [bus 1f]</content></item><item><creator>kernel</creator><lv>0</lv><type>sys</type><datetime>2017-01-27 13:17:41</datetime><content>pci 0000:00:18.4:   bridge window [mem 0xfc100000-0xfc1fffff]</content></item><item><creator>kernel</creator><lv>0</lv><type>sys</type><datetime>2017-01-27 13:17:41</datetime><content>pci 0000:00:18.4:   bridge window [mem 0xe6700000-0xe67fffff 64bit pref]</content></item><item><creator>kernel</creator><lv>0</lv><type>sys</type><datetime>2017-01-27 13:17:41</datetime><content>pci 0000:00:18.5: PCI bridge to [bus 20]</content></item><item><creator>kernel</creator><lv>0</lv><type>sys</type><datetime>2017-01-27 13:17:41</datetime><content>pci 0000:00:18.5:   bridge window [mem 0xfbd00000-0xfbdfffff]</content></item><item><creator>kernel</creator><lv>0</lv><type>sys</type><datetime>2017-01-27 13:17:41</datetime><content>pci 0000:00:18.5:   bridge window [mem 0xe6300000-0xe63fffff 64bit pref]</content></item><item><creator>kernel</creator><lv>0</lv><type>sys</type><datetime>2017-01-27 13:17:41</datetime><content>pci 0000:00:18.6: PCI bridge to [bus 21]</content></item><item><creator>kernel</creator><lv>0</lv><type>sys</type><datetime>2017-01-27 13:17:41</datetime><content>pci 0000:00:18.6:   bridge window [mem 0xfb900000-0xfb9fffff]</content></item><item><creator>kernel</creator><lv>0</lv><type>sys</type><datetime>2017-01-27 13:17:41</datetime><content>pci 0000:00:18.6:   bridge window [mem 0xe5f00000-0xe5ffffff 64bit pref]</content></item><item><creator>kernel</creator><lv>0</lv><type>sys</type><datetime>2017-01-27 13:17:41</datetime><content>pci 0000:00:18.7: PCI bridge to [bus 22]</content></item><item><creator>kernel</creator><lv>0</lv><type>sys</type><datetime>2017-01-27 13:17:41</datetime><content>pci 0000:00:18.7:   bridge window [mem 0xfb500000-0xfb5fffff]</content></item><item><creator>kernel</creator><lv>0</lv><type>sys</type><datetime>2017-01-27 13:17:41</datetime><content>pci 0000:00:18.7:   bridge window [mem 0xe5b00000-0xe5bfffff 64bit pref]</content></item><item><creator>kernel</creator><lv>0</lv><type>sys</type><datetime>2017-01-27 13:17:41</datetime><content>NET: Registered protocol family 2</content></item><item><creator>kernel</creator><lv>0</lv><type>sys</type><datetime>2017-01-27 13:17:41</datetime><content>TCP established hash table entries: 16384 (order: 5, 131072 bytes)</content></item><item><creator>kernel</creator><lv>0</lv><type>sys</type><datetime>2017-01-27 13:17:41</datetime><content>TCP bind hash table entries: 16384 (order: 6, 262144 bytes)</content></item><item><creator>kernel</creator><lv>0</lv><type>sys</type><datetime>2017-01-27 13:17:41</datetime><content>TCP: Hash tables configured (established 16384 bind 16384)</content></item><item><creator>kernel</creator><lv>0</lv><type>sys</type><datetime>2017-01-27 13:17:41</datetime><content>TCP: reno registered</content></item><item><creator>kernel</creator><lv>0</lv><type>sys</type><datetime>2017-01-27 13:17:41</datetime><content>UDP hash table entries: 1024 (order: 3, 32768 bytes)</content></item><item><creator>kernel</creator><lv>0</lv><type>sys</type><datetime>2017-01-27 13:17:41</datetime><content>UDP-Lite hash table entries: 1024 (order: 3, 32768 bytes)</content></item><item><creator>kernel</creator><lv>0</lv><type>sys</type><datetime>2017-01-27 13:17:41</datetime><content>NET: Registered protocol family 1</content></item><item><creator>kernel</creator><lv>0</lv><type>sys</type><datetime>2017-01-27 13:17:41</datetime><content>pci 0000:00:00.0: Limiting direct PCI/PCI transfers</content></item><item><creator>kernel</creator><lv>0</lv><type>sys</type><datetime>2017-01-27 13:17:41</datetime><content>Unpacking initramfs...</content></item><item><creator>kernel</creator><lv>0</lv><type>sys</type><datetime>2017-01-27 13:17:41</datetime><content>Freeing initrd memory: 14348K (ffff8800363ea000 - ffff8800371ed000)</content></item><item><creator>kernel</creator><lv>0</lv><type>sys</type><datetime>2017-01-27 13:17:41</datetime><content>Simple Boot Flag at 0x36 set to 0x80</content></item><item><creator>kernel</creator><lv>0</lv><type>sys</type><datetime>2017-01-27 13:17:41</datetime><content>Switched to clocksource tsc</content></item><item><creator>kernel</creator><lv>0</lv><type>sys</type><datetime>2017-01-27 13:17:41</datetime><content>RAPL PMU detected, hw unit 2^-0 Joules, API unit is 2^-32 Joules, 3 fixed counters 10737418240 ms ovfl timer</content></item><item><creator>kernel</creator><lv>0</lv><type>sys</type><datetime>2017-01-27 13:17:41</datetime><content>microcode: CPU0 sig=0x306a9, pf=0x1, revision=0x1b</content></item><item><creator>kernel</creator><lv>0</lv><type>sys</type><datetime>2017-01-27 13:17:41</datetime><content>microcode: Microcode Update Driver: v2.00 &lt;tigran@aivazian.fsnet.co.uk&gt;, Peter Oruba</content></item><item><creator>kernel</creator><lv>0</lv><type>sys</type><datetime>2017-01-27 13:17:41</datetime><content>futex hash table entries: 256 (order: 2, 16384 bytes)</content></item><item><creator>kernel</creator><lv>0</lv><type>sys</type><datetime>2017-01-27 13:17:41</datetime><content>audit: initializing netlink subsys (disabled)</content></item><item><creator>kernel</creator><lv>0</lv><type>sys</type><datetime>2017-01-27 13:17:41</datetime><content>audit: type=2000 audit(1485494243.619:1): initialized</content></item><item><creator>kernel</creator><lv>0</lv><type>sys</type><datetime>2017-01-27 13:17:41</datetime><content>HugeTLB registered 2 MB page size, pre-allocated 0 pages</content></item><item><creator>kernel</creator><lv>0</lv><type>sys</type><datetime>2017-01-27 13:17:41</datetime><content>zbud: loaded</content></item><item><creator>kernel</creator><lv>0</lv><type>sys</type><datetime>2017-01-27 13:17:41</datetime><content>VFS: Disk quotas dquot_6.5.2</content></item><item><creator>kernel</creator><lv>0</lv><type>sys</type><datetime>2017-01-27 13:17:41</datetime><content>Dquot-cache hash table entries: 512 (order 0, 4096 bytes)</content></item><item><creator>kernel</creator><lv>0</lv><type>sys</type><datetime>2017-01-27 13:17:41</datetime><content>msgmni has been set to 4016</content></item><item><creator>kernel</creator><lv>0</lv><type>sys</type><datetime>2017-01-27 13:17:41</datetime><content>alg: No test for stdrng (krng)</content></item><item><creator>kernel</creator><lv>0</lv><type>sys</type><datetime>2017-01-27 13:17:41</datetime><content>Block layer SCSI generic (bsg) driver version 0.4 loaded (major 252)</content></item><item><creator>kernel</creator><lv>0</lv><type>sys</type><datetime>2017-01-27 13:17:41</datetime><content>io scheduler noop registered</content></item><item><creator>kernel</creator><lv>0</lv><type>sys</type><datetime>2017-01-27 13:17:41</datetime><content>io scheduler deadline registered</content></item><item><creator>kernel</creator><lv>0</lv><type>sys</type><datetime>2017-01-27 13:17:41</datetime><content>io scheduler cfq registered (default)</content></item><item><creator>kernel</creator><lv>0</lv><type>sys</type><datetime>2017-01-27 13:17:41</datetime><content>pcieport 0000:00:15.0: Signaling PME through PCIe PME interrupt</content></item><item><creator>kernel</creator><lv>0</lv><type>sys</type><datetime>2017-01-27 13:17:41</datetime><content>pcieport 0000:00:15.1: Signaling PME through PCIe PME interrupt</content></item><item><creator>kernel</creator><lv>0</lv><type>sys</type><datetime>2017-01-27 13:17:41</datetime><content>pcieport 0000:00:15.2: Signaling PME through PCIe PME interrupt</content></item><item><creator>kernel</creator><lv>0</lv><type>sys</type><datetime>2017-01-27 13:17:41</datetime><content>pcieport 0000:00:15.3: Signaling PME through PCIe PME interrupt</content></item><item><creator>kernel</creator><lv>0</lv><type>sys</type><datetime>2017-01-27 13:17:41</datetime><content>pcieport 0000:00:15.4: Signaling PME thro